09-07 14:08:16.700 I/ViewRootImpl@5bbe4b0[LauncherActivity]( 2706):   fl=81910100
09-07 14:08:16.700 I/ViewRootImpl@5bbe4b0[LauncherActivity]( 2706):   pfl=1e020040
09-07 14:08:16.700 I/ViewRootImpl@5bbe4b0[LauncherActivity]( 2706):   vsysui=1700
09-07 14:08:16.700 I/ViewRootImpl@5bbe4b0[LauncherActivity]( 2706):   bhv=SHOW_TRANSIENT_BARS_BY_SWIPE
09-07 14:08:16.700 I/ViewRootImpl@5bbe4b0[LauncherActivity]( 2706):   fitSides= screenDimDuration=100000 naviIconColor=0}
09-07 14:08:16.700 I/Layer   ( 1073): id=5671 Destroyed 7d266f6 ActivityRecordInputSink com.multispace.app.multispace_cloner/.MainActivity#5671
09-07 14:08:16.700 V/APM_AudioPolicyManager( 1030): setAppState(portId:1725, state:2)
09-07 14:08:16.700 I/CameraService( 1299): onUidStateChanged: uid=10041, procState is changed. (1 -> 0)
09-07 14:08:16.700 D/OpenGLRenderer( 2289): setSurface called with nullptr
09-07 14:08:16.700 D/OpenGLRenderer( 2289): setSurface() destroyed EGLSurface
09-07 14:08:16.700 D/OpenGLRenderer( 2289): destroyEglSurface
09-07 14:08:16.702 I/ViewRootImpl@9969fff[multispace_cloner]( 2289): performTraversals params={(0,0)(fillxfill) sim={adjust=pan} ty=APPLICATION_STARTING fmt=TRANSLUCENT wanim=0x1030001 alpha=0.0
09-07 14:08:16.702 I/ViewRootImpl@9969fff[multispace_cloner]( 2289):   fl=81030118
09-07 14:08:16.702 I/ViewRootImpl@9969fff[multispace_cloner]( 2289):   pfl=16000010
09-07 14:08:16.702 I/ViewRootImpl@9969fff[multispace_cloner]( 2289):   bhv=DEFAULT
09-07 14:08:16.702 I/ViewRootImpl@9969fff[multispace_cloner]( 2289):   fitSides= naviIconColor=0}
09-07 14:08:16.702 D/InputDispatcher( 1191): Focus entered window (0): 9baf928 com.sec.android.app.launcher/com.sec.android.app.launcher.activities.LauncherActivity
09-07 14:08:16.702 I/ViewRootImpl@9969fff[multispace_cloner]( 2289): performTraversals mFirst=false windowShouldResize=false viewVisibilityChanged=true mForceNextWindowRelayout=false params={(0,0)(fillxfill) sim={adjust=pan} ty=APPLICATION_STARTING fmt=TRANSLUCENT wanim=0x1030001 alpha=0.0
09-07 14:08:16.702 I/ViewRootImpl@9969fff[multispace_cloner]( 2289):   fl=81030118
09-07 14:08:16.702 I/ViewRootImpl@9969fff[multispace_cloner]( 2289):   pfl=16000010
09-07 14:08:16.702 I/ViewRootImpl@9969fff[multispace_cloner]( 2289):   bhv=DEFAULT
09-07 14:08:16.702 I/ViewRootImpl@9969fff[multispace_cloner]( 2289):   fitSides= naviIconColor=0}
09-07 14:08:16.703 V/WindowManager( 1191): Relayout Window{9baf928 u0 com.sec.android.app.launcher/com.sec.android.app.launcher.activities.LauncherActivity}: viewVisibility=0 req=1080x2400 d0
09-07 14:08:16.705 V/WindowManager( 1191): Relayout hash=9baf928, pid=2706, syncId=-1: mAttrs={(0,0)(fillxfill) sim={adjust=nothing forwardNavigation} layoutInDisplayCutoutMode=shortEdges ty=BASE_APPLICATION fmt=TRANSPARENT wanim=0x10302f4
09-07 14:08:16.705 V/WindowManager( 1191):   fl=81910100
09-07 14:08:16.705 V/WindowManager( 1191):   pfl=1e020040
09-07 14:08:16.705 V/WindowManager( 1191):   vsysui=1700
09-07 14:08:16.705 V/WindowManager( 1191):   bhv=SHOW_TRANSIENT_BARS_BY_SWIPE
09-07 14:08:16.705 V/WindowManager( 1191):   fitSides= screenDimDuration=100000 naviIconColor=0}
09-07 14:08:16.705 W/WindowManager( 1191): Failed looking up window session=Session{47c9160 2289:u0a10041} callers=com.android.server.wm.WindowManagerService.windowForClientLocked:6611 com.android.server.wm.WindowManagerService.relayoutWindow:2508 com.android.server.wm.Session.relayout:274 
09-07 14:08:16.705 D/InsetsController( 2706): onStateChanged: InsetsState: {mDisplayFrame=Rect(0, 0 - 1080, 2400), mDisplayCutout=DisplayCutout{insets=Rect(0, 91 - 0, 0) waterfall=Insets{left=0, top=0, right=0, bottom=0} boundingRect={Bounds=[Rect(0, 0 - 0, 0), Rect(503, 0 - 577, 91), Rect(0, 0 - 0, 0), Rect(0, 0 - 0, 0)]} cutoutPathParserInfo={CutoutPathParserInfo{displayWidth=1080 displayHeight=2400 physicalDisplayWidth=1080 physicalDisplayHeight=2400 density={2.625} cutoutSpec={M 0,0 H -14.0952380952381 V 34.66666666666667 H 14.0952380952381 V 0 H 0 Z @dp} rotation={0} scale={1.0} physicalPixelDisplaySizeRatio={1.0}}}}, mRoundedCorners=RoundedCorners{[RoundedCorner{position=TopLeft, radius=84, center=Point(84, 84)}, RoundedCorner{position=TopRight, radius=84, center=Point(996, 84)}, RoundedCorner{position=BottomRight, radius=84, center=Point(996, 2316)}, RoundedCorner{position=BottomLeft, radius=84, center=Point(84, 2316)}]}  mRoundedCornerFrame=Rect(0, 0 - 1080, 2400), mPrivacyIndicatorBounds=PrivacyIndicatorBounds {static bounds=Rect(964, 0 - 1080, 91) rotation=0}, mSources= { InsetsSource: {mType=ITYPE_STATUS_BAR, mFrame=[0,0][1080,91], mVisible=true, mInsetsRoundedCornerFrame=false}, InsetsSource: {mType=ITYPE_NAVIGATION_BAR, mFrame=[0,2274][1080,2400], mVisible=true, mInsetsRoundedCornerFrame=false}, InsetsSource: {mType=ITYPE_LEFT_GESTURES, mFrame=[0,0][0,2400], mVisible=true, mInsetsRoundedCornerFrame=false}, InsetsSource: {mType=ITYPE_RIGHT_GESTURES, mFrame=[1080,0][1080,2400], mVisible=true, mInsetsRoundedCornerFrame=false}, InsetsSource: {mType=ITYPE_TOP_MANDATORY_GESTURES, mFrame=[0,0][1080,123], mVisible=true, mInsetsRoundedCornerFrame=false}, InsetsSource: {mType=ITYPE_BOTTOM_MANDATORY_GESTURES, mFrame=[0,2274][1080,2400], mVisible=true, mInsetsRoundedCornerFrame=false}, InsetsSource: {mType=ITYPE_LEFT_DISPLAY_CUTOUT, mFrame=[0,0][-100000,2400], mVisible=true, mInsetsRoundedCornerFrame=false}, InsetsSource: {mType=ITYPE_TOP_DISPLAY_CUTOUT, mFrame=[0,0][1080,91], mVisible=true, mInsetsRoundedCornerFrame=false}, InsetsSource: {mType=ITYPE_RIGHT_DISPLAY_CUTOUT, mFrame=[100000,0][1080,2400], mVisible=true, mInsetsRoundedCornerFrame=false}, InsetsSource: {mType=ITYPE_BOTTOM_DISPLAY_CUTOUT, mFrame=[0,100000][1080,2400], mVisible=true, mInsetsRoundedCornerFrame=false}, InsetsSource: {mType=ITYPE_TOP_TAPPABLE_ELEMENT, mFrame=[0,0][1080,91], mVisible=true, mInsetsRoundedCornerFrame=false}, InsetsSource: {mType=ITYPE_BOTTOM_TAPPABLE_ELEMENT, mFrame=[0,2274][1080,2400], mVisible=true, mInsetsRoundedCornerFrame=false}, InsetsSource: {mType=ITYPE_IME, mFrame=[0,0][0,0], mVisibleFrame=[0,1409][1080,2400], mVisible=false, mInsetsRoundedCornerFrame=false} } host=com.sec.android.app.launcher/com.sec.android.app.launcher.activities.LauncherActivity from=android.view.ViewRootImpl.relayoutWindow:9802
09-07 14:08:16.706 D/InsetsController( 2289): onStateChanged: InsetsState: {mDisplayFrame=Rect(0, 0 - 0, 0), mDisplayCutout=DisplayCutout{insets=Rect(0, 0 - 0, 0) waterfall=Insets{left=0, top=0, right=0, bottom=0} boundingRect={Bounds=[Rect(0, 0 - 0, 0), Rect(0, 0 - 0, 0), Rect(0, 0 - 0, 0), Rect(0, 0 - 0, 0)]} cutoutPathParserInfo={CutoutPathParserInfo{displayWidth=0 displayHeight=0 physicalDisplayWidth=0 physicalDisplayHeight=0 density={0.0} cutoutSpec={} rotation={0} scale={0.0} physicalPixelDisplaySizeRatio={0.0}}}}, mRoundedCorners=RoundedCorners{[RoundedCorner{position=TopLeft, radius=0, center=Point(0, 0)}, RoundedCorner{position=TopRight, radius=0, center=Point(0, 0)}, RoundedCorner{position=BottomRight, radius=0, center=Point(0, 0)}, RoundedCorner{position=BottomLeft, radius=0, center=Point(0, 0)}]}  mRoundedCornerFrame=Rect(0, 0 - 0, 0), mPrivacyIndicatorBounds=PrivacyIndicatorBounds {static bounds=null rotation=0}, mSources= {  } host=Splash Screen com.multispace.app.multispace_cloner from=android.view.ViewRootImpl.relayoutWindow:9802
09-07 14:08:16.706 I/ViewRootImpl@5bbe4b0[LauncherActivity]( 2706): updateBlastSurfaceIfNeeded mBlastBufferQueue=0xb400006ecba62280 isSameSurfaceControl=true
09-07 14:08:16.706 I/BLASTBufferQueue( 2706): update, w= 1080 h= 2400 mName = ViewRootImpl@5bbe4b0[LauncherActivity] mNativeObject= 0xb400006ecba62280 sc.mNativeObject= 0xb400006ecbe08d80 format= -2 caller= android.view.ViewRootImpl.updateBlastSurfaceIfNeeded:2898 android.view.ViewRootImpl.relayoutWindow:9847 android.view.ViewRootImpl.performTraversals:3884 android.view.ViewRootImpl.doTraversal:3116 android.view.ViewRootImpl$TraversalRunnable.run:10885 android.view.Choreographer$CallbackRecord.run:1301 
09-07 14:08:16.706 I/ViewRootImpl@5bbe4b0[LauncherActivity]( 2706): Relayout returned: old=(0,0,1080,2400) new=(0,0,1080,2400) req=(1080,2400)0 dur=6 res=0x0 s={true 0xb400006ecb174000} ch=false seqId=0
09-07 14:08:16.706 I/LauncherRootView( 2706): handleSystemWindowInsets Rect(0, 91 - 0, 126)
09-07 14:08:16.707 I/ViewRootImpl@9969fff[multispace_cloner]( 2289): 1) Force to draw a frame when frame become empty from non-empty
09-07 14:08:16.707 I/ViewRootImpl@9969fff[multispace_cloner]( 2289): Relayout returned: old=(0,0,1080,2400) new=(0,0,0,0) req=(1080,2400)8 dur=5 res=0x0 s={false 0x0} ch=true seqId=0
09-07 14:08:16.707 I/ViewRootImpl@5bbe4b0[LauncherActivity]( 2706): Setup new sync id=79
09-07 14:08:16.707 I/ViewRootImpl@5bbe4b0[LauncherActivity]( 2706): Setting syncFrameCallback
09-07 14:08:16.707 I/ViewRootImpl@5bbe4b0[LauncherActivity]( 2706): registerCallbacksForSync syncBuffer=false
09-07 14:08:16.708 I/ViewRootImpl@5bbe4b0[LauncherActivity]( 2706): Received frameDrawingCallback syncResult=0 frameNum=2.
09-07 14:08:16.708 I/ViewRootImpl@5bbe4b0[LauncherActivity]( 2706): Setting up sync and frameCommitCallback
09-07 14:08:16.708 W/WindowManager( 1191): Failed looking up window session=Session{47c9160 2289:u0a10041} callers=com.android.server.wm.WindowManagerService.windowForClientLocked:6611 com.android.server.wm.Session.setOnBackInvokedCallbackInfo:1090 android.view.IWindowSession$Stub.onTransact:1319 
09-07 14:08:16.708 E/WindowManager( 1191): setOnBackInvokedCallback(): No window state for package:com.android.systemui
09-07 14:08:16.709 W/WindowManager( 1191): Cannot find window which accessibility connection is added to
09-07 14:08:16.709 I/ViewRootImpl@9969fff[multispace_cloner]( 2289): dispatchDetachedFromWindow
09-07 14:08:16.709 W/WindowManager( 1191): Failed looking up window session=Session{47c9160 2289:u0a10041} callers=com.android.server.wm.WindowManagerService.windowForClientLocked:6611 com.android.server.wm.WindowManagerService.removeWindow:2280 com.android.server.wm.Session.remove:236 
09-07 14:08:16.709 I/ViewRootImpl@5bbe4b0[LauncherActivity]( 2706): Received frameCommittedCallback lastAttemptedDrawFrameNum=2 didProduceBuffer=true
09-07 14:08:16.709 D/InputTransport( 2289): Input channel destroyed: '34b5ece', fd=239
09-07 14:08:16.710 I/ViewRootImpl@5bbe4b0[LauncherActivity]( 2706): onSyncComplete
09-07 14:08:16.710 I/ViewRootImpl@5bbe4b0[LauncherActivity]( 2706): setupSync seqId=0 mSyncId=79 fn=2 caller=android.view.ViewRootImpl$$ExternalSyntheticLambda11.accept:6 android.window.SurfaceSyncer.lambda$setupSync$1$android-window-SurfaceSyncer:128 android.window.SurfaceSyncer$$ExternalSyntheticLambda1.accept:8 android.window.SurfaceSyncer$SyncSet.checkIfSyncIsComplete:382 android.window.SurfaceSyncer$SyncSet.markSyncReady:359 android.window.SurfaceSyncer.markSyncReady:151 android.view.ViewRootImpl.performTraversals:4503 
09-07 14:08:16.711 I/ViewRootImpl@5bbe4b0[LauncherActivity]( 2706): reportDrawFinished seqId=0 mSyncId=-1 fn=2 mSurfaceChangedTransaction=0xb400006ee268ae00
09-07 14:08:16.711 D/WindowManager( 1191): finishDrawingWindow: Window{9baf928 u0 com.sec.android.app.launcher/com.sec.android.app.launcher.activities.LauncherActivity} mDrawState=HAS_DRAWN seqId=0
09-07 14:08:16.712 W/Launcher( 2706): onEnterAnimationComplete
09-07 14:08:16.712 W/Launcher( 2706): onEnterAnimationComplete
09-07 14:08:16.712 I/RecentsView( 2706): onTaskRemoved() taskId : 975
09-07 14:08:16.712 I/TopTaskTracker( 2706): onTaskRemoved : taskId = 975
09-07 14:08:16.712 I/RecentsView( 2706): onTaskRemoved() taskId : 975
09-07 14:08:16.712 I/TopTaskTracker( 2706): onTaskRemoved : taskId = 975
09-07 14:08:16.714 D/SurfaceFlinger( 1073): Display 4630947232161729153 HWC layers:
09-07 14:08:16.714 D/SurfaceFlinger( 1073):      DEVICE | 0xb400007884081850 | 0100 | RGBx_8888    |  616.0    0.0 1624.0 2240.0 |    0    0 1080 2400 | Wallpaper BBQ wrapper#77
09-07 14:08:16.714 D/SurfaceFlinger( 1073):      DEVICE | 0xb40000786d9ffe50 | 0100 | RGBA_8888    |    0.0    0.0 1080.0 2400.0 |    0    0 1080 2400 | com.sec.android.app.launcher/com.sec[...]tivities.LauncherActivity$_2706#5673
09-07 14:08:16.714 D/SurfaceFlinger( 1073):      DEVICE | 0xb400007884082880 | 0100 | RGBA_8888    |    0.0    0.0  166.0  205.0 |  914   91 1080  296 | $_16411#2869
09-07 14:08:16.714 D/SurfaceFlinger( 1073):      DEVICE | 0xb40000786d9fe720 | 0102 | RGBA_8888    |    0.0    0.0 1080.0    1.0 |    0    0 1080    1 | $_16411#2870
09-07 14:08:16.714 D/SurfaceFlinger( 1073):      DEVICE | 0xb40000786da01b30 | 0100 | RGBA_8888    |    0.0    0.0 1080.0   91.0 |    0    0 1080   91 | StatusBar$_2289#83
09-07 14:08:16.714 D/SurfaceFlinger( 1073):      DEVICE | 0xb4000078840815b0 | 0100 | RGBA_8888    |    0.0    0.0   67.0  342.0 | 1013 1009 1080 1351 | com.samsung.android.app.cocktailbars[...]ervice.CocktailBarService$_4536#5154
09-07 14:08:16.714 D/SurfaceFlinger( 1073):      DEVICE | 0xb40000786cfc1030 | 0100 | RGBA_8888    |    0.0    0.0 1080.0  126.0 |    0 2274 1080 2
09-07 14:08:16.714 D/SurfaceFlinger( 1073): 400 | NavigationBar0$_2289#78
09-07 14:08:16.714 D/SurfaceFlinger( 1073):      DEVICE | 0xb400007884081930 | 0100 | RGBA_8888    |    0.0    0.0  270.0   48.0 |  405 2352  675 2400 | $_4875#4651
09-07 14:08:16.714 D/SurfaceFlinger( 1073): 
09-07 14:08:16.714 I/Launcher.AppsViewCellLayout( 2706): com.android.homescreen.apptray.AppsViewCellLayout{533a381 V.ED..... .......D 38,91-1042,2170}[a=1.0,v=0,sId=0] setAlpha : 1.0
09-07 14:08:16.714 I/ViewRootImpl@5bbe4b0[LauncherActivity]( 2706): MSG_WINDOW_FOCUS_CHANGED 1 0
09-07 14:08:16.715 I/ViewRootImpl@5bbe4b0[LauncherActivity]( 2706): mThreadedRenderer.initializeIfNeeded()#2 mSurface={isValid=true 0xb400006ecb174000}
09-07 14:08:16.715 I/BaseActivity( 2706): addActivityFlags, flags : 8
09-07 14:08:16.716 D/InputMethodManager( 2706): startInputInner - Id : 0
09-07 14:08:16.716 I/InputMethodManager( 2706): startInputInner - mService.startInputOrWindowGainedFocus
09-07 14:08:16.717 V/InputMethodManagerService( 1191): hideCurrentInputLocked : canceled, shouldHideSoftInput=false, mInputShown=false, mImeWindowVis=0
09-07 14:08:16.717 I/InputMethodBindingController( 1191): setCurrentMethodNotVisible: mVisibleBound=false, mHasConnection=true, caller = com.android.server.inputmethod.InputMethodManagerService.hideCurrentInputLocked:4356 com.android.server.inputmethod.InputMethodManagerService.startInputOrWindowGainedFocusInternalLocked:4783 com.android.server.inputmethod.InputMethodManagerService.startInputOrWindowGainedFocusInternal:4440 com.android.server.inputmethod.InputMethodManagerService.startInputOrWindowGainedFocus:4379 com.android.internal.view.IInputMethodManager$Stub.onTransact:518 com.android.server.inputmethod.InputMethodManagerService.onTransact:2302 android.os.Binder.execTransactInternal:1316 android.os.Binder.execTransact:1280 <bottom of call stack> <bottom of call stack> 
09-07 14:08:16.717 D/InputMethodManagerService( 1191): mDesktopModeManager null!
09-07 14:08:16.717 V/InputMethodManagerService( 1191): getDisplayIdOfInputMethodWindowToBeAdded: displayId=0
09-07 14:08:16.717 D/InputMethodManagerService( 1191): isImeSwitcherDisabledPackage : false
09-07 14:08:16.717 D/InputMethodManagerService( 1191): shouldShowImeSwitcherLocked : checking vis : 3
09-07 14:08:16.718 D/InputMethodManagerService( 1191): checkDisplayOfStartInputAndUpdateKeyboard: displayId=0, mFocusedDisplayId=0
09-07 14:08:16.718 D/InputTransport( 1191): Input channel constructed: 'ClientS', fd=1234
09-07 14:08:16.718 D/InputTransport( 1191): Input channel destroyed: 'ClientS', fd=1234
09-07 14:08:16.718 I/BWU@Recorder(27657): Ph_input stream available : 6400 ==> flush  [ForkJoinPool.commonPool-worker-1] 
09-07 14:08:16.721 I/HBD     ( 4959): HoneyBoardService onFinishInput 
09-07 14:08:16.721 I/Launcher.NotificationListener( 2706): notificationIsValidForUI : com.samsung.android.messaging missingTitleAndText : false isGroupHeader : true
09-07 14:08:16.721 I/Launcher.NotificationListener( 2706): notificationIsValidForUI : com.samsung.android.messaging missingTitleAndText : false isGroupHeader : false
09-07 14:08:16.721 I/Launcher.NotificationListener( 2706): notificationIsValidForUI : com.samsung.android.messaging missingTitleAndText : false isGroupHeader : false
09-07 14:08:16.721 I/Launcher.NotificationListener( 2706): notificationIsValidForUI : com.samsung.android.messaging missingTitleAndText : false isGroupHeader : false
09-07 14:08:16.721 I/Launcher.NotificationListener( 2706): notificationIsValidForUI : com.samsung.android.messaging missingTitleAndText : false isGroupHeader : false
09-07 14:08:16.721 I/Launcher.NotificationListener( 2706): notificationIsValidForUI : com.samsung.android.messaging missingTitleAndText : false isGroupHeader : false
09-07 14:08:16.721 I/Launcher.NotificationListener( 2706): notificationIsValidForUI : com.samsung.android.messaging missingTitleAndText : false isGroupHeader : false
09-07 14:08:16.721 I/Launcher.NotificationListener( 2706): notificationIsValidForUI : com.samsung.android.messaging missingTitleAndText : false isGroupHeader : false
09-07 14:08:16.721 I/Launcher.NotificationListener( 2706): notificationIsValidForUI : com.samsung.android.messaging missingTitleAndText : false isGroupHeader : false
09-07 14:08:16.721 I/Launcher.NotificationListener( 2706): notificationIsValidForUI : com.samsung.android.messaging missingTitleAndText : false isGroupHeader : false
09-07 14:08:16.721 I/Launcher.NotificationListener( 2706): notificationIsValidForUI : com.samsung.android.messaging missingTitleAndText : false isGroupHeader : false
09-07 14:08:16.721 I/Launcher.NotificationListener( 2706): notificationIsValidForUI : com.imo.android.imoimbeta missingTitleAndText : false isGroupHeader : false
09-07 14:08:16.721 I/Launcher.NotificationListener( 2706): notificationIsValidForUI : com.facebook.orca missingTitleAndText : false isGroupHeader : false
09-07 14:08:16.721 I/Launcher.NotificationListener( 2706): notificationIsValidForUI : com.facebook.orca missingTitleAndText : false isGroupHeader : false
09-07 14:08:16.721 I/Launcher.NotificationListener( 2706): notificationIsValidForUI : com.google.android.youtube missingTitleAndText : false isGroupHeader : false
09-07 14:08:16.721 I/Launcher.NotificationListener( 2706): notificationIsValidForUI : com.konasl.nagad missingTitleAndText : false isGroupHeader : false
09-07 14:08:16.721 I/Launcher.NotificationListener( 2706): notificationIsValidForUI : com.konasl.nagad missingTitleAndText : false isGroupHeader : false
09-07 14:08:16.721 I/Launcher.NotificationListener( 2706): notificationIsValidForUI : com.samsung.android.lool missingTitleAndText : false isGroupHeader : false
09-07 14:08:16.721 I/Launcher.NotificationListener( 2706): notificationIsValidForUI : com.linkedin.android missingTitleAndText : false isGroupHeader : false
09-07 14:08:16.721 I/Launcher.NotificationListener( 2706): notificationIsValidForUI : com.linkedin.android missingTitleAndText : false isGroupHeader : false
09-07 14:08:16.721 I/Launcher.NotificationListener( 2706): notificationIsValidForUI : com.excelliance.multiaccounts missingTitleAndText : false isGroupHeader : false
09-07 14:08:16.721 I/Launcher.NotificationListener( 2706): notificationIsValidForUI : com.excelliance.multiaccounts missingTitleAndText : false isGroupHeader : false
09-07 14:08:16.721 I/HBD     ( 4959): a IC have been unbinding,  RemoteInputConnection{idHash=#71f5949}
09-07 14:08:16.721 I/Launcher.NotificationListener( 2706): notificationIsValidForUI : com.media720.games2020 missingTitleAndText : false isGroupHeader : false
09-07 14:08:16.721 I/Launcher.NotificationListener( 2706): notificationIsValidForUI : com.excelliance.multiaccounts missingTitleAndText : false isGroupHeader : false
09-07 14:08:16.721 I/Launcher.NotificationListener( 2706): notificationIsValidForUI : org.waxmoon.github64 missingTitleAndText : false isGroupHeader : false
09-07 14:08:16.721 I/HBD     ( 4959): HoneyBoardService [PF_CL][onFinishInput]  0 ms 
09-07 14:08:16.721 I/Launcher.NotificationListener( 2706): notificationIsValidForUI : com.imo.android.imoimbeta missingTitleAndText : false isGroupHeader : false
09-07 14:08:16.721 I/Launcher.NotificationListener( 2706): notificationIsValidForUI : com.google.android.youtube missingTitleAndText : false isGroupHeader : false
09-07 14:08:16.721 I/Launcher.NotificationListener( 2706): notificationIsValidForUI : com.google.android.youtube missingTitleAndText : false isGroupHeader : false
09-07 14:08:16.721 D/InputMethodService( 4959): checkFocusedDisplay() display Id 0last 0
09-07 14:08:16.721 I/Launcher.NotificationListener( 2706): notificationIsValidForUI : android missingTitleAndText : false isGroupHeader : false
09-07 14:08:16.721 I/Launcher.NotificationListener( 2706): Full refresh isConnected : true active size : 28
09-07 14:08:16.721 I/HBD     ( 4959): HoneyBoardService [IMI] onStartInput - caller pid : 2706 , caller uid : 10125 
09-07 14:08:16.721 I/HBD     ( 4959): j updateConfigs 
09-07 14:08:16.722 I/HBD     ( 4959): j isEnabledNightMode : true 
09-07 14:08:16.722 I/HBD     ( 4959): a IC have been binding, RemoteInputConnection{idHash=#71f5949} 
09-07 14:08:16.722 D/QuickstepModelDelegate( 2706): notifyAppTargetEvent action=1 launchLocation=
09-07 14:08:16.722 I/HBD     ( 4959): h [EditorInputType]setPrivateImeOptionsToTable privateImeOptions ( null )
09-07 14:08:16.722 I/HBD     ( 4959): b incognitoMode : false 
09-07 14:08:16.722 I/HBD     ( 4959): b needOff = true , isForceOff = false, isNullInputClass : true 
09-07 14:08:16.722 I/ISG_Wakeup_Verify(27657): [KWD] Normal - scores: [0.1162, 0.0273, t(94380)], [0.1016, 0.0410, t(94384)], [0.1582, 0.0234, t(94388)], [0.1074, 0.0283, t(94392)], [0.0811, 0.0654, t(94396)], RMS: 637
09-07 14:08:16.722 I/HBD     ( 4959): h getDefaultInputRange : UNKNOWN 
09-07 14:08:16.722 I/HBD     ( 4959): h getDefaultInputRange : UNKNOWN 
09-07 14:08:16.722 I/HBD     ( 4959): h getDefaultInputRange : UNKNOWN 
09-07 14:08:16.723 I/HBD     ( 4959): b needOff = true , isForceOff = false, isNullInputClass : true 
09-07 14:08:16.723 I/HBD     ( 4959): b update cached prediction status : false 
09-07 14:08:16.723 I/HBD     ( 4959): h getDefaultInputRange : UNKNOWN 
09-07 14:08:16.723 I/HBD     ( 4959): a currentState : 0 
09-07 14:08:16.723 I/HBD     ( 4959): a [UpdatePolicy] [post] a: 0 cl: 65538 kit: [0/0] vt: 0 ir: 1 
09-07 14:08:16.723 I/HBD     ( 4959): a [NRIC] resetNoResponseState 
09-07 14:08:16.723 I/HBD     ( 4959): b needOff = true , isForceOff = false, isNullInputClass : true 
09-07 14:08:16.723 I/HBD     ( 4959): b update cached prediction status : false 
09-07 14:08:16.724 I/HBD     ( 4959): HoneyBoardService [PF_OP][onStartInput]  3 ms 
09-07 14:08:16.730 I/Launcher.AppsViewCellLayout( 2706): com.android.homescreen.apptray.AppsViewCellLayout{533a381 V.ED..... .......D 38,91-1042,2170}[a=1.0,v=0,sId=0] setAlpha : 1.0
09-07 14:08:16.731 I/SurfaceFlinger( 1073): id=5668 Removed Splash Screen com.multispace.app.multispace_cloner$_2289#5668 (196)
09-07 14:08:16.732 I/Layer   ( 1073): id=5668 Destroyed Splash Screen com.multispace.app.multispace_cloner$_2289#5668
09-07 14:08:16.735 I/PopupDataProvider( 2706): onNotificationFullRefresh prev dotInfoSize : 11
09-07 14:08:16.735 I/PopupDataProvider( 2706): refresh badge  package : org.waxmoon.github64 count : 1
09-07 14:08:16.735 I/PopupDataProvider( 2706): refresh badge  package : com.linkedin.android count : 15
09-07 14:08:16.735 I/PopupDataProvider( 2706): refresh badge  package : com.facebook.orca count : 5
09-07 14:08:16.735 I/PopupDataProvider( 2706): refresh badge  package : com.imo.android.imoimbeta count : 17
09-07 14:08:16.735 I/PopupDataProvider( 2706): refresh badge  package : com.google.android.youtube count : 27
09-07 14:08:16.735 I/PopupDataProvider( 2706): refresh badge  package : com.media720.games2020 count : 1
09-07 14:08:16.735 I/PopupDataProvider( 2706): refresh badge  package : android count : 1
09-07 14:08:16.735 I/PopupDataProvider( 2706): refresh badge  package : com.samsung.android.lool count : 1
09-07 14:08:16.735 I/PopupDataProvider( 2706): refresh badge  package : com.excelliance.multiaccounts count : 3
09-07 14:08:16.735 I/PopupDataProvider( 2706): refresh badge  package : com.samsung.android.messaging count : 680
09-07 14:08:16.735 I/PopupDataProvider( 2706): refresh badge  package : com.konasl.nagad count : 2
09-07 14:08:16.735 I/IconView( 2706): applyDotState itemInfo : YouTube display : 2 count : 27
09-07 14:08:16.736 I/IconView( 2706): applyDotState itemInfo : Messenger display : 0 count : 5
09-07 14:08:16.736 I/IconView( 2706): applyDotState itemInfo : LinkedIn display : 2 count : 15
09-07 14:08:16.737 I/IconView( 2706): applyDotState itemInfo : LinkedIn display : 2 count : 15
09-07 14:08:16.737 I/IconView( 2706): applyDotState itemInfo : Messages display : 100 count : 680
09-07 14:08:16.737 I/IconView( 2706): applyDotState itemInfo : YouTube display : 101 count : 27
09-07 14:08:16.737 I/IconView( 2706): applyDotState itemInfo : LinkedIn display : 101 count : 15
09-07 14:08:16.737 I/IconView( 2706): applyDotState itemInfo : Messages display : 1 count : 680
09-07 14:08:16.738 I/IconView( 2706): applyDotState itemInfo : Offline Games display : 1 count : 1
09-07 14:08:16.738 I/IconView( 2706): applyDotState itemInfo : Messenger display : 1 count : 5
09-07 14:08:16.738 I/IconView( 2706): applyDotState itemInfo : imo beta display : 1 count : 17
09-07 14:08:16.738 I/IconView( 2706): applyDotState itemInfo : Nagad display : 1 count : 2
09-07 14:08:16.738 I/IconView( 2706): applyDotState itemInfo : Multiple Accounts display : 1 count : 3
09-07 14:08:16.738 I/IconView( 2706): applyDotState itemInfo : Waxmoon display : 1 count : 1
09-07 14:08:16.747 I/Launcher.AppsViewCellLayout( 2706): com.android.homescreen.apptray.AppsViewCellLayout{533a381 V.ED..... .......D 38,91-1042,2170}[a=1.0,v=0,sId=0] setAlpha : 1.0
09-07 14:08:16.757 W/FrameTracker( 2289): Missing SF jank callback for vsyncId: 16389705, CUJ=J<SPLASHSCREEN_EXIT_ANIM>
09-07 14:08:16.764 I/Launcher.AppsViewCellLayout( 2706): com.android.homescreen.apptray.AppsViewCellLayout{533a381 V.ED..... ........ 38,91-1042,2170}[a=1.0,v=0,sId=0] setAlpha : 1.0
09-07 14:08:16.780 D/MotionRecognitionService( 1191): values = 100.0
09-07 14:08:16.780 D/MotionRecognitionService( 1191): onReceive lux: 100.0  action: 
09-07 14:08:16.780 D/MotionRecognitionService( 1191): Inject brightness form Cam 100.0
09-07 14:08:16.780 D/MotionRecognitionService( 1191): Inject calibrated lux
09-07 14:08:16.781 I/Launcher.AppsViewCellLayout( 2706): com.android.homescreen.apptray.AppsViewCellLayout{533a381 V.ED..... ........ 38,91-1042,2170}[a=1.0,v=0,sId=0] setAlpha : 1.0
09-07 14:08:16.793 D/MobileStatusTracker(0/2)( 2289): onSignalStrengthsChanged level=3, vendorLevel=3
09-07 14:08:16.794 D/MobileSignalController(0/2)( 2289): notifyListener: enabled=true, connected=true, dataConnected=false, networkType=LTE (4G), emergencyOnly=false, roaming=false, isDefault=false, dataActivity=, level=3, ca=false, mmWave=false, disabledDataIcon=false, simCard=AIRTEL
09-07 14:08:16.794 D/NetworkController( 2289): SignalStrength from intent slotId=0
09-07 14:08:16.797 I/Launcher.AppsViewCellLayout( 2706): com.android.homescreen.apptray.AppsViewCellLayout{533a381 V.ED..... ........ 38,91-1042,2170}[a=1.0,v=0,sId=0] setAlpha : 1.0
09-07 14:08:16.814 I/Launcher.AppsViewCellLayout( 2706): com.android.homescreen.apptray.AppsViewCellLayout{533a381 V.ED..... ........ 38,91-1042,2170}[a=1.0,v=0,sId=0] setAlpha : 1.0
09-07 14:08:16.830 I/Launcher.AppsViewCellLayout( 2706): com.android.homescreen.apptray.AppsViewCellLayout{533a381 V.ED..... ........ 38,91-1042,2170}[a=1.0,v=0,sId=0] setAlpha : 1.0
09-07 14:08:16.847 I/Launcher.AppsViewCellLayout( 2706): com.android.homescreen.apptray.AppsViewCellLayout{533a381 V.ED..... ........ 38,91-1042,2170}[a=1.0,v=0,sId=0] setAlpha : 1.0
09-07 14:08:16.863 I/Launcher.AppsViewCellLayout( 2706): com.android.homescreen.apptray.AppsViewCellLayout{533a381 V.ED..... ........ 38,91-1042,2170}[a=1.0,v=0,sId=0] setAlpha : 1.0
09-07 14:08:16.864 I/AppsSearchBar( 2706): mCurrentCellLayouts onAnimationEnd
09-07 14:08:16.864 I/Launcher.AppsViewCellLayout( 2706): com.android.homescreen.apptray.AppsViewCellLayout{533a381 V.ED..... ........ 38,91-1042,2170}[a=1.0,v=0,sId=0] setAlpha : 1.0
09-07 14:08:16.913 I/BWU@Recorder(27657): Ph_input stream available : 6400 ==> flush  [ForkJoinPool.commonPool-worker-1] 
09-07 14:08:16.917 I/ISG_Wakeup_Verify(27657): [KWD] Normal - scores: [0.0586, 0.0840, t(94400)], [0.1055, 0.0264, t(94404)], [0.1328, 0.0537, t(94408)], [0.1055, 0.0469, t(94412)], [0.0840, 0.0801, t(94416)], RMS: 375
09-07 14:08:16.980 D/MotionRecognitionService( 1191): values = 100.0
09-07 14:08:16.980 D/MotionRecognitionService( 1191): onReceive lux: 100.0  action: 
09-07 14:08:16.981 D/MotionRecognitionService( 1191): Inject brightness form Cam 100.0
09-07 14:08:16.981 D/MotionRecognitionService( 1191): Inject calibrated lux
09-07 14:08:16.989 I/HYPER-HAL(  979): [ResourceManager.cpp]removeResource(): [CPULittleMinFreq] RemoveResource Request ID : 727836
09-07 14:08:16.992 I/HYPER-HAL(  979): [ResourceManager.cpp]removeResource(): [CPUMinFreq] RemoveResource Request ID : 727836
09-07 14:08:16.993 I/HYPER-HAL(  979): [RequestManager.cpp]releaseLocked(): Released ID : 727836
09-07 14:08:17.014 W/ActivityTaskManager( 1191): Activity top resumed state loss timeout for ActivityRecord{838faf7 u0 com.multispace.app.multispace_cloner/.MainActivity} t-1 f}}
09-07 14:08:17.015 D/ActivityTaskManager( 1191): scheduleTopResumedActivityChanged, onTop=true r=ActivityRecord{d361236 u0 com.sec.android.app.launcher/.activities.LauncherActivity} t874} caller=com.android.server.wm.ActivityTaskSupervisor.scheduleTopResumedActivityStateIfNeeded:2535 com.android.server.wm.ActivityTaskSupervisor.handleTopResumedStateReleased:2564 com.android.server.wm.ActivityTaskSupervisor$ActivityTaskSupervisorHandler.handleMessageInner:2990 com.android.server.wm.ActivityTaskSupervisor$ActivityTaskSupervisorHandler.handleMessage:2888 android.os.Handler.dispatchMessage:106 android.os.Looper.loopOnce:226 
09-07 14:08:17.103 E/ANDR-PERF-UTIL(  990): Failed to update node /proc/31739/sched_boost with value 0
09-07 14:08:17.103 E/ANDR-PERF-OPTSHANDLER(  990): can't reset task 31739
09-07 14:08:17.103 E/ANDR-PERF-RESOURCEQS(  990): Failed to reset optimization [3, 32]
09-07 14:08:17.118 I/BWU@Recorder(27657): Ph_input stream available : 6400 ==> flush  [ForkJoinPool.commonPool-worker-1] 
09-07 14:08:17.121 I/ISG_Wakeup_Verify(27657): [KWD] Normal - scores: [0.0459, 0.1748, t(94420)], [0.0908, 0.0703, t(94424)], [0.1025, 0.0391, t(94428)], [0.1445, 0.0283, t(94432)], [0.1143, 0.0693, t(94436)], RMS: 405
09-07 14:08:17.135 I/HYPER-HAL(  979): [ResourceManager.cpp]removeResource(): [CPUMinFreq] RemoveResource Request ID : 742398
09-07 14:08:17.136 I/HYPER-HAL(  979): [RequestManager.cpp]releaseLocked(): Released ID : 742398
09-07 14:08:17.181 D/MotionRecognitionService( 1191): values = 100.0
09-07 14:08:17.181 D/MotionRecognitionService( 1191): onReceive lux: 100.0  action: 
09-07 14:08:17.181 D/MotionRecognitionService( 1191): Inject brightness form Cam 100.0
09-07 14:08:17.182 D/MotionRecognitionService( 1191): Inject calibrated lux
09-07 14:08:17.322 I/BWU@Recorder(27657): Ph_input stream available : 6400 ==> flush  [ForkJoinPool.commonPool-worker-1] 
09-07 14:08:17.325 I/ISG_Wakeup_Verify(27657): [KWD] Normal - scores: [0.0615, 0.0713, t(94440)], [0.1250, 0.0293, t(94444)], [0.0576, 0.0869, t(94448)], [0.0332, 0.1162, t(94452)], [0.0371, 0.1611, t(94456)], RMS: 310
09-07 14:08:17.382 D/MotionRecognitionService( 1191): values = 100.0
09-07 14:08:17.382 D/MotionRecognitionService( 1191): onReceive lux: 100.0  action: 
09-07 14:08:17.383 D/MotionRecognitionService( 1191): Inject brightness form Cam 100.0
09-07 14:08:17.383 D/MotionRecognitionService( 1191): Inject calibrated lux
09-07 14:08:17.454 I/serviceDiscovery( 1191): [MdnsAdvertiser.wlan0] Probing finished for service 139
09-07 14:08:17.515 I/BWU@Recorder(27657): Ph_input stream available : 6400 ==> flush  [ForkJoinPool.commonPool-worker-1] 
09-07 14:08:17.518 I/ISG_Wakeup_Verify(27657): [KWD] Normal - scores: [0.0459, 0.1914, t(94460)], [0.0713, 0.1016, t(94464)], [0.0840, 0.0928, t(94468)], [0.0479, 0.1670, t(94472)], [0.1621, 0.0312, t(94476)], RMS: 296
09-07 14:08:17.522 I/serviceDiscovery( 1191): [MdnsAdvertiser.rndis0] Probing finished for service 139
09-07 14:08:17.523 I/NearbyMediums( 4533): WIFI_LAN registered service name:I1lNWjT8n14AAA type:null at ip:null port:0
09-07 14:08:17.523 I/NearbyMediums( 4533): Successfully advertised I1lNWjT8n14AAA on serviceID NearbySharing over Wifi LAN.
09-07 14:08:17.526 I/BluetoothAdapter( 4533): STATE_ON
09-07 14:08:17.529 I/NearbyMediums( 4533): [WifiNetworkV2] WifiStatusChangedCallback registered for NearbySharing (wifiStatusChangedCallbacks.size:1)
09-07 14:08:17.530 I/NearbyConnections( 4533): Get local endpoint id from the existing localEndpointId:YMZ4 (last:null) for client 6143372(0p:com.google.android.gms.nearby.sharing)
09-07 14:08:17.531 I/NearbySharing( 4533): [broadcast provider] advertising started.
09-07 14:08:17.531 I/NearbySharing( 4533): [broadcast controller] started.
09-07 14:08:17.531 I/NearbySharing( 4533): [ReceiveManager] started.
09-07 14:08:17.532 I/NearbySharing( 4533): NearbySharing Internal event ReceiveManagerStart(mode=2, isEveryoneMode=false, dataUsage=2, useQrCode=false, success=true)
09-07 14:08:17.532 I/NearbySharing( 4533): [ClearcutLog] ADVERTISE_DEVICE_PRESENCE_START sessionId=0 flowId=5997707549287615756 sessionStatus: 1, visibility: 4
09-07 14:08:17.567 I/vendor.qti.bluetooth@1.0-ibs_handler(  966): DeviceSleep: TX Awake, Sending SLEEP_IND
09-07 14:08:17.568 D/vendor.qti.bluetooth@1.0-ibs_handler(  966): SerialClockVote: vote for UART CLK OFF
09-07 14:08:17.584 D/MotionRecognitionService( 1191): values = 100.0
09-07 14:08:17.584 D/MotionRecognitionService( 1191): onReceive lux: 100.0  action: 
09-07 14:08:17.584 D/MotionRecognitionService( 1191): Inject brightness form Cam 100.0
09-07 14:08:17.584 D/MotionRecognitionService( 1191): Inject calibrated lux
09-07 14:08:17.646 D/SGM:GameManager( 1191): identifyGamePackage. com.sec.android.app.launcher, mCurrentUserId: 0, callerUserId: 0, callingMethodInfo: com.android.server.ssrm.SortingMachine.isGame(SortingMachine.java:162)
09-07 14:08:17.647 D/SGM:PkgDataHelper( 1191): getGamePkgData(). com.sec.android.app.launcher
09-07 14:08:17.718 D/vendor.qti.bluetooth@1.0-wake_lock(  966): Release wakelock is released 
09-07 14:08:17.720 I/BWU@Recorder(27657): Ph_input stream available : 6400 ==> flush  [ForkJoinPool.commonPool-worker-1] 
09-07 14:08:17.724 I/ISG_Wakeup_Verify(27657): [KWD] Normal - scores: [0.2041, 0.0176, t(94480)], [0.1230, 0.0264, t(94484)], [0.1084, 0.0547, t(94488)], [0.1006, 0.1045, t(94492)], [0.1289, 0.0303, t(94496)], RMS: 419
09-07 14:08:17.784 D/MotionRecognitionService( 1191): values = 100.0
09-07 14:08:17.784 D/MotionRecognitionService( 1191): onReceive lux: 100.0  action: 
09-07 14:08:17.784 D/MotionRecognitionService( 1191): Inject brightness form Cam 100.0
09-07 14:08:17.784 D/MotionRecognitionService( 1191): Inject calibrated lux
09-07 14:08:17.885 D/CustomizedBinderCallsStatsInternal( 1191): reportCpuUsage() : 1%
09-07 14:08:17.886 I/BinderCallsStats( 1191): Collected cpu time : 0us, collected call count : 0 for 60137 ms
09-07 14:08:17.915 I/BWU@Recorder(27657): Ph_input stream available : 6400 ==> flush  [ForkJoinPool.commonPool-worker-1] 
09-07 14:08:17.918 I/ISG_Wakeup_Verify(27657): [KWD] Normal - scores: [0.1064, 0.0557, t(94500)], [0.0557, 0.1514, t(94504)], [0.0938, 0.0723, t(94508)], [0.0713, 0.1826, t(94512)], [0.1016, 0.0664, t(94516)], RMS: 347
09-07 14:08:17.966 I/SemDvfsHyPerManager( 1191): acquire hyper - AMS_RESUME_TAIL/1191@16, type = -999
09-07 14:08:17.967 I/SemDvfsHyPerManager( 1191): acquire hyper - AMS_ACT_LAZY/1191@17, type = -999
09-07 14:08:17.967 D/ActivityManagerPerformance( 1191): AMP_acquire() TAIL
09-07 14:08:17.967 D/ActivityManagerPerformance( 1191): AMP_release() APP_SWITCH
09-07 14:08:17.967 I/HYPER-HAL(  979): [RequestManager.cpp]acquire(): Acquired ID : 729044  [1191 / 16]    HINT : AMS_RESUME_TAIL    list : 
09-07 14:08:17.968 D/io_stats(  654): !@   8,0 r 1674832 64893488 w 1177979 108219296 d 0 0 f 0 0 iot 1061400 0 th 0 0 0 pt 0 inp 0 0 54590.639
09-07 14:08:17.971 I/HYPER-HAL(  979): [ResourceManager.cpp]updateResource(): [CPUMinFreq] UpdateResource Request ID : 729044    Value : 1324800
09-07 14:08:17.971 I/HYPER-HAL(  979): [RequestManager.cpp]acquire(): Acquired ID : 730253  [1191 / 17]    HINT : AMS_ACT_LAZY    list : 
09-07 14:08:17.972 I/HYPER-HAL(  979): [ResourceManager.cpp]removeResource(): [CPULittleMinFreq] RemoveResource Request ID : 736313
09-07 14:08:17.975 I/HYPER-HAL(  979): [ResourceManager.cpp]removeResource(): [CPUMinFreq] RemoveResource Request ID : 736313
09-07 14:08:17.976 I/HYPER-HAL(  979): [RequestManager.cpp]releaseLocked(): Released ID : 736313
09-07 14:08:17.976 D/SS:ContentCaptureService( 4361): onActivityEvent()
09-07 14:08:17.976 D/SS:DirectSuggestionManager( 4361): onActivityEvent() event:ActivityEvent[{com.multispace.app.multispace_cloner/com.multispace.app.multispace_cloner.MainActivity}]:ACTIVITY_STARTED
09-07 14:08:17.976 D/SS:ContentCaptureService( 4361): onActivityEvent()
09-07 14:08:17.976 D/SS:DirectSuggestionManager( 4361): onActivityEvent() event:ActivityEvent[{com.multispace.app.multispace_cloner/com.multispace.app.multispace_cloner.MainActivity}]:ACTIVITY_RESUMED
09-07 14:08:17.976 D/SS:LocalPackageManager( 4361): isBrowserPackage() packageName:com.multispace.app.multispace_cloner return :false
09-07 14:08:17.976 D/SS:ContentCaptureService( 4361): onActivityEvent()
09-07 14:08:17.976 D/SS:DirectSuggestionManager( 4361): onActivityEvent() event:ActivityEvent[{com.multispace.app.multispace_cloner/com.multispace.app.multispace_cloner.MainActivity}]:ACTIVITY_DESTROYED
09-07 14:08:17.976 D/SS:LocalPackageManager( 4361): isBrowserPackage() packageName:com.multispace.app.multispace_cloner return :false
09-07 14:08:17.976 D/SS:ContentCaptureService( 4361): onActivityEvent()
09-07 14:08:17.976 D/SS:DirectSuggestionManager( 4361): onActivityEvent() event:ActivityEvent[{com.sec.android.app.launcher/com.android.launcher3.uioverrides.QuickstepLauncher}]:ACTIVITY_STARTED
09-07 14:08:17.976 D/SS:ContentCaptureService( 4361): onActivityEvent()
09-07 14:08:17.976 D/SS:DirectSuggestionManager( 4361): onActivityEvent() event:ActivityEvent[{com.sec.android.app.launcher/com.android.launcher3.uioverrides.QuickstepLauncher}]:ACTIVITY_RESUMED
09-07 14:08:17.976 D/SS:LocalPackageManager( 4361): isBrowserPackage() packageName:com.sec.android.app.launcher return :false
09-07 14:08:17.978 I/Choreographer(18626): Skipped 176 frames!  The application may be doing too much work on its main thread.
09-07 14:08:17.985 D/MotionRecognitionService( 1191): values = 100.0
09-07 14:08:17.985 D/MotionRecognitionService( 1191): onReceive lux: 100.0  action: 
09-07 14:08:17.985 D/MotionRecognitionService( 1191): Inject brightness form Cam 100.0
09-07 14:08:17.985 D/MotionRecognitionService( 1191): Inject calibrated lux
09-07 14:08:17.986 D/KnoxHelper( 4362): getActivityList callingUserId: 0, target user: 0
09-07 14:08:18.004 D/SemWifiUsabilityStatsMonitor( 1191): onWifiUsabilityStats - seqNum 13940, isSameBssidAndFreq true
09-07 14:08:18.005 I/SemWifiLinkQualityMonitor( 1191): Link Qos Query: 0.232 ms / 34.460 Mbps (43 / 0.004 / 1.223)
09-07 14:08:18.006 D/FreecessController( 1191): com.facebook.katana(state: Initial -> Freezeable, Reason: uidIdle)
09-07 14:08:18.006 D/FreecessController( 1191): com.imo.android.imoimbeta(state: Initial -> Freezeable, Reason: uidIdle)
09-07 14:08:18.016 W/pmanager:accsvc( 4828): Reducing the number of considered missed Gc histogram windows from 307 to 100
09-07 14:08:18.080 I/R0      ( 4487): limitGPUFreq:: freq = -1
09-07 14:08:18.080 I/R0      ( 4487): limitCPUFreq:: freq = -1
09-07 14:08:18.109 I/BWU@Recorder(27657): Ph_input stream available : 6400 ==> flush  [ForkJoinPool.commonPool-worker-1] 
09-07 14:08:18.113 I/ISG_Wakeup_Verify(27657): [KWD] Normal - scores: [0.1318, 0.0459, t(94520)], [0.1123, 0.0693, t(94524)], [0.0781, 0.0791, t(94528)], [0.1074, 0.1045, t(94532)], [0.0811, 0.1387, t(94536)], RMS: 292
09-07 14:08:18.131 I/R0      ( 4487): limitGPUFreq:: freq = 565
09-07 14:08:18.131 I/SemDvfsHyPerManager( 4487): acquire hyper - SIOP_GPU_FREQ_MAX/4487@4, type = 536875010
09-07 14:08:18.132 I/R0      ( 4487): limitCPUFreq:: freq = 1708800
09-07 14:08:18.132 I/SemDvfsHyPerManager( 4487): acquire hyper - SIOP_ARM_MAX/4487@2, type = 301993986
09-07 14:08:18.132 I/HYPER-HAL(  979): [RequestManager.cpp]acquire(): Acquired ID : 10086790  [4487 / 4]    HINT :      list : [GPUMaxFreq / 565] 
09-07 14:08:18.134 I/HYPER-HAL(  979): [RequestManager.cpp]acquire(): Acquired ID : 10077807  [4487 / 2]    HINT :      list : [CPUMaxFreq / 1708800] 
09-07 14:08:18.135 I/HYPER-HAL(  979): [ResourceManager.cpp]removeResource(): [CPUMaxFreq] RemoveResource Request ID : 10127263
09-07 14:08:18.135 I/HYPER-HAL(  979): [RequestManager.cpp]releaseLocked(): Released ID : 10127263
09-07 14:08:18.136 I/HYPER-HAL(  979): [ResourceManager.cpp]updateResource(): [CPUMaxFreq] UpdateResource Request ID : 10077807    Value : 1708800
09-07 14:08:18.185 D/MotionRecognitionService( 1191): values = 100.0
09-07 14:08:18.185 D/MotionRecognitionService( 1191): onReceive lux: 100.0  action: 
09-07 14:08:18.185 D/MotionRecognitionService( 1191): Inject brightness form Cam 100.0
09-07 14:08:18.186 D/MotionRecognitionService( 1191): Inject calibrated lux
09-07 14:08:18.314 I/BWU@Recorder(27657): Ph_input stream available : 6400 ==> flush  [ForkJoinPool.commonPool-worker-1] 
09-07 14:08:18.318 I/ISG_Wakeup_Verify(27657): [KWD] Normal - scores: [0.0410, 0.1992, t(94540)], [0.0488, 0.2021, t(94544)], [0.0654, 0.1758, t(94548)], [0.1270, 0.0898, t(94552)], [0.1807, 0.0234, t(94556)], RMS: 627
09-07 14:08:18.386 D/MotionRecognitionService( 1191): values = 100.0
09-07 14:08:18.386 D/MotionRecognitionService( 1191): onReceive lux: 100.0  action: 
09-07 14:08:18.386 D/MotionRecognitionService( 1191): Inject brightness form Cam 100.0
09-07 14:08:18.386 D/MotionRecognitionService( 1191): Inject calibrated lux
09-07 14:08:18.440 I/BluetoothAdapter( 4533): STATE_ON
09-07 14:08:18.442 D/BluetoothLeAdvertiser( 4533): Stop AdvertingSet
09-07 14:08:18.443 I/bt_stack( 2559): [INFO:le_advertising_manager.cc(70)] Unregister in shim layer
09-07 14:08:18.443 W/bt_stack( 2559): le_advertising_manager :: remove_advertiser - id : 0
09-07 14:08:18.444 E/BtGatt.GattService( 2559): [GSIM LOG]: gsimLogHandler, msg: MESSAGE_ADV_SET_STOP, appName: com.google.android.gms, id: 0, isLegacy: true
09-07 14:08:18.444 D/BluetoothLeAdvertiser( 4533): onAdvertisingSetStopped(0)
09-07 14:08:18.444 D/vendor.qti.bluetooth@1.0-ibs_handler(  966): SerialClockVote: vote for UART CLK ON
09-07 14:08:18.445 D/vendor.qti.bluetooth@1.0-wake_lock(  966): Acquire wakelock is acquired 
09-07 14:08:18.445 I/vendor.qti.bluetooth@1.0-ibs_handler(  966): DeviceWakeUp: Writing IBS_WAKE_IND
09-07 14:08:18.448 I/vendor.qti.bluetooth@1.0-ibs_handler(  966): ProcessIbsCmd: Received IBS_WAKE_ACK: 0xFC
09-07 14:08:18.448 I/vendor.qti.bluetooth@1.0-ibs_handler(  966): ProcessIbsCmd: Signal wack_cond_
09-07 14:08:18.448 D/vendor.qti.bluetooth@1.0-ibs_handler(  966): DeviceWakeUp: Unblocked from waiting for FC, pthread_cond_timedwait ret = 0
09-07 14:08:18.450 I/vendor.qti.bluetooth@1.0-ibs_handler(  966): ProcessIbsCmd: Received IBS_WAKE_IND: 0xFD
09-07 14:08:18.450 I/vendor.qti.bluetooth@1.0-ibs_handler(  966): ProcessIbsCmd: Writing IBS_WAKE_ACK
09-07 14:08:18.473 I/HYPER-HAL(  979): [ResourceManager.cpp]removeResource(): [CPUMinFreq] RemoveResource Request ID : 729044
09-07 14:08:18.474 I/HYPER-HAL(  979): [RequestManager.cpp]releaseLocked(): Released ID : 729044
09-07 14:08:18.502 I/vendor.qti.bluetooth@1.0-ibs_handler(  966): ProcessIbsCmd: Received IBS_SLEEP_IND: 0xFE
09-07 14:08:18.520 I/BWU@Recorder(27657): Ph_input stream available : 6400 ==> flush  [ForkJoinPool.commonPool-worker-1] 
09-07 14:08:18.528 I/ISG_Wakeup_Verify(27657): [KWD] Normal - scores: [0.1904, 0.0400, t(94560)], [0.2617, 0.0645, t(94564)], [0.1455, 0.0957, t(94568)], [0.0576, 0.0947, t(94572)], [0.1289, 0.0312, t(94576)], RMS: 384
09-07 14:08:18.588 D/MotionRecognitionService( 1191): values = 100.0
09-07 14:08:18.588 D/MotionRecognitionService( 1191): onReceive lux: 100.0  action: 
09-07 14:08:18.588 D/MotionRecognitionService( 1191): Inject brightness form Cam 100.0
09-07 14:08:18.588 D/MotionRecognitionService( 1191): Inject calibrated lux
09-07 14:08:18.711 D/MobileStatusTracker(1/1)( 2289): onSignalStrengthsChanged level=2, vendorLevel=3
09-07 14:08:18.716 D/MobileSignalController(1/1)( 2289): notifyListener: enabled=true, connected=true, dataConnected=false, networkType=HSPA (H), emergencyOnly=false, roaming=false, isDefault=false, dataActivity=, level=3, ca=false, mmWave=false, disabledDataIcon=false, simCard=ETC
09-07 14:08:18.716 D/NetworkController( 2289): SignalStrength from intent slotId=1
09-07 14:08:18.720 I/BWU@Recorder(27657): Ph_input stream available : 6400 ==> flush  [ForkJoinPool.commonPool-worker-1] 
09-07 14:08:18.729 I/ISG_Wakeup_Verify(27657): [KWD] Normal - scores: [0.0518, 0.1064, t(94580)], [0.1143, 0.0664, t(94584)], [0.1016, 0.0996, t(94588)], [0.1543, 0.1357, t(94592)], [0.1113, 0.1885, t(94596)], RMS: 408
09-07 14:08:18.789 D/MotionRecognitionService( 1191): values = 100.0
09-07 14:08:18.789 D/MotionRecognitionService( 1191): onReceive lux: 100.0  action: 
09-07 14:08:18.790 D/MotionRecognitionService( 1191): Inject brightness form Cam 100.0
09-07 14:08:18.790 D/MotionRecognitionService( 1191): Inject calibrated lux
09-07 14:08:18.921 I/BWU@Recorder(27657): Ph_input stream available : 6400 ==> flush  [ForkJoinPool.commonPool-worker-1] 
09-07 14:08:18.929 I/ISG_Wakeup_Verify(27657): [KWD] Normal - scores: [0.0693, 0.2705, t(94600)], [0.0674, 0.2432, t(94604)], [0.0459, 0.2549, t(94608)], [0.0293, 0.1934, t(94612)], [0.0508, 0.1113, t(94616)], RMS: 436
09-07 14:08:18.984 I/QuickstepModelDelegate( 2706): Widget predictions updated
09-07 14:08:18.991 D/MotionRecognitionService( 1191): values = 100.0
09-07 14:08:18.991 D/MotionRecognitionService( 1191): onReceive lux: 100.0  action: 
09-07 14:08:18.991 D/MotionRecognitionService( 1191): Inject brightness form Cam 100.0
09-07 14:08:18.991 D/MotionRecognitionService( 1191): Inject calibrated lux
09-07 14:08:18.992 I/HYPER-HAL(  979): [ResourceManager.cpp]removeResource(): [CPUMaxFreq] RemoveResource Request ID : 10131765
09-07 14:08:18.992 I/HYPER-HAL(  979): [RequestManager.cpp]releaseLocked(): Released ID : 10131765
09-07 14:08:19.120 I/BWU@Recorder(27657): Ph_input stream available : 6400 ==> flush  [ForkJoinPool.commonPool-worker-1] 
09-07 14:08:19.128 I/ISG_Wakeup_Verify(27657): [KWD] Normal - scores: [0.0459, 0.1602, t(94620)], [0.0225, 0.3242, t(94624)], [0.0156, 0.4062, t(94628)], [0.0205, 0.2842, t(94632)], [0.0107, 0.3340, t(94636)], RMS: 274
09-07 14:08:19.191 D/MotionRecognitionService( 1191): values = 100.0
09-07 14:08:19.191 D/MotionRecognitionService( 1191): onReceive lux: 100.0  action: 
09-07 14:08:19.191 D/MotionRecognitionService( 1191): Inject brightness form Cam 100.0
09-07 14:08:19.191 D/MotionRecognitionService( 1191): Inject calibrated lux
09-07 14:08:19.320 I/BWU@Recorder(27657): Ph_input stream available : 6400 ==> flush  [ForkJoinPool.commonPool-worker-1] 
09-07 14:08:19.330 I/ISG_Wakeup_Verify(27657): [KWD] Normal - scores: [0.0078, 0.3398, t(94640)], [0.0605, 0.1436, t(94644)], [0.1904, 0.0322, t(94648)], [0.1582, 0.0293, t(94652)], [0.2354, 0.0205, t(94656)], RMS: 440
09-07 14:08:19.392 D/MotionRecognitionService( 1191): values = 100.0
09-07 14:08:19.392 D/MotionRecognitionService( 1191): onReceive lux: 100.0  action: 
09-07 14:08:19.392 D/MotionRecognitionService( 1191): Inject brightness form Cam 100.0
09-07 14:08:19.393 D/MotionRecognitionService( 1191): Inject calibrated lux
09-07 14:08:19.462 I/vendor.qti.bluetooth@1.0-ibs_handler(  966): DeviceSleep: TX Awake, Sending SLEEP_IND
09-07 14:08:19.462 D/vendor.qti.bluetooth@1.0-ibs_handler(  966): SerialClockVote: vote for UART CLK OFF
09-07 14:08:19.519 I/BWU@Recorder(27657): Ph_input stream available : 6400 ==> flush  [ForkJoinPool.commonPool-worker-1] 
09-07 14:08:19.530 I/ISG_Wakeup_Verify(27657): [KWD] Normal - scores: [0.2109, 0.0264, t(94660)], [0.1152, 0.0703, t(94664)], [0.2715, 0.1680, t(94668)], [0.1289, 0.1182, t(94672)], [0.1074, 0.0713, t(94676)], RMS: 373
09-07 14:08:19.593 D/MotionRecognitionService( 1191): values = 100.0
09-07 14:08:19.594 D/MotionRecognitionService( 1191): onReceive lux: 100.0  action: 
09-07 14:08:19.594 D/MotionRecognitionService( 1191): Inject brightness form Cam 100.0
09-07 14:08:19.594 D/MotionRecognitionService( 1191): Inject calibrated lux
09-07 14:08:19.623 D/vendor.qti.bluetooth@1.0-wake_lock(  966): Release wakelock is released 
09-07 14:08:19.714 I/CameraLightSensor_Service(14991): MSG_SERVICE_CAMERA_LOOP
09-07 14:08:19.718 I/BWU@Recorder(27657): Ph_input stream available : 6400 ==> flush  [ForkJoinPool.commonPool-worker-1] 
09-07 14:08:19.720 I/CameraLightSensor_Service(14991): startBackgroundThread : mBackgroundHandler is set
09-07 14:08:19.720 I/CameraLightSensor_Service(14991): Camera ID 3 is available
09-07 14:08:19.722 I/CameraService( 1299): this package can access to hidden camera ids.
09-07 14:08:19.722 I/CameraManager(14991): registerAvailabilityCallback: Is device callback = false
