--------- beginning of main
09-07 14:08:14.677 E/CamX    (  992): [ERROR][CSL    ] camxcslhw.cpp:296 CSLCloseHW() Dump any orphaned and acquired devices after close CSLHandle=11534848
09-07 14:08:14.681 E/CamX    (  992): [ERROR][HAL    ] camxhaldevice.cpp:1200 CloseCachedSensorHandles() pSensorDeviceCache=NULL for Logical CameraID=2, PhysicalID=1
09-07 14:08:14.681 I/Unihal  (  992): CameraHalManager.cpp: CloseCamera: 279: HAL close - End
09-07 14:08:14.681 I/Unihal  (  992): UniState.cpp: SetIsAlreadyCreated: 182: isAlreadyCreated=0, val=0
09-07 14:08:14.681 I/Unihal  (  992): FwkCaptureManager.cpp: Release: 166: Already released.
09-07 14:08:14.681 I/Unihal  (  992): UniHal3InterfaceEntry.cpp: uni_close_camera_hardware: 571: X (0)
09-07 14:08:14.681 D/HidlCamera3-Device( 1299): CameraPerf: close X (154ms)
09-07 14:08:14.682 D/Camera3-OutputStream( 1299): disconnectLocked: disconnecting stream 0 from native window
09-07 14:08:14.683 I/CameraLatencyHistogram( 1299): Stream 0 dequeueBuffer latency histogram (10) samples:
09-07 14:08:14.683 I/CameraLatencyHistogram( 1299):         5     10     15     20     25     30     35     40     45    inf (max ms)
09-07 14:08:14.683 I/CameraLatencyHistogram( 1299):      100.00   0.00   0.00   0.00   0.00   0.00   0.00   0.00   0.00   0.00 (%)
09-07 14:08:14.683 I/CameraLatencyHistogram( 1299): Stream 0 enqueueBuffer latency histogram (4) samples:
09-07 14:08:14.683 I/CameraLatencyHistogram( 1299):         5     10     15     20     25     30     35     40     45    inf (max ms)
09-07 14:08:14.683 I/CameraLatencyHistogram( 1299):      100.00   0.00   0.00   0.00   0.00   0.00   0.00   0.00   0.00   0.00 (%)
09-07 14:08:14.683 I/Camera3-Device( 1299): disconnectImpl: X
09-07 14:08:14.683 I/CameraServiceProxyWrapper( 1299): updateProxyDeviceState: notifyCameraState for Camera ID 3, newState 3, facing 1, clientName com.samsung.adaptivebrightnessgo, apiLevel 2
09-07 14:08:14.683 I/Camera3-Device( 1299): setDeviceInjector
09-07 14:08:14.683 D/CameraService( 1299): BasicClient::disconnect E
09-07 14:08:14.685 I/CameraService( 1299): this package is a adaptive brightness app.
09-07 14:08:14.685 I/CameraService( 1299): finishCameraOps: Finish camera ops, package name = com.samsung.adaptivebrightnessgo, client UID = 5021
09-07 14:08:14.685 I/CameraService( 1299): this package is a adaptive brightness app.
09-07 14:08:14.685 I/CameraService( 1299): Drop updateStatus callbak for package com.samsung.adaptivebrightnessgo(pid 14991)
09-07 14:08:14.686 I/CameraManagerGlobal(13724): Camera 3 facing CAMERA_FACING_FRONT state now CAMERA_STATE_CLOSED for client com.samsung.adaptivebrightnessgo API Level 2User Id 0
09-07 14:08:14.686 I/CameraManagerGlobal(14991): Camera 3 facing CAMERA_FACING_FRONT state now CAMERA_STATE_CLOSED for client com.samsung.adaptivebrightnessgo API Level 2User Id 0
09-07 14:08:14.686 I/CameraManagerGlobal( 5365): Camera 3 facing CAMERA_FACING_FRONT state now CAMERA_STATE_CLOSED for client com.samsung.adaptivebrightnessgo API Level 2User Id 0
09-07 14:08:14.687 I/CameraFlashlight( 1299): deviceClosed: device 3 is closed
09-07 14:08:14.686 I/CameraManagerGlobal( 2289): Camera 3 facing CAMERA_FACING_FRONT state now CAMERA_STATE_CLOSED for client com.samsung.adaptivebrightnessgo API Level 2User Id 0
09-07 14:08:14.687 I/CameraService( 1299): disconnect: Disconnected client for camera 3 for PID 14991
09-07 14:08:14.687 D/CameraService( 1299): BasicClient::disconnect X
09-07 14:08:14.687 I/CameraManagerGlobal( 4568): Camera 3 facing CAMERA_FACING_FRONT state now CAMERA_STATE_CLOSED for client com.samsung.adaptivebrightnessgo API Level 2User Id 0
09-07 14:08:14.687 I/CameraLightSensor_Service(14991): Camera released, time taken= 784 cameraLock= true
09-07 14:08:14.687 I/CameraLightSensor_Service(14991): stopBackgroundThread : mBackgroundHandler is set to null
09-07 14:08:14.687 I/CameraManagerGlobal( 3612): Camera 3 facing CAMERA_FACING_FRONT state now CAMERA_STATE_CLOSED for client com.samsung.adaptivebrightnessgo API Level 2User Id 0
09-07 14:08:14.687 I/CameraManagerGlobal(24584): Camera 3 facing CAMERA_FACING_FRONT state now CAMERA_STATE_CLOSED for client com.samsung.adaptivebrightnessgo API Level 2User Id 0
09-07 14:08:14.687 I/CameraManagerGlobal( 4487): Camera 3 facing CAMERA_FACING_FRONT state now CAMERA_STATE_CLOSED for client com.samsung.adaptivebrightnessgo API Level 2User Id 0
09-07 14:08:14.687 I/CameraManagerGlobal( 4487): onCameraDeviceStateChangedLocked: post device state update
09-07 14:08:14.687 I/CameraManagerGlobal( 2585): Camera 3 facing CAMERA_FACING_FRONT state now CAMERA_STATE_CLOSED for client com.samsung.adaptivebrightnessgo API Level 2User Id 0
09-07 14:08:14.688 I/CameraManagerGlobal( 4487): onCameraDeviceStateChangedLocked: post device state update
09-07 14:08:14.688 I/CameraManagerGlobal(31102): Camera 3 facing CAMERA_FACING_FRONT state now CAMERA_STATE_CLOSED for client com.samsung.adaptivebrightnessgo API Level 2User Id 0
09-07 14:08:14.688 I/CameraManagerGlobal(19610): Camera 3 facing CAMERA_FACING_FRONT state now CAMERA_STATE_CLOSED for client com.samsung.adaptivebrightnessgo API Level 2User Id 0
09-07 14:08:14.688 I/CameraManagerGlobal( 4959): Camera 3 facing CAMERA_FACING_FRONT state now CAMERA_STATE_CLOSED for client com.samsung.adaptivebrightnessgo API Level 2User Id 0
09-07 14:08:14.691 I/CameraManagerGlobal( 1191): Camera 3 facing CAMERA_FACING_FRONT state now CAMERA_STATE_CLOSED for client com.samsung.adaptivebrightnessgo API Level 2User Id 0
--------- beginning of system
09-07 14:08:14.692 I/RequestInjectorService( 1191): Samsung Camera is opened. ignore VT Camera Setting.
09-07 14:08:14.692 I/CameraManagerGlobal( 1191): onCameraDeviceStateChangedLocked: post device state update
09-07 14:08:14.722 I/BWU@Recorder(27657): Ph_input stream available : 6400 ==> flush  [ForkJoinPool.commonPool-worker-1] 
09-07 14:08:14.730 I/ISG_Wakeup_Verify(27657): [KWD] Normal - scores: [0.0557, 0.1172, t(94180)], [0.0488, 0.1543, t(94184)], [0.1143, 0.0723, t(94188)], [0.1240, 0.0967, t(94192)], [0.1113, 0.0732, t(94196)], RMS: 236
09-07 14:08:14.747 E/Watchdog( 1191): !@Sync: 1819 heap: 108 / 121 FD: 1230 [2025-09-07 14:08:14.746]
09-07 14:08:14.776 D/MotionRecognitionService( 1191): values = 100.0
09-07 14:08:14.776 D/MotionRecognitionService( 1191): onReceive lux: 100.0  action: 
09-07 14:08:14.776 D/MotionRecognitionService( 1191): Inject brightness form Cam 100.0
09-07 14:08:14.776 D/MotionRecognitionService( 1191): Inject calibrated lux
09-07 14:08:14.793 D/ActivityManager( 1191): force stop from com.android.server.am.ActivityManagerService.forceStopPackage:4766 com.android.server.am.ActivityManagerShellCommand.runForceStop:1236 
09-07 14:08:14.793 I/ActivityManager( 1191): Force stopping com.multispace.app.multispace_cloner appid=10499 user=0: from pid 31724
09-07 14:08:14.806 I/ActivityManager( 1191): Killing 19610:com.google.android.googlequicksearchbox:search/u0a224 (adj 999): empty #33
09-07 14:08:14.815 V/APM_AudioPolicyManager( 1030): setAppState(portId:1725, state:2)
09-07 14:08:14.824 D/SecPowerUI.Notification( 2289): showChargingNotice oldChargingType : 8 / currentChargingType : 8, oldChargingTime : 22858000 / mChargingTime : 22858000
09-07 14:08:14.824 D/SecPowerUI.Notification( 2289): There is no change about charging status, so return!
09-07 14:08:14.831 D/NandswapHandler( 1191): nandswap start for non-activity com.facebook.services(pid 29252) action:2 adj:500 type:3
09-07 14:08:14.847 D/CarrierSvcBindHelper( 2260): onHandleForceStop: [com.multispace.app.multispace_cloner]
09-07 14:08:14.848 D/CarrierSvcBindHelper( 2260): No carrier app for: 0
09-07 14:08:14.848 D/CarrierSvcBindHelper( 2260): No carrier app for: 1
09-07 14:08:14.854 D/RegisteredNfcFServicesCache( 2587): Service unchanged, not updating
09-07 14:08:14.856 W/BroadcastQueue( 1191): Background execution not allowed: receiving Intent { act=android.intent.action.PACKAGE_RESTARTED dat=package: flg=0x10 (has extras) } to android/com.kddi.android.CpaNotiReceiver
09-07 14:08:14.856 I/libprocessgroup( 1191): Successfully killed process cgroup uid 10224 pid 19610 in 44ms
09-07 14:08:14.890 D/NandswapHandler( 1191): nandswap end for non-activity com.facebook.services(pid 29252) ret:1 adj:500 sadj:500
09-07 14:08:14.910 I/BWU@Recorder(27657): Ph_input stream available : 6400 ==> flush  [ForkJoinPool.commonPool-worker-1] 
09-07 14:08:14.913 I/ISG_Wakeup_Verify(27657): [KWD] Normal - scores: [0.2256, 0.0264, t(94200)], [0.0605, 0.0664, t(94204)], [0.0420, 0.1133, t(94208)], [0.0332, 0.0898, t(94212)], [0.0518, 0.0518, t(94216)], RMS: 279
09-07 14:08:14.923 D/ConnectivityService( 1191): releasing NetworkRequest [ REQUEST id=2344, [ Capabilities: INTERNET&NOT_RESTRICTED&TRUSTED&NOT_VCN_MANAGED Uid: 10224 RequestorUid: 10224 RequestorPkg: com.google.android.googlequicksearchbox UnderlyingNetworks: Null] ] (release request)
09-07 14:08:14.923 D/ConnectivityService( 1191):  Removing from current network [103 WIFI], leaving 173 requests.
09-07 14:08:14.925 I/Zygote  (  893): Process 19610 exited due to signal 9 (Killed)
09-07 14:08:14.926 W/ActivityManager( 1191): Scheduling restart of crashed service com.google.android.googlequicksearchbox/com.google.frameworks.client.data.android.server.tiktok.assistant.SearchProcessEndpointService in 1000ms for connection
09-07 14:08:14.948 W/dfso    ( 4430): Retrying :search process anchoring grpc connection after error.
09-07 14:08:14.948 W/dfso    ( 4430): io.grpc.StatusException: UNAVAILABLE: Peer process crashed, exited or was killed (binderDied)
09-07 14:08:14.948 W/dfso    ( 4430): 	at fbgm.a(PG:17)
09-07 14:08:14.948 W/dfso    ( 4430): 	at eekr.a(PG:9)
09-07 14:08:14.948 W/dfso    ( 4430): 	at faxk.h(PG:1)
09-07 14:08:14.948 W/dfso    ( 4430): 	at faxh.a(PG:28)
09-07 14:08:14.948 W/dfso    ( 4430): 	at faxz.run(PG:7)
09-07 14:08:14.948 W/dfso    ( 4430): 	at fbeo.run(PG:12)
09-07 14:08:14.948 W/dfso    ( 4430): 	at ckac.run(PG:5)
09-07 14:08:14.948 W/dfso    ( 4430): 	at elno.run(PG:44)
09-07 14:08:14.948 W/dfso    ( 4430): 	at cjzo.run(PG:83)
09-07 14:08:14.948 W/dfso    ( 4430): 	at java.lang.Thread.run(Thread.java:1119)
09-07 14:08:14.948 W/dfso    ( 4430): 	at ckbg.run(PG:62)
09-07 14:08:14.951 I/dfrm    ( 4430): (REDACTED) Search process anchoring outcome changed: %s.
09-07 14:08:14.957 I/SemDvfsHyPerManager( 1191): acquire hyper - APP_LAUNCH/1191@53, type = -999
09-07 14:08:14.958 D/ActivityTaskManager( 1191): startActivityAsUser: callingPid=31729, callingUid=2000, caller=com.android.server.wm.ActivityTaskManagerService.startActivityAsUser:1816 com.android.server.am.ActivityManagerService.startActivityAsUserWithFeature:3747 com.android.server.am.ActivityManagerShellCommand.runStartActivity:656 com.android.server.am.ActivityManagerShellCommand.onCommand:222 com.android.modules.utils.BasicShellCommandHandler.exec:97 android.os.ShellCommand.exec:38 com.android.server.am.ActivityManagerService.onShellCommand:11263 
09-07 14:08:14.958 I/HYPER-HAL(  979): [RequestManager.cpp]acquire(): Acquired ID : 774443  [1191 / 53]    HINT : APP_LAUNCH    list : 
09-07 14:08:14.958 I/HYPER-HAL(  979): [ResourceManager.cpp]updateResource(): [CPULittleMinFreq] UpdateResource Request ID : 774443    Value : 1804800
09-07 14:08:14.958 D/CompatibilityChangeReporter( 1191): Compat change id reported: 161252188; UID 10499; state: DISABLED
09-07 14:08:14.958 I/ChimeraSystemEventListener( 1191): appLaunchIntent package name is: com.multispace.app.multispace_cloner
09-07 14:08:14.958 I/SemDvfsHyPerManager( 4487): acquire hyper - APP_START_SHORT/4487@12, type = -999
09-07 14:08:14.959 I/ActivityTaskManager( 1191): START u0 {flg=0x10000000 cmp=com.multispace.app.multispace_cloner/.MainActivity} from uid 2000
09-07 14:08:14.959 D/AppLockPolicy( 1191): isActivityInExceptionList: 
09-07 14:08:14.959 I/R0      ( 4487): limitGPUFreq:: freq = -1
09-07 14:08:14.959 I/R0      ( 4487): limitCPUFreq:: freq = -1
09-07 14:08:14.959 D/CompatibilityChangeReporter( 1191): Compat change id reported: 194480991; UID 10499; state: ENABLED
09-07 14:08:14.960 D/ActivityTaskManager( 1191): TaskLaunchParamsModifier:task=null activity=ActivityRecord{838faf7 u0 com.multispace.app.multispace_cloner/.MainActivity} display-id=0 display-windowing-mode=1 suggested-display-area=DefaultTaskDisplayArea@96001180
09-07 14:08:14.960 D/[secipm]( 1191): mSecIpmManager Preload com.multispace.app.multispace_cloner dex files
09-07 14:08:14.961 D/ActivityTaskManager( 1191): TaskLaunchParamsModifier:task=null activity=ActivityRecord{838faf7 u0 com.multispace.app.multispace_cloner/.MainActivity} t-1} display-id=0 display-windowing-mode=1 suggested-display-area=DefaultTaskDisplayArea@96001180 non-freeform-display display-area=DefaultTaskDisplayArea@96001180 maximized-bounds
09-07 14:08:14.962 I/SemDvfsHyPerManager( 1191): acquire hyper - AMS_APP_SWITCH/1191@22, type = -999
09-07 14:08:14.963 D/ActivityManagerPerformance( 1191): AMP_acquire() APP_SWITCH
09-07 14:08:14.963 I/SurfaceFlinger( 1073): id=5665 createSurf, flag=24004, Task=975#5665
09-07 14:08:14.964 I/HYPER-HAL(  979): [ResourceManager.cpp]updateResource(): [CPUMinFreq] UpdateResource Request ID : 774443    Value : 2208000
09-07 14:08:14.964 I/SemDvfsHyPerManager( 4487): acquire hyper - APP_START_SHORT/4487@12, type = -999
09-07 14:08:14.964 I/HYPER-HAL(  979): [RequestManager.cpp]acquire(): Acquired ID : 10122762  [4487 / 12]    HINT : APP_START    list : [TIMEOUT / 1500] 
09-07 14:08:14.965 I/HYPER-HAL(  979): [ResourceManager.cpp]updateResource(): [CPUMaxFreq] UpdateResource Request ID : 10122762    Value : 2208000
09-07 14:08:14.965 I/HYPER-HAL(  979): [RequestManager.cpp]releaseLocked(): Released ID : 10086790
09-07 14:08:14.966 I/HYPER-HAL(  979): [ResourceManager.cpp]removeResource(): [CPUMaxFreq] RemoveResource Request ID : 10077807
09-07 14:08:14.966 I/HYPER-HAL(  979): [RequestManager.cpp]releaseLocked(): Released ID : 10077807
09-07 14:08:14.966 I/HYPER-HAL(  979): [RequestManager.cpp]acquire(): Acquired ID : 736313  [1191 / 22]    HINT : AMS_APP_SWITCH    list : 
09-07 14:08:14.966 I/HYPER-HAL(  979): [ResourceManager.cpp]updateResource(): [CPULittleMinFreq] UpdateResource Request ID : 736313    Value : 1804800
09-07 14:08:14.966 D/ActivityTaskManager( 1191): TaskLaunchParamsModifier:task=Task{ec44d64 #975 type=standard I=com.multispace.app.multispace_cloner/.MainActivity U=0 visible=false visibleRequested=false mode=fullscreen translucent=true sz=0} activity=ActivityRecord{838faf7 u0 com.multispace.app.multispace_cloner/.MainActivity} t-1} display-from-task=0 display-id=0 display-windowing-mode=1 suggested-display-area=DefaultTaskDisplayArea@96001180 non-freeform-display display-area=DefaultTaskDisplayArea@96001180 maximized-bounds
09-07 14:08:14.967 D/CompatibilityChangeReporter( 1191): Compat change id reported: 174042980; UID 10499; state: DISABLED
09-07 14:08:14.968 D/CompatibilityChangeReporter( 1191): Compat change id reported: 184838306; UID 10499; state: DISABLED
09-07 14:08:14.968 D/CompatibilityChangeReporter( 1191): Compat change id reported: 185004937; UID 10499; state: DISABLED
09-07 14:08:14.968 D/CompatibilityChangeReporter( 1191): Compat change id reported: 181136395; UID 10499; state: DISABLED
09-07 14:08:14.968 D/CompatibilityChangeReporter( 1191): Compat change id reported: 174042936; UID 10499; state: DISABLED
09-07 14:08:14.969 I/HYPER-HAL(  979): [ResourceManager.cpp]updateResource(): [CPUMinFreq] UpdateResource Request ID : 736313    Value : 2208000
09-07 14:08:14.969 I/SurfaceFlinger( 1073): id=5666 createSurf, flag=80004, ActivityRecord{838faf7 u0 com.multispace.app.multispace_cloner/.MainActivity} t975}#5666
09-07 14:08:14.969 I/HYPER-HAL(  979): [RequestManager.cpp]acquire(): Acquired ID : 10122762  [4487 / 12]    HINT : APP_START    list : [TIMEOUT / 1500] 
09-07 14:08:14.969 I/HYPER-HAL(  979): [ResourceManager.cpp]updateResource(): [CPUMaxFreq] UpdateResource Request ID : 10122762    Value : 2208000
09-07 14:08:14.972 D/ActivityTaskManager( 1191): scheduleTopResumedActivityChanged, onTop=false r=ActivityRecord{d361236 u0 com.sec.android.app.launcher/.activities.LauncherActivity} t874} caller=com.android.server.wm.ActivityTaskSupervisor.updateTopResumedActivityIfNeeded:2510 com.android.server.wm.TaskDisplayArea.positionChildTaskAt:602 com.android.server.wm.TaskDisplayArea.positionChildAt:537 com.android.server.wm.Task.moveToFrontInner:6053 com.android.server.wm.Task.moveToFront:6019 com.android.server.wm.ActivityStarter.startActivityInner:2924 
09-07 14:08:14.974 W/WindowManager( 1191): Prepare app transition: mNextAppTransitionRequests=[TRANSIT_OPEN], mNextAppTransitionFlags=, displayId: 0 Callers=com.android.server.wm.DisplayContent.prepareAppTransition:6493 com.android.server.wm.DisplayContent.prepareAppTransition:6484 com.android.server.wm.Task.startActivityLocked:6595 com.android.server.wm.ActivityStarter.startActivityInner:2980 com.android.server.wm.ActivityStarter.startActivityUnchecked:2470 
09-07 14:08:14.975 V/WindowManager( 1191): Checking theme of starting window: 0x7f0e00a3
09-07 14:08:14.975 V/WindowManager( 1191): Translucent=false Floating=false ShowWallpaper=false Disable=false
09-07 14:08:14.975 D/CompatibilityChangeReporter( 1191): Compat change id reported: 205907456; UID 10499; state: ENABLED
09-07 14:08:14.975 V/WindowManager( 1191): Creating SplashScreenStartingData
09-07 14:08:14.975 D/ActivityTaskManager( 1191): Add starting com.android.server.wm.ActivityRecord$AddStartingWindow@a35fc82: typeParam=139
09-07 14:08:14.975 V/WindowManager( 1191): Add starting com.android.server.wm.ActivityRecord$AddStartingWindow@a35fc82: startingData=com.android.server.wm.SplashScreenStartingData@a784f93
09-07 14:08:14.975 V/WindowManager( 1191): Added starting ActivityRecord{838faf7 u0 com.multispace.app.multispace_cloner/.MainActivity} t975}: startingWindow=null startingView=com.android.server.wm.StartingSurfaceController$StartingSurface@c2adbd0
09-07 14:08:14.976 D/MotionRecognitionService( 1191): values = 100.0
09-07 14:08:14.976 D/MotionRecognitionService( 1191): onReceive lux: 100.0  action: 
09-07 14:08:14.976 D/MotionRecognitionService( 1191): Inject brightness form Cam 100.0
09-07 14:08:14.976 D/MotionRecognitionService( 1191): Inject calibrated lux
09-07 14:08:14.978 D/NativeCustomFrequencyManager( 2289): [NativeCFMS] BpCustomFrequencyManager::BpCustomFrequencyManager()
09-07 14:08:14.979 I/AppOps  ( 1191): updateUidProcState uid: 10041 procState: 1 capability:15
09-07 14:08:14.980 I/AppIconSolution( 2289): start to load, pkg=com.multispace.app.multispace_cloner, bg=126-126, dr=126-126, forDefault=false, density=0
09-07 14:08:14.980 I/AppIconSolution( 2289): getIconScale, pkg=com.multispace.app.multispace_cloner, size=126, iconScale=IconScale[alpha=3, scale=0.65999997, isCrop=false]
09-07 14:08:14.980 I/AppIconSolution( 2289): fromTheme2, pkg=com.multispace.app.multispace_cloner, bg=126-126, dr=126-126, tarScale=0.65999997, relScale=0.69299996, mask=false, isCropInTheme = false, isNight = true
09-07 14:08:14.983 V/APM_AudioPolicyManager( 1030): setAppState(portId:1725, state:2)
09-07 14:08:14.983 I/CameraService( 1299): onUidStateChanged: uid=10041, procState is changed. (0 -> 1)
09-07 14:08:14.984 I/SemDvfsHyPerManager( 1191): acquire hyper - AMS_APP_LAUNCH/1191@15, type = -999
09-07 14:08:14.986 I/HYPER-HAL(  979): [RequestManager.cpp]acquire(): Acquired ID : 727836  [1191 / 15]    HINT : AMS_APP_LAUNCH    list : 
09-07 14:08:14.986 I/HYPER-HAL(  979): [ResourceManager.cpp]updateResource(): [CPULittleMinFreq] UpdateResource Request ID : 727836    Value : 1804800
09-07 14:08:14.986 I/SemDvfsHyPerManager( 4487): acquire hyper - APP_START/4487@14, type = -999
09-07 14:08:14.988 D/CompatibilityChangeReporter( 1191): Compat change id reported: 168419799; UID 10499; state: DISABLED
09-07 14:08:14.988 I/HYPER-HAL(  979): [ResourceManager.cpp]updateResource(): [CPUMinFreq] UpdateResource Request ID : 727836    Value : 2208000
09-07 14:08:14.989 I/HYPER-HAL(  979): [RequestManager.cpp]acquire(): Acquired ID : 10131765  [4487 / 14]    HINT : APP_START    list : 
09-07 14:08:14.989 D/InputTransport( 1191): Input channel constructed: '34b5ece', fd=1214
09-07 14:08:14.989 D/InputTransport( 1191): Input channel constructed: '34b5ece', fd=1215
09-07 14:08:14.990 D/InputTransport( 1191): Input channel constructed: '34b5ece', fd=1217
09-07 14:08:14.990 I/HYPER-HAL(  979): [ResourceManager.cpp]updateResource(): [CPUMaxFreq] UpdateResource Request ID : 10131765    Value : 2208000
09-07 14:08:14.993 I/SurfaceFlinger( 1073): id=5667 createSurf, flag=80004, 34b5ece Splash Screen com.multispace.app.multispace_cloner#5667
09-07 14:08:14.993 V/WindowManager( 1191): addWindow: ActivityRecord{838faf7 u0 com.multispace.app.multispace_cloner/.MainActivity} t975} startingWindow=Window{34b5ece u0 Splash Screen com.multispace.app.multispace_cloner}
09-07 14:08:14.994 D/InputTransport( 1191): Input channel destroyed: '34b5ece', fd=1217
09-07 14:08:14.994 I/BaseActivity( 2706): removeActivityFlags, flags : 16
09-07 14:08:14.994 I/BaseActivity( 2706): removeActivityFlags, flags : 6
09-07 14:08:14.994 I/DragController( 2706): endDrag
09-07 14:08:14.994 W/LauncherAppWidgetHost( 2706): setShouldListenFlag, mFlags:15 flag:resume on:false isFront:false
09-07 14:08:14.995 W/PageOverlayMover( 2706): updateActivityLifecycleState : 3
09-07 14:08:14.995 I/PageOverlayServiceImpl( 5365): [FROM HOME] updateActivityLifecycleState : [3] : onPaused
09-07 14:08:14.995 I/SPayUpdater( 2706): updateSpayHandler launcher activity is paused false
09-07 14:08:14.995 D/InsetsController( 2289): onStateChanged: InsetsState: {mDisplayFrame=Rect(0, 0 - 1080, 2400), mDisplayCutout=DisplayCutout{insets=Rect(0, 91 - 0, 0) waterfall=Insets{left=0, top=0, right=0, bottom=0} boundingRect={Bounds=[Rect(0, 0 - 0, 0), Rect(503, 0 - 577, 91), Rect(0, 0 - 0, 0), Rect(0, 0 - 0, 0)]} cutoutPathParserInfo={CutoutPathParserInfo{displayWidth=1080 displayHeight=2400 physicalDisplayWidth=1080 physicalDisplayHeight=2400 density={2.625} cutoutSpec={M 0,0 H -14.0952380952381 V 34.66666666666667 H 14.0952380952381 V 0 H 0 Z @dp} rotation={0} scale={1.0} physicalPixelDisplaySizeRatio={1.0}}}}, mRoundedCorners=RoundedCorners{[RoundedCorner{position=TopLeft, radius=84, center=Point(84, 84)}, RoundedCorner{position=TopRight, radius=84, center=Point(996, 84)}, RoundedCorner{position=BottomRight, radius=84, center=Point(996, 2316)}, RoundedCorner{position=BottomLeft, radius=84, center=Point(84, 2316)}]}  mRoundedCornerFrame=Rect(0, 0 - 1080, 2400), mPrivacyIndicatorBounds=PrivacyIndicatorBounds {static bounds=Rect(964, 0 - 1080, 91) rotation=0}, mSources= { InsetsSource: {mType=ITYPE_STATUS_BAR, mFrame=[0,0][1080,91], mVisible=true, mInsetsRoundedCornerFrame=false}, InsetsSource: {mType=ITYPE_NAVIGATION_BAR, mFrame=[0,2274][1080,2400], mVisible=true, mInsetsRoundedCornerFrame=false}, InsetsSource: {mType=ITYPE_LEFT_GESTURES, mFrame=[0,0][0,2400], mVisible=true, mInsetsRoundedCornerFrame=false}, InsetsSource: {mType=ITYPE_RIGHT_GESTURES, mFrame=[1080,0][1080,2400], mVisible=true, mInsetsRoundedCornerFrame=false}, InsetsSource: {mType=ITYPE_TOP_MANDATORY_GESTURES, mFrame=[0,0][1080,123], mVisible=true, mInsetsRoundedCornerFrame=false}, InsetsSource: {mType=ITYPE_BOTTOM_MANDATORY_GESTURES, mFrame=[0,2274][1080,2400], mVisible=true, mInsetsRoundedCornerFrame=false}, InsetsSource: {mType=ITYPE_LEFT_DISPLAY_CUTOUT, mFrame=[0,0][-100000,2400], mVisible=true, mInsetsRoundedCornerFrame=false}, InsetsSource: {mType=ITYPE_TOP_DISPLAY_CUTOUT, mFrame=[0,0][1080,91], mVisible=true, mInsetsRoundedCornerFrame=false}, InsetsSource: {mType=ITYPE_RIGHT_DISPLAY_CUTOUT, mFrame=[100000,0][1080,2400], mVisible=true, mInsetsRoundedCornerFrame=false}, InsetsSource: {mType=ITYPE_BOTTOM_DISPLAY_CUTOUT, mFrame=[0,100000][1080,2400], mVisible=true, mInsetsRoundedCornerFrame=false}, InsetsSource: {mType=ITYPE_TOP_TAPPABLE_ELEMENT, mFrame=[0,0][1080,91], mVisible=true, mInsetsRoundedCornerFrame=false}, InsetsSource: {mType=ITYPE_BOTTOM_TAPPABLE_ELEMENT, mFrame=[0,2274][1080,2400], mVisible=true, mInsetsRoundedCornerFrame=false} } host=Splash Screen com.multispace.app.multispace_cloner from=android.view.ViewRootImpl.setView:1732
09-07 14:08:14.995 D/MARsPolicyManager( 1191): onPackageResumedFG pkgName = com.multispace.app.multispace_cloner, userId = 0
09-07 14:08:14.996 W/WindowManager( 1191): Prepare app transition: mNextAppTransitionRequests=[TRANSIT_OPEN, TRANSIT_OPEN], mNextAppTransitionFlags=, displayId: 0 Callers=com.android.server.wm.DisplayContent.prepareAppTransition:6493 com.android.server.wm.TaskFragment.resumeTopActivity:1573 com.android.server.wm.TaskFragment.resumeTopActivity:1307 com.android.server.wm.Task.resumeTopActivityInnerLocked:6451 com.android.server.wm.Task.resumeTopActivityUncheckedLocked:6352 
09-07 14:08:14.997 D/WindowManagerServiceExt( 1191): notifyOccludeChangeNotice: cn=ComponentInfo{com.multispace.app.multispace_cloner/com.multispace.app.multispace_cloner.MainActivity} occludesParent=true inMultiWindow=false styleFloating=false caller=com.android.server.wm.WindowManagerServiceExt.updateOccludeTargetIfNeeded:1402 com.android.server.wm.DisplayContent.ensureActivitiesVisible:7532 com.android.server.wm.RootWindowContainer.ensureActivitiesVisible:2248 com.android.server.wm.RootWindowContainer.ensureActivitiesVisible:2229 com.android.server.wm.TaskFragment.completePause:2076 
09-07 14:08:14.999 D/ConnectivityService( 1191): notifyType CALLBACK_CAP_CHANGED for [103 WIFI]
09-07 14:08:15.000 I/TopTaskTracker( 2706): onTaskMovedToFront : taskId = 975
09-07 14:08:15.000 D/SemWifiUsabilityStatsMonitor( 1191): onWifiUsabilityStats - seqNum 13939, isSameBssidAndFreq true
09-07 14:08:15.000 I/SemWifiLinkQualityMonitor( 1191): Link Qos Query: 0.404 ms / 19.812 Mbps (28 / 0.005 / 1.391)
09-07 14:08:15.001 I/ViewRootImpl@9969fff[multispace_cloner]( 2289): setView = android.widget.FrameLayout@be5a30b TM=true
09-07 14:08:15.002 V/NetworkCallbackWrapper( 5365): onCapabilitiesChanged: validated (not changed)
09-07 14:08:15.002 I/HBD     ( 4959): g onCapabilitiesChanged network : 103 current network state : wifi 
09-07 14:08:15.002 I/ViewRootImpl@9969fff[multispace_cloner]( 2289): performTraversals params={(0,0)(fillxfill) sim={adjust=pan} ty=APPLICATION_STARTING fmt=TRANSLUCENT wanim=0x1030001
09-07 14:08:15.002 I/ViewRootImpl@9969fff[multispace_cloner]( 2289):   fl=81030118
09-07 14:08:15.002 I/ViewRootImpl@9969fff[multispace_cloner]( 2289):   pfl=16000010
09-07 14:08:15.002 I/ViewRootImpl@9969fff[multispace_cloner]( 2289):   bhv=DEFAULT
09-07 14:08:15.002 I/ViewRootImpl@9969fff[multispace_cloner]( 2289):   fitSides= naviIconColor=0}
09-07 14:08:15.002 I/ViewRootImpl@9969fff[multispace_cloner]( 2289): performTraversals mFirst=true windowShouldResize=true viewVisibilityChanged=false mForceNextWindowRelayout=false params={(0,0)(fillxfill) sim={adjust=pan} ty=APPLICATION_STARTING fmt=TRANSLUCENT wanim=0x1030001
09-07 14:08:15.002 I/ViewRootImpl@9969fff[multispace_cloner]( 2289):   fl=81030118
09-07 14:08:15.002 I/ViewRootImpl@9969fff[multispace_cloner]( 2289):   pfl=16000010
09-07 14:08:15.002 I/ViewRootImpl@9969fff[multispace_cloner]( 2289):   bhv=DEFAULT
09-07 14:08:15.002 I/ViewRootImpl@9969fff[multispace_cloner]( 2289):   fitSides= naviIconColor=0}
09-07 14:08:15.002 D/[StandardPlus_1.1.9]_D2dProtocol(15113): onCapabilitiesChanged - SSID: <unknown ssid>, BSSID: 02:00:00:00:00:00, MAC: 02:00:00:00:00:00, IP: /192.168.0.114, Security type: 2, Supplicant state: COMPLETED, Wi-Fi standard: 4, RSSI: -78, Link speed: 28Mbps, Tx Link speed: 28Mbps, Max Supported Tx Link speed: 150Mbps, Rx Link speed: 43Mbps, Max Supported Rx Link speed: 150Mbps, Frequency: 2417MHz, Net ID: -1, Metered hint: false, score: 60, isUsable: true, CarrierMerged: false, SubscriptionId: -1, IsPrimary: 1, Trusted: true, Restricted: false, Ephemeral: false, OEM paid: false, OEM private: false, OSU AP: false, FQDN: <none>, Provider friendly name: <none>, Requesting package name: <none><none>MLO Information: , AP MLD Address: <none>, AP MLO Link Id: <none>, AP MLO Affiliated links: <none>
09-07 14:08:15.003 V/WindowManager( 1191): Relayout Window{34b5ece u0 Splash Screen com.multispace.app.multispace_cloner}: viewVisibility=0 req=1080x2400 d0
09-07 14:08:15.003 D/RestrictionPolicy( 1191): isScreenCaptureEnabled : ret=true userId=0
09-07 14:08:15.003 I/SurfaceFlinger( 1073): id=5668 createSurf, flag=40004, Splash Screen com.multispace.app.multispace_cloner$_2289#5668
09-07 14:08:15.004 D/WindowManager( 1191): makeSurface duration=0 name=Splash Screen com.multispace.app.multispace_cloner$_2289
09-07 14:08:15.008 V/WindowManager( 1191): Changing focus from Window{9baf928 u0 com.sec.android.app.launcher/com.sec.android.app.launcher.activities.LauncherActivity} to null displayId=0 Callers=com.android.server.wm.RootWindowContainer.updateFocusedWindowLocked:595 com.android.server.wm.WindowManagerService.updateFocusedWindowLocked:6803 com.android.server.wm.WindowManagerService.relayoutWindow:2813 com.android.server.wm.Session.relayout:274 
09-07 14:08:15.008 D/MARsPolicyManager( 1191): onPackageResumedFG pkgName = com.sec.android.app.launcher, userId = 0
09-07 14:08:15.009 D/StatusBarManagerService( 1191): notifyRequestedSystemKey recent=false home=false
09-07 14:08:15.009 V/WindowManager( 1191): rotationForOrientation(orient=SCREEN_ORIENTATION_UNSPECIFIED (-1), last=ROTATION_0 (0)); user=ROTATION_0 (0) 
09-07 14:08:15.009 D/InputDispatcher( 1191): Focus left window (0): 9baf928 com.sec.android.app.launcher/com.sec.android.app.launcher.activities.LauncherActivity
09-07 14:08:15.009 D/WindowManager( 1191): rotationForOrientation, orientationSource=ActivityRecord{838faf7 u0 com.multispace.app.multispace_cloner/.MainActivity} t975}
09-07 14:08:15.009 V/WindowManager( 1191): rotationForOrientation(orient=SCREEN_ORIENTATION_UNSPECIFIED (-1), last=ROTATION_0 (0)); user=ROTATION_0 (0) 
09-07 14:08:15.009 D/WindowManager( 1191): rotationForOrientation, orientationSource=ActivityRecord{838faf7 u0 com.multispace.app.multispace_cloner/.MainActivity} t975}
09-07 14:08:15.010 V/WindowManager( 1191): Computed rotation=ROTATION_0 (0) for display id=0 based on lastOrientation=SCREEN_ORIENTATION_UNSPECIFIED (-1) and oldRotation=ROTATION_0 (0), caller=com.android.server.wm.DisplayRotation.updateOrientation:414 com.android.server.wm.DisplayContent.updateOrientation:1990 com.android.server.wm.DisplayContent.updateOrientation:1872 com.android.server.wm.WindowManagerService.relayoutWindow:2844 com.android.server.wm.Session.relayout:274 android.view.IWindowSession$Stub.onTransact:779 
09-07 14:08:15.010 I/ViewRootImpl@5bbe4b0[LauncherActivity]( 2706): MSG_WINDOW_FOCUS_CHANGED 0 0
09-07 14:08:15.010 I/BaseActivity( 2706): removeActivityFlags, flags : 8
09-07 14:08:15.011 V/WindowManager( 1191): Relayout hash=34b5ece, pid=2289, syncId=-1: mAttrs={(0,0)(fillxfill) sim={adjust=pan} ty=APPLICATION_STARTING fmt=TRANSLUCENT wanim=0x1030001
09-07 14:08:15.011 V/WindowManager( 1191):   fl=81030118
09-07 14:08:15.011 V/WindowManager( 1191):   pfl=16000010
09-07 14:08:15.011 V/WindowManager( 1191):   bhv=DEFAULT
09-07 14:08:15.011 V/WindowManager( 1191):   fitSides= naviIconColor=0}
09-07 14:08:15.011 D/SemWifiSwitchForIndividualAppsService( 1191): stopTCPMonitoring : already stopped
09-07 14:08:15.011 D/CoreBackPreview( 1191): Window{34b5ece u0 Splash Screen com.multispace.app.multispace_cloner}: Setting back callback OnBackInvokedCallbackInfo{mCallback=android.window.IOnBackInvokedCallback$Stub$Proxy@f4299da, mPriority=0}
09-07 14:08:15.011 I/WifiConnectivityMonitor.NCC( 1191): sNetworkCallback(oCC) FULL : 103(true/false)[ Transports: WIFI Capabilities: NOT_METERED&INTERNET&NOT_RESTRICTED&TRUSTED&NOT_VPN&VALIDATED&NOT_ROAMING&FOREGROUND&NOT_CONGESTED&NOT_SUSPENDED&NOT_VCN_MANAGED LinkUpBandwidth>=3637Kbps LinkDnBandwidth>=16063Kbps TransportInfo: <SSID: <unknown ssid>, BSSID: 02:00:00:**:**:00, MAC: 02:00:00:**:**:00, IP: /192.168.0.114, Security type: 2, Supplicant state: COMPLETED, Wi-Fi standard: 4, RSSI: -78, Link speed: 28Mbps, Tx Link speed: 28Mbps, Max Supported Tx Link speed: 150Mbps, Rx Link speed: 43Mbps, Max Supported Rx Link speed: 150Mbps, Frequency: 2417MHz, Net ID: -1, Metered hint: false, score: 60, isUsable: true, CarrierMerged: false, SubscriptionId: -1, IsPrimary: 1, Trusted: true, Restricted: false, Ephemeral: false, OEM paid: false, OEM private: false, OSU AP: false, FQDN: <none>, Provider friendly name: <none>, Requesting package name: <none><none>MLO Information: , AP MLD Address: <none>, AP MLO Link Id: <none>, AP MLO Affiliated links: <none>> SignalStrength: -78 AdminUids: [1000] SSID: "Medhabi Munna" UnderlyingNetworks: Null]
09-07 14:08:15.012 I/WifiConnectivityMonitor( 1191): current mode : 1
09-07 14:08:15.012 D/OpenNetworkQos[4.00]( 1191): updateBssidNoInternet: mBssidNoInternet = false
09-07 14:08:15.012 D/OpenNetworkQos[4.00]( 1191): getOpenNetworkQosNoInternetStatus: false
09-07 14:08:15.012 D/InsetsController( 2289): onStateChanged: InsetsState: {mDisplayFrame=Rect(0, 0 - 1080, 2400), mDisplayCutout=DisplayCutout{insets=Rect(0, 91 - 0, 0) waterfall=Insets{left=0, top=0, right=0, bottom=0} boundingRect={Bounds=[Rect(0, 0 - 0, 0), Rect(503, 0 - 577, 91), Rect(0, 0 - 0, 0), Rect(0, 0 - 0, 0)]} cutoutPathParserInfo={CutoutPathParserInfo{displayWidth=1080 displayHeight=2400 physicalDisplayWidth=1080 physicalDisplayHeight=2400 density={2.625} cutoutSpec={M 0,0 H -14.0952380952381 V 34.66666666666667 H 14.0952380952381 V 0 H 0 Z @dp} rotation={0} scale={1.0} physicalPixelDisplaySizeRatio={1.0}}}}, mRoundedCorners=RoundedCorners{[RoundedCorner{position=TopLeft, radius=84, center=Point(84, 84)}, RoundedCorner{position=TopRight, radius=84, center=Point(996, 84)}, RoundedCorner{position=BottomRight, radius=84, center=Point(996, 2316)}, RoundedCorner{position=BottomLeft, radius=84, center=Point(84, 2316)}]}  mRoundedCornerFrame=Rect(0, 0 - 1080, 2400), mPrivacyIndicatorBounds=PrivacyIndicatorBounds {static bounds=Rect(964, 0 - 1080, 91) rotation=0}, mSources= { InsetsSource: {mType=ITYPE_STATUS_BAR, mFrame=[0,0][1080,91], mVisible=true, mInsetsRoundedCornerFrame=false}, InsetsSource: {mType=ITYPE_NAVIGATION_BAR, mFrame=[0,2274][1080,2400], mVisible=true, mInsetsRoundedCornerFrame=false}, InsetsSource: {mType=ITYPE_LEFT_GESTURES, mFrame=[0,0][0,2400], mVisible=true, mInsetsRoundedCornerFrame=false}, InsetsSource: {mType=ITYPE_RIGHT_GESTURES, mFrame=[1080,0][1080,2400], mVisible=true, mInsetsRoundedCornerFrame=false}, InsetsSource: {mType=ITYPE_TOP_MANDATORY_GESTURES, mFrame=[0,0][1080,123], mVisible=true, mInsetsRoundedCornerFrame=false}, InsetsSource: {mType=ITYPE_BOTTOM_MANDATORY_GESTURES, mFrame=[0,2274][1080,2400], mVisible=true, mInsetsRoundedCornerFrame=false}, InsetsSource: {mType=ITYPE_LEFT_DISPLAY_CUTOUT, mFrame=[0,0][-100000,2400], mVisible=true, mInsetsRoundedCornerFrame=false}, InsetsSource: {mType=ITYPE_TOP_DISPLAY_CUTOUT, mFrame=[0,0][1080,91], mVisible=true, mInsetsRoundedCornerFrame=false}, InsetsSource: {mType=ITYPE_RIGHT_DISPLAY_CUTOUT, mFrame=[100000,0][1080,2400], mVisible=true, mInsetsRoundedCornerFrame=false}, InsetsSource: {mType=ITYPE_BOTTOM_DISPLAY_CUTOUT, mFrame=[0,100000][1080,2400], mVisible=true, mInsetsRoundedCornerFrame=false}, InsetsSource: {mType=ITYPE_TOP_TAPPABLE_ELEMENT, mFrame=[0,0][1080,91], mVisible=true, mInsetsRoundedCornerFrame=false}, InsetsSource: {mType=ITYPE_BOTTOM_TAPPABLE_ELEMENT, mFrame=[0,2274][1080,2400], mVisible=true, mInsetsRoundedCornerFrame=false}, InsetsSource: {mType=ITYPE_IME, mFrame=[0,0][0,0], mVisibleFrame=[0,1409][1080,2400], mVisible=false, mInsetsRoundedCornerFrame=false} } host=Splash Screen com.multispace.app.multispace_cloner from=android.view.ViewRootImpl.relayoutWindow:9802
09-07 14:08:15.012 D/OpenNetworkQos[4.00]( 1191): getOpenNetworkQosScores: 0 26 26 
09-07 14:08:15.012 D/SettingsProvider( 1191): isChangeAllowed() : name = wifi_wcm_qos_sharing_score_summary
09-07 14:08:15.012 I/WifiProfileShare( 1191): network QoS data was changed (internet), updateQoSData networkType: true, qosData: false
09-07 14:08:15.012 V/WifiProfileShare.Caster( 1191): update wips network, size: 0
09-07 14:08:15.012 D/WifiProfileShare( 1191): nearby scanning settings run
09-07 14:08:15.012 D/WifiProfileShare( 1191): network score provider settings enabled
09-07 14:08:15.012 D/OpenNetworkQos[4.00]( 1191): getOpenNetworkQosScores: 0 26 26 
09-07 14:08:15.012 D/OpenNetworkQos[4.00]( 1191): getOpenNetworkQosNoInternetStatus: false
09-07 14:08:15.012 I/WifiProfileShare.Caster( 1191): current network type: 0, score: [0, 26, 26]
09-07 14:08:15.012 V/WifiProfileShare.Cache( 1191): update network score 9c:53:22:**:**:0e
09-07 14:08:15.013 D/WifiProfileShare.ScanMatcher( 1191): getMcfDataList size:1
09-07 14:08:15.013 I/WifiProfileShare.Caster( 1191): qos data was updated , before:type:QOS, pBssid:bb:6a:92, qosData:18 after:type:QOS, pBssid:bb:6a:92, qosData:18
09-07 14:08:15.013 D/CompatibilityChangeReporter( 1191): Compat change id reported: 135634846; UID 10499; state: DISABLED
09-07 14:08:15.013 D/CompatibilityChangeReporter( 1191): Compat change id reported: 177438394; UID 10499; state: DISABLED
09-07 14:08:15.013 D/[MCFServer]_McfMainController( 3106): getBleStatus - true.
09-07 14:08:15.013 D/CompatibilityChangeReporter( 1191): Compat change id reported: 135772972; UID 10499; state: DISABLED
09-07 14:08:15.013 I/ViewRootImpl@9969fff[multispace_cloner]( 2289): updateBlastSurfaceIfNeeded mBlastBufferQueue=null isSameSurfaceControl=false
09-07 14:08:15.013 D/CompatibilityChangeReporter( 1191): Compat change id reported: 135754954; UID 10499; state: ENABLED
09-07 14:08:15.013 I/[MCFSDK_android_1.2.4010]_4_b( 1191): isNetworkEnabled - type : 1 ret : true
09-07 14:08:15.013 D/WifiProfileShare.McfCast( 1191): -ME--- mIsNetworkEnabled :true
09-07 14:08:15.013 I/BLASTBufferQueue( 2289): new BLASTBufferQueue, mName= ViewRootImpl@9969fff[multispace_cloner] mNativeObject= 0xb400006e86936c00 sc.mNativeObject= 0xb400006eb5695a80 caller= android.view.ViewRootImpl.updateBlastSurfaceIfNeeded:2909 android.view.ViewRootImpl.relayoutWindow:9847 android.view.ViewRootImpl.performTraversals:3884 android.view.ViewRootImpl.doTraversal:3116 android.view.ViewRootImpl$TraversalRunnable.run:10885 android.view.Choreographer$CallbackRecord.run:1301 android.view.Choreographer$CallbackRecord.run:1309 android.view.Choreographer.doCallbacks:923 android.view.Choreographer.doFrame:852 android.view.Choreographer$FrameDisplayEventReceiver.run:1283 
09-07 14:08:15.013 I/BLASTBufferQueue( 2289): update, w= 1080 h= 2400 mName = ViewRootImpl@9969fff[multispace_cloner] mNativeObject= 0xb400006e86936c00 sc.mNativeObject= 0xb400006eb5695a80 format= -3 caller= android.graphics.BLASTBufferQueue.<init>:84 android.view.ViewRootImpl.updateBlastSurfaceIfNeeded:2909 android.view.ViewRootImpl.relayoutWindow:9847 android.view.ViewRootImpl.performTraversals:3884 android.view.ViewRootImpl.doTraversal:3116 android.view.ViewRootImpl$TraversalRunnable.run:10885 
09-07 14:08:15.014 I/ViewRootImpl@9969fff[multispace_cloner]( 2289): Relayout returned: old=(0,0,1080,2400) new=(0,0,1080,2400) req=(1080,2400)0 dur=11 res=0x3 s={true 0xb400006eb66a6800} ch=true seqId=0
09-07 14:08:15.014 D/OpenGLRenderer( 2289): eglCreateWindowSurface
09-07 14:08:15.015 I/ViewRootImpl@9969fff[multispace_cloner]( 2289): mThreadedRenderer.initialize() mSurface={isValid=true 0xb400006eb66a6800} hwInitialized=true
09-07 14:08:15.015 D/WifiProfileShare.McfCast( 1191): updateQoSData ignored, same contents
09-07 14:08:15.016 D/CompatibilityChangeReporter( 1191): Compat change id reported: 143937733; UID 10499; state: ENABLED
09-07 14:08:15.016 I/CocktailBarManagerServiceContainer( 1191): handleMessage: entry what = 6
09-07 14:08:15.016 D/SGM:FgCheckThread( 1191): notePauseComponent(), received pkgName: com.sec.android.app.launcher, userId: 0
09-07 14:08:15.016 I/ViewRootImpl@9969fff[multispace_cloner]( 2289): reportNextDraw android.view.ViewRootImpl.performTraversals:4438 android.view.ViewRootImpl.doTraversal:3116 android.view.ViewRootImpl$TraversalRunnable.run:10885 android.view.Choreographer$CallbackRecord.run:1301 android.view.Choreographer$CallbackRecord.run:1309 
09-07 14:08:15.016 I/ViewRootImpl@9969fff[multispace_cloner]( 2289): Setup new sync id=0
09-07 14:08:15.016 I/ViewRootImpl@9969fff[multispace_cloner]( 2289): Setting syncFrameCallback
09-07 14:08:15.016 I/ViewRootImpl@9969fff[multispace_cloner]( 2289): registerCallbacksForSync syncBuffer=false
09-07 14:08:15.017 D/SS:ContentCaptureService( 4361): onActivityEvent()
09-07 14:08:15.017 D/WifiProfileShare.MCF( 1191): success update QosData !
09-07 14:08:15.017 D/SS:DirectSuggestionManager( 4361): onActivityEvent() event:ActivityEvent[{com.sec.android.app.launcher/com.android.launcher3.uioverrides.QuickstepLauncher}]:ACTIVITY_PAUSED
09-07 14:08:15.017 D/SS:LocalPackageManager( 4361): isBrowserPackage() packageName:com.sec.android.app.launcher return :false
09-07 14:08:15.018 D/[MCFServer]_McfMainController( 3106): getBleStatus - true.
09-07 14:08:15.018 I/[MCFSDK_android_1.2.4010]_4_b( 1191): isNetworkEnabled - type : 1 ret : true
09-07 14:08:15.018 D/NetworkController.WifiSignalController( 2289): notifyListener: visible=true, connected=true, inetCondition=1, isDefault=true, wifiTestReported=true, receivedInetCondition=-1, hideDuringMobileSwitching=false
09-07 14:08:15.018 D/WifiProfileShare.McfCast( 1191): -ME--- mIsNetworkEnabled :true
09-07 14:08:15.018 D/WifiProfileShare.McfCast( 1191): -ME--- updatePasswordDate pwdData size:1
09-07 14:08:15.019 I/ViewRootImpl@9969fff[multispace_cloner]( 2289): Received frameDrawingCallback syncResult=0 frameNum=1.
09-07 14:08:15.019 I/NullBinder( 4533): NullBinder for android.net.action.RECOMMEND_NETWORKS triggering remote TransactionTooLargeException due to Service without Chimera impl, calling uid: 1000, calling pid: 0
09-07 14:08:15.019 I/ViewRootImpl@9969fff[multispace_cloner]( 2289): Setting up sync and frameCommitCallback
09-07 14:08:15.019 W/.gms.persistent( 4533): Large reply transaction of 1056768 bytes, interface descriptor , code 1
09-07 14:08:15.020 I/BLASTBufferQueue( 2289): [ViewRootImpl@9969fff[multispace_cloner]#217](f:0,a:0) onFrameAvailable the first frame is available
09-07 14:08:15.021 I/ViewRootImpl@9969fff[multispace_cloner]( 2289): Received frameCommittedCallback lastAttemptedDrawFrameNum=1 didProduceBuffer=true
09-07 14:08:15.022 I/ActivityManager( 1191): PendingStartActivityUids startActivity to updateOomAdj delay:73938ms, uid:10499
09-07 14:08:15.023 D/OpenGLRenderer( 2289): CFMS:: SetUp Pid : 2289    Tid : 2364
09-07 14:08:15.023 W/Parcel  ( 2289): Expecting binder but got null!
09-07 14:08:15.024 I/ViewRootImpl@9969fff[multispace_cloner]( 2289): onSyncComplete
09-07 14:08:15.024 I/ViewRootImpl@9969fff[multispace_cloner]( 2289): setupSync seqId=0 mSyncId=0 fn=1 caller=android.view.ViewRootImpl$$ExternalSyntheticLambda11.accept:6 android.window.SurfaceSyncer.lambda$setupSync$1$android-window-SurfaceSyncer:128 android.window.SurfaceSyncer$$ExternalSyntheticLambda1.accept:8 android.window.SurfaceSyncer$SyncSet.checkIfSyncIsComplete:382 android.window.SurfaceSyncer$SyncSet.markSyncReady:359 android.window.SurfaceSyncer.markSyncReady:151 android.view.ViewRootImpl.performTraversals:4503 
09-07 14:08:15.025 I/ViewRootImpl@9969fff[multispace_cloner]( 2289): reportDrawFinished seqId=0 mSyncId=-1 fn=1 mSurfaceChangedTransaction=0xb400006ecc74cd00
09-07 14:08:15.025 V/APM_AudioPolicyManager( 1030): setAppState(portId:1725, state:2)
09-07 14:08:15.026 V/APM_AudioPolicyManager( 1030): setAppState(portId:1725, state:2)
09-07 14:08:15.027 D/WindowManager( 1191): finishDrawingWindow: Window{34b5ece u0 Splash Screen com.multispace.app.multispace_cloner} mDrawState=DRAW_PENDING seqId=0
09-07 14:08:15.027 V/WindowManager( 1191): Finishing drawing window Window{34b5ece u0 Splash Screen com.multispace.app.multispace_cloner}: mDrawState=DRAW_PENDING
09-07 14:08:15.027 V/WindowManager( 1191): Draw state now committed in Window{34b5ece u0 Splash Screen com.multispace.app.multispace_cloner}
09-07 14:08:15.028 W/WindowManager( 1191): Execute app transition: mNextAppTransitionRequests=[TRANSIT_OPEN, TRANSIT_OPEN], mNextAppTransitionFlags=, displayId: 0 Callers=com.android.server.wm.ActivityRecord.onStartingWindowDrawn:7496 com.android.server.wm.WindowState.performShowLocked:5501 com.android.server.wm.WindowStateAnimator.commitFinishDrawingLocked:351 com.android.server.wm.DisplayContent.lambda$new$8:1189 com.android.server.wm.DisplayContent.$r8$lambda$OtLCIQFjCt9o-SYztyeDUcWUwGs:0 
09-07 14:08:15.028 D/WindowManager( 1191): performShow logReadyForDisplay win=Window{34b5ece u0 Splash Screen com.multispace.app.multispace_cloner} mToken.waitingToShow:true isTransitionSet:true
09-07 14:08:15.031 D/WindowManager( 1191): Loading animation for app transition. transit=TRANSIT_OLD_WALLPAPER_CLOSE enter=false frame=Rect(0, 0 - 1080, 2183) insets=Rect(0, 0 - 0, 0) surfaceInsets=Rect(0, 0 - 0, 0)
09-07 14:08:15.031 I/WindowManager( 1191): Reparenting to leash, surface=Surface(name=Task=1)/@0x77ec55b, leashParent=Surface(name=DefaultTaskDisplayArea)/@0x7df1f8
09-07 14:08:15.032 I/SurfaceFlinger( 1073): id=5669 createSurf, flag=24000, Surface(name=Task=1)/@0x77ec55b - animation-leash of app_transition#5669
09-07 14:08:15.033 D/WindowManager( 1191): makeSurface duration=1 leash=Surface(name=Surface(name=Task=1)/@0x77ec55b - animation-leash of app_transition)/@0x3e52d8a
09-07 14:08:15.033 D/WindowManager( 1191): Loading animation for app transition. transit=TRANSIT_OLD_WALLPAPER_CLOSE enter=true frame=Rect(0, 0 - 1080, 2400) insets=Rect(0, 91 - 0, 126) surfaceInsets=Rect(0, 0 - 0, 0)
09-07 14:08:15.033 I/WindowManager( 1191): Reparenting to leash, surface=Surface(name=Task=975)/@0x1e0b271, leashParent=Surface(name=DefaultTaskDisplayArea)/@0x7df1f8
09-07 14:08:15.033 I/SurfaceFlinger( 1073): id=5670 createSurf, flag=24004, Surface(name=Task=975)/@0x1e0b271 - animation-leash of app_transition#5670
09-07 14:08:15.034 D/WindowManager( 1191): makeSurface duration=1 leash=Surface(name=Surface(name=Task=975)/@0x1e0b271 - animation-leash of app_transition)/@0x7709856
09-07 14:08:15.035 D/Zygote  (  893): Forked child process 31739
09-07 14:08:15.035 V/WindowManager( 1191): performShowLocked: mDrawState=HAS_DRAWN in Window{34b5ece u0 Splash Screen com.multispace.app.multispace_cloner}
09-07 14:08:15.035 I/ActivityManager( 1191): Start proc 31739:com.multispace.app.multispace_cloner/u0a499 for next-top-activity {com.multispace.app.multispace_cloner/com.multispace.app.multispace_cloner.MainActivity}
09-07 14:08:15.035 D/DynamicHiddenApp_BGProtectManager( 1191): [SecIpm] it's a ML_TYPE_EMPTYPROCESS protected process com.multispace.app.multispace_cloner
09-07 14:08:15.038 I/SurfaceFlinger( 1073): id=5671 createSurf, flag=80000, 7d266f6 ActivityRecordInputSink com.multispace.app.multispace_cloner/.MainActivity#5671
09-07 14:08:15.040 D/NetdEventListenerService( 1191): DNS Requested by : 103, 1000
09-07 14:08:15.043 D/Bubbles ( 2289): onLocusVisibilityChanged: LocusId[17_chars] visible=false
09-07 14:08:15.046 D/FreecessController( 1191): io.virtualapp is top app, skip to freeze
09-07 14:08:15.056 I/Layer   ( 1073): Layer [Splash Screen com.multispace.app.multispace_cloner$_2289#5668] hidden!! flag(0)
09-07 14:08:15.064 I/ltispace_cloner(31739): Late-enabling -Xcheck:jni
09-07 14:08:15.083 I/ltispace_cloner(31739): Using CollectorTypeCC GC.
09-07 14:08:15.086 I/adbd    ( 9572): jdwp connection from 31739
09-07 14:08:15.089 D/SurfaceFlinger( 1073): Display 4630947232161729153 HWC layers:
09-07 14:08:15.089 D/SurfaceFlinger( 1073):      DEVICE | 0xb400007884081850 | 0100 | RGBx_8888    |  616.0    0.0 1624.0 2240.0 |    0    0 1080 2400 | Wallpaper BBQ wrapper#77
09-07 14:08:15.089 D/SurfaceFlinger( 1073):      DEVICE | 0xb40000786da01510 | 0100 | RGBA_8888    |    0.0    0.0 1080.0 2400.0 |    0    0 1080 2400 | com.sec.android.app.launcher/com.sec[...]tivities.LauncherActivity$_2706#5663
09-07 14:08:15.089 D/SurfaceFlinger( 1073):      DEVICE | 0xb40000786d9fba10 | 0100 | RGBA_8888    |    0.0    0.0 1080.0 2400.0 |   67  149 1013 2251 | Splash Screen com.multispace.app.multispace_cloner$_2289#5668
09-07 14:08:15.089 D/SurfaceFlinger( 1073):      DEVICE | 0xb400007884082880 | 0100 | RGBA_8888    |    0.0    0.0  166.0  205.0 |  914   91 1080  296 | $_16411#2869
09-07 14:08:15.089 D/SurfaceFlinger( 1073):      DEVICE | 0xb40000786d9fe720 | 0102 | RGBA_8888    |    0.0    0.0 1080.0    1.0 |    0    0 1080    1 | $_16411#2870
09-07 14:08:15.089 D/SurfaceFlinger( 1073):      DEVICE | 0xb40000786da01b30 | 0100 | RGBA_8888    |    0.0    0.0 1080.0   91.0 |    0    0 1080   91 | StatusBar$_2289#83
09-07 14:08:15.089 D/SurfaceFlinger( 1073):      DEVICE | 0xb4000078840815b0 | 0100 | RGBA_8888    |    0.0    0.0   67.0  342.0 | 1013 1009 1080 1351 | com.samsun
09-07 14:08:15.089 D/SurfaceFlinger( 1073): g.android.app.cocktailbars[...]ervice.CocktailBarService$_4536#5154
09-07 14:08:15.089 D/SurfaceFlinger( 1073):      CLIENT | 0xb40000786da01c10 | 0100 | RGBA_8888    |    0.0    0.0 1080.0  126.0 |    0 2274 1080 2400 | NavigationBar0$_2289#78
09-07 14:08:15.089 D/SurfaceFlinger( 1073):      CLIENT | 0xb400007884081930 | 0100 | RGBA_8888    |    0.0    0.0  270.0   48.0 |  405 2352  675 2400 | $_4875#4651
09-07 14:08:15.089 D/SurfaceFlinger( 1073): 
09-07 14:08:15.091 D/nativeloader(31739): Load libframework-connectivity-tiramisu-jni.so using APEX ns com_android_tethering for caller /apex/com.android.tethering/javalib/framework-connectivity-t.jar: ok
09-07 14:08:15.093 D/ActivityThread(31739): setConscryptValidator
09-07 14:08:15.093 D/ActivityThread(31739): setConscryptValidator - put
