09-07 14:08:19.723 I/CameraManagerGlobal(14991): postSingleUpdate device: camera id 0 status STATUS_PRESENT
09-07 14:08:19.723 I/CameraManagerGlobal(14991): postSingleUpdate device: camera id 1 status STATUS_PRESENT
09-07 14:08:19.723 I/CameraManagerGlobal(14991): postSingleUpdate device: camera id 2 status STATUS_PRESENT
09-07 14:08:19.723 I/CameraManagerGlobal(14991): postSingleUpdate device: camera id 3 status STATUS_PRESENT
09-07 14:08:19.724 I/CameraManagerGlobal(14991): postSingleUpdate device: camera id 20 status STATUS_PRESENT
09-07 14:08:19.724 I/CameraManagerGlobal(14991): postSingleUpdate device: camera id 21 status STATUS_PRESENT
09-07 14:08:19.724 I/CameraManagerGlobal(14991): postSingleUpdate device: camera id 23 status STATUS_PRESENT
09-07 14:08:19.724 I/CameraManagerGlobal(14991): postSingleUpdate device: camera id 40 status STATUS_PRESENT
09-07 14:08:19.724 I/CameraManagerGlobal(14991): postSingleUpdate device: camera id 41 status STATUS_PRESENT
09-07 14:08:19.724 I/CameraManagerGlobal(14991): postSingleUpdate device: camera id 50 status STATUS_PRESENT
09-07 14:08:19.724 I/CameraManagerGlobal(14991): postSingleUpdate device: camera id 52 status STATUS_PRESENT
09-07 14:08:19.724 I/CameraManagerGlobal(14991): postSingleUpdate device: camera id 54 status STATUS_PRESENT
09-07 14:08:19.724 I/CameraManagerGlobal(14991): postSingleUpdate device: camera id 80 status STATUS_PRESENT
09-07 14:08:19.726 I/CameraLightSensor_Service(14991): Camera 3 is available
09-07 14:08:19.726 I/CameraLightSensor_Service(14991): Camera open callback start
09-07 14:08:19.726 I/ISG_Wakeup_Verify(27657): [KWD] Normal - scores: [0.1123, 0.3076, t(94680)], [0.0469, 0.2354, t(94684)], [0.0664, 0.1836, t(94688)], [0.0352, 0.1973, t(94692)], [0.0664, 0.1152, t(94696)], RMS: 223
09-07 14:08:19.734 I/CameraService( 1299): CameraService::connect call (PID -1 "com.samsung.adaptivebrightnessgo", camera ID 3) and Camera API version 2
09-07 14:08:19.735 I/CameraService( 1299): isUidActiveLocked E: uid 5021, callingPackage com.samsung.adaptivebrightnessgo, isRegistered true
09-07 14:08:19.735 I/CameraService( 1299): isUidActiveLocked X: return true.
09-07 14:08:19.735 I/CameraService( 1299): this package is a adaptive brightness app.
09-07 14:08:19.736 I/CameraService( 1299): CameraService::validateClientPermissionsLocked is ok : calling pid 14991, calling uid 5021, client com.samsung.adaptivebrightnessgo , cameraservice pid=1299, device user 0, currently allowed device users: 0
09-07 14:08:19.736 I/CameraService( 1299): CameraService::handleEvictionsLocked
09-07 14:08:19.736 I/CameraService( 1299): this package is a adaptive brightness app.
09-07 14:08:19.737 I/CameraService( 1299): wouldEvictLocked: [incoming client] owner = 14991, priority-score=999, cost=100, returnIncompatibleClients=false
09-07 14:08:19.737 I/CameraService( 1299): wouldEvictLocked: [cost info] current cost=0, adding cost=100, total cost=100, max cost=100
09-07 14:08:19.737 I/CameraService( 1299): wouldEvictLocked: [highestPriority] owner=14991, score=999
09-07 14:08:19.737 I/CameraFlashlight( 1299): prepareDeviceOpen: prepare for device open(cameraId=3)
09-07 14:08:19.737 I/Camera2ClientBase( 1299): Camera 3: Opened. Client: com.samsung.adaptivebrightnessgo (PID 14991, UID 5021)
09-07 14:08:19.737 I/CameraDeviceClient( 1299): CameraDeviceClient 3: Opened
09-07 14:08:19.737 I/CameraService( 1299): isNoSALoggingPackage: com.samsung.adaptivebrightnessgo is a Samsung app so doesn't need SA logging.
09-07 14:08:19.740 I/CameraService( 1299): service.camera.client set to com.samsung.adaptivebrightnessgo
09-07 14:08:19.740 I/CameraService( 1299): startCameraOps: Start camera ops, package name = com.samsung.adaptivebrightnessgo, client UID = 5021
09-07 14:08:19.740 I/CameraService( 1299): this package is a adaptive brightness app.
09-07 14:08:19.746 E/AppOps  ( 1191): evalMode() Foreground mode : uid - 5021, op - 26, capability - 0
09-07 14:08:19.747 I/CameraService( 1299): Drop checking dpm for package com.samsung.adaptivebrightnessgo(pid 14991) from startCameraOps()
09-07 14:08:19.747 I/CameraService( 1299): Drop updateStatus callbak for package com.samsung.adaptivebrightnessgo(pid 14991)
09-07 14:08:19.748 D/Camera3-RequestInjector( 1299): RequestInjector[3] Mapper created
09-07 14:08:19.748 D/HidlCamera3-Device( 1299): CameraPerf: initialize E
09-07 14:08:19.748 D/HidlCamera3-Device( 1299): initialize: mInterfaceLock.lock()
09-07 14:08:19.750 I/CameraProviderManager( 1299): openHidlSession, using trampoline for v5.0
09-07 14:08:19.750 D/CameraProviderManager( 1299): CameraPerf: openHidlSession E
09-07 14:08:19.750 I/SehCamDev@5.0-impl(  992): [CAMKPI] camera3->open : E
09-07 14:08:19.751 I/Unihal  (  992): UniDebugLog.cpp: __unihal_log_status_update: 57: UpdateLogStatus 0000000d ERR 1 PERF 0 WARN 4 INFO 8 DEBUG 0 DUMP 0 STRACE 0 META 0
09-07 14:08:19.751 I/Unihal  (  992): UniHal3InterfaceEntry.cpp: uni_open_camera_hardware: 628: E cameraName: 3
09-07 14:08:19.751 I/Unihal  (  992): UniHal3InterfaceEntry.cpp: uni_open_camera_hardware: 630: UNIHAL_VERSION = "2.1"
09-07 14:08:19.751 I/Unihal  (  992): CameraDevice.cpp: OpenCameraHardware_v3: 401: name : 3 camera id : 3
09-07 14:08:19.751 I/CHI     (  992): [SS_INFO]: [SS_LOG_LEVEL]: 1, [DEVELOPER_LOG_LEVEL]: 0
09-07 14:08:19.751 E/CHI     (  992): [SS_ERR ]: [CHI         ]: chxextensionmodule.cpp: ExtendOpen: 1217: ***** CAMERA: 1 SENSOR: IMX616 opened ****
09-07 14:08:19.755 I/Unihal  (  992): UniState.cpp: transitState: 101: Transiting to state 1
09-07 14:08:19.756 I/Unihal  (  992): ParameterManager.cpp: SetCameraCharacteristics: 116: Registered camera characteristics successfully. : cameraId=3, characteristics=0xf0c1c000
09-07 14:08:19.756 I/Unihal  (  992): UniUtils.cpp: GetProductName: 169: Succeeded to get product name property. : productName=a71nsxx
09-07 14:08:19.756 I/Unihal  (  992): UniUtils.cpp: GetChipName: 191: Succeeded to get chip name property. : chipName=SM7150
09-07 14:08:19.756 I/Unihal  (  992): UniHal3InterfaceEntry.cpp: uni_open_camera_hardware: 656: X (0)
09-07 14:08:19.756 I/SehCamDev@5.0-impl(  992): [CAMKPI] camera3->open : X
09-07 14:08:19.756 I/Unihal  (  992): UniState.cpp: transitState: 101: Transiting to state 2
09-07 14:08:19.757 E/FMQ     (  992): grantorIdx must be less than 3
09-07 14:08:19.757 E/FMQ     (  992): grantorIdx must be less than 3
09-07 14:08:19.758 D/CameraProviderManager( 1299): CameraPerf: openHidlSession X (7ms)
09-07 14:08:19.759 D/HidlCamera3-Device( 1299): CameraPerf: initialize X (11ms)
09-07 14:08:19.759 D/Camera3-Device( 1299): CameraPerf: initializeCommonLocked: E
09-07 14:08:19.760 I/Camera3-Status( 1299): addComponent: Adding new component 0 - InflightRequests
09-07 14:08:19.760 I/Camera3-Status( 1299): addComponent: Adding new component 1 - RequestThread
09-07 14:08:19.760 D/Camera3-Device( 1299): initializeCommonLocked mTimestampOffset = 46733606009942ns.
09-07 14:08:19.760 D/Camera3-Device( 1299): CameraPerf: initializeCommonLocked: X (0ms)
09-07 14:08:19.760 E/Camera2-FrameProcessorBase( 1299): FrameProcessorBase: created
09-07 14:08:19.760 E/Camera2-FrameProcessorBase( 1299): registerListener: Registering listener for frame id range 0 - 2147483647
09-07 14:08:19.762 E/CameraServiceProxyWrapper( 1299): getRotateAndCropOverride: Failed during top activity orientation query: 
09-07 14:08:19.762 I/CameraService( 1299): connectHelper: overrideCameraMuteMode = false, isCameraPrivacyEnabled = false
09-07 14:08:19.762 I/CameraService( 1299): CameraService::finishConnectLocked E
09-07 14:08:19.762 I/CameraService( 1299): wouldEvictLocked: [incoming client] owner = 14991, priority-score=999, cost=100, returnIncompatibleClients=false
09-07 14:08:19.762 I/CameraService( 1299): wouldEvictLocked: [cost info] current cost=0, adding cost=100, total cost=100, max cost=100
09-07 14:08:19.762 I/CameraService( 1299): wouldEvictLocked: [highestPriority] owner=14991, score=999
09-07 14:08:19.762 I/CameraService( 1299): this package is a adaptive brightness app.
09-07 14:08:19.762 I/CameraService( 1299): addAndEvict: push the client(owner 14991, priorityScore 999, state 6) to mClients
09-07 14:08:19.762 I/CameraService( 1299): CameraService::finishConnectLocked X
09-07 14:08:19.762 I/CameraDeviceClient( 1299): notifyAppPackageName
09-07 14:08:19.762 D/HidlCamera3-Device( 1299): CameraPerf: setParameters E
09-07 14:08:19.763 I/Unihal  (  992): UniHal3InterfaceEntry.cpp: uni_set_parameters: 506: set_parameters : pkgName=com.samsung.adaptivebrightnessgo;
09-07 14:08:19.763 D/HidlCamera3-Device( 1299): CameraPerf: setParameters X (0ms)
09-07 14:08:19.763 I/CameraService( 1299): Notified package name to HAL.
09-07 14:08:19.763 I/CameraService( 1299): connectHelper: Skip Request Injector ExtraRequests to new client(com.samsung.adaptivebrightnessgo)
09-07 14:08:19.763 I/CameraServiceProxyWrapper( 1299): updateProxyDeviceState: notifyCameraState for Camera ID 3, newState 0, facing 1, clientName com.samsung.adaptivebrightnessgo, apiLevel 2
09-07 14:08:19.763 I/AudioManager( 1191): setParameters keyValuePairs = cameraFacing=front
09-07 14:08:19.763 I/CameraManagerGlobal( 2289): Camera 3 facing CAMERA_FACING_FRONT state now CAMERA_STATE_OPEN for client com.samsung.adaptivebrightnessgo API Level 2User Id 0
09-07 14:08:19.763 I/CameraManagerGlobal( 1191): Camera 3 facing CAMERA_FACING_FRONT state now CAMERA_STATE_OPEN for client com.samsung.adaptivebrightnessgo API Level 2User Id 0
09-07 14:08:19.764 I/CameraManagerGlobal( 2585): Camera 3 facing CAMERA_FACING_FRONT state now CAMERA_STATE_OPEN for client com.samsung.adaptivebrightnessgo API Level 2User Id 0
09-07 14:08:19.764 I/RequestInjectorService( 1191): Samsung Camera is opened. ignore VT Camera Setting.
09-07 14:08:19.764 I/CameraManagerGlobal( 1191): onCameraDeviceStateChangedLocked: post device state update
09-07 14:08:19.764 I/CameraManagerGlobal( 4487): Camera 3 facing CAMERA_FACING_FRONT state now CAMERA_STATE_OPEN for client com.samsung.adaptivebrightnessgo API Level 2User Id 0
09-07 14:08:19.764 I/CameraManagerGlobal( 4487): onCameraDeviceStateChangedLocked: post device state update
09-07 14:08:19.765 I/CameraManagerGlobal( 4487): onCameraDeviceStateChangedLocked: post device state update
09-07 14:08:19.765 I/CameraManagerGlobal(24584): Camera 3 facing CAMERA_FACING_FRONT state now CAMERA_STATE_OPEN for client com.samsung.adaptivebrightnessgo API Level 2User Id 0
09-07 14:08:19.765 I/CameraManagerGlobal( 4959): Camera 3 facing CAMERA_FACING_FRONT state now CAMERA_STATE_OPEN for client com.samsung.adaptivebrightnessgo API Level 2User Id 0
09-07 14:08:19.765 I/CameraService( 1299): isNoSALoggingPackage: com.samsung.adaptivebrightnessgo is a Samsung app so doesn't need SA logging.
09-07 14:08:19.765 I/CameraManagerGlobal( 5365): Camera 3 facing CAMERA_FACING_FRONT state now CAMERA_STATE_OPEN for client com.samsung.adaptivebrightnessgo API Level 2User Id 0
09-07 14:08:19.765 D/audio_hw_primary(  964): adev_set_parameters: enter: cameraFacing=front
09-07 14:08:19.765 D/audio_hw_hfp(  964): hfp_set_parameters: enter
09-07 14:08:19.765 V/audio_hw_sec(  964): sec_set_parameters: enter
09-07 14:08:19.765 D/audio_hw_extn(  964): audio_extn_fm_set_parameters: Enter
09-07 14:08:19.766 D/audio_hw_primary(  964): adev_set_parameters: exit with code(0)
09-07 14:08:19.766 I/CameraLightSensor_Service(14991): Camera open callback finish
09-07 14:08:19.766 I/CameraLightSensor_Service(14991): Camera acquired, time = 101326042
09-07 14:08:19.766 I/CameraManagerGlobal( 3612): Camera 3 facing CAMERA_FACING_FRONT state now CAMERA_STATE_OPEN for client com.samsung.adaptivebrightnessgo API Level 2User Id 0
09-07 14:08:19.766 D/HidlCamera3-Device( 1299): CameraPerf: constructDefaultRequestSettings templateId: 1 E
09-07 14:08:19.766 I/CameraManagerGlobal(13724): Camera 3 facing CAMERA_FACING_FRONT state now CAMERA_STATE_OPEN for client com.samsung.adaptivebrightnessgo API Level 2User Id 0
09-07 14:08:19.766 D/HidlCamera3-Device( 1299): CameraPerf: constructDefaultRequestSettings X (0ms)
09-07 14:08:19.766 I/CameraManagerGlobal( 4568): Camera 3 facing CAMERA_FACING_FRONT state now CAMERA_STATE_OPEN for client com.samsung.adaptivebrightnessgo API Level 2User Id 0
09-07 14:08:19.767 I/CameraManagerGlobal(14991): Camera 3 facing CAMERA_FACING_FRONT state now CAMERA_STATE_OPEN for client com.samsung.adaptivebrightnessgo API Level 2User Id 0
09-07 14:08:19.767 I/CameraManagerGlobal(31102): Camera 3 facing CAMERA_FACING_FRONT state now CAMERA_STATE_OPEN for client com.samsung.adaptivebrightnessgo API Level 2User Id 0
09-07 14:08:19.769 I/Audio_a2dpsink_hw(  964): adev_set_parameters: kevpairs=[cameraFacing=front]
09-07 14:08:19.769 D/HidlCamera3-Device( 1299): CameraPerf: setParameters E
09-07 14:08:19.769 I/Unihal  (  992): UniHal3InterfaceEntry.cpp: uni_set_parameters: 506: set_parameters : shootingmode=30
09-07 14:08:19.769 D/HidlCamera3-Device( 1299): CameraPerf: setParameters X (0ms)
09-07 14:08:19.770 D/Camera3-Device( 1299): waitUntilDrained: mInterfaceLock.unlock()
09-07 14:08:19.771 D/CameraDeviceClient( 1299): createStream E
09-07 14:08:19.771 D/SessionConfigUtils( 1299): createSurfaceFromGbp E: logicalCameraId=3, isStreamInfoValid=0, useCase=0, option=0x0, mirrorMode=0
09-07 14:08:19.771 W/SessionConfigUtils( 1299): createSurfaceFromGbp: Camera 3 with consumer usage flag: 256: Forcing asynchronous mode forstream
09-07 14:08:19.771 D/SessionConfigUtils( 1299): createSurfaceFromGbp: consumer usage flag: 256, useAsync: 1
09-07 14:08:19.772 D/SessionConfigUtils( 1299): createSurfaceFromGbp: width=1, height=1, format=1, dataSpace=0
09-07 14:08:19.772 W/SessionConfigUtils( 1299): createSurfaceFromGbp: Camera 3: Overriding format 0x1 to IMPLEMENTATION_DEFINED
09-07 14:08:19.772 D/SessionConfigUtils( 1299): roundBufferDimensionNearest  inWidth=1 inHeight=1, outWidth=176 outHeight=144 X
09-07 14:08:19.772 D/SessionConfigUtils( 1299): createSurfaceFromGbp X
09-07 14:08:19.772 D/Camera3-Device( 1299): createStream: mInterfaceLock.lock()
09-07 14:08:19.772 D/Camera3-Device( 1299): createStream: Camera 3: Creating new stream 0: 176 x 144, format 0x22(IMPL_DEF), dataspace 0 rotation 0 consumer usage 0, isShared 0, physicalCameraId , isMultiResolution 0 dynamicRangeProfile 0x1, streamUseCase 0, option 0x0, timestampBase 0, mirrorMode 0
09-07 14:08:19.773 D/Camera3-Device( 1299): createStream: mInterfaceLock.unlock()
09-07 14:08:19.773 D/CameraDeviceClient( 1299): createStream: Camera 3: Successfully created a new stream ID 0 for output surface (176 x 144) with format 0x22.
09-07 14:08:19.773 D/Camera3-Device( 1299): setStreamTransform: mInterfaceLock.lock()
09-07 14:08:19.773 D/CameraDeviceClient( 1299): createStream X
09-07 14:08:19.773 D/Camera3-Device( 1299): filterParamsAndConfigureLocked : operatingMode=0
09-07 14:08:19.773 D/Camera3-Device( 1299): CameraPerf: configureStreamsLocked: Camera 3: Stream configuration E
09-07 14:08:19.774 I/HidlCamera3-Device( 1299): configureStreams Before configuration Stream[0] : [176 x 144], usage: 0x100
09-07 14:08:19.774 I/SehCamDevSession@5.0-impl(  992): [CAMKPI] camera3->configure_streams : E
09-07 14:08:19.774 I/Unihal  (  992): UniHal3InterfaceEntry.cpp: uni_configure_streams: 273: operation_mode: 0, num_streams: 1, session_param: 0xf4a021f0
09-07 14:08:19.774 I/Unihal  (  992): UniHal3InterfaceEntry.cpp: uni_configure_streams: 278: stream[0]: stream(0xede810f8) : streamdId(0x0), scenarioType(PREVIEW), format(0x22), grallocUsage(0x100), size(176x144), streamType(0), option(0x0), maxBuffers(0), priv(0x0), dataspace(0), rotation(0), stream_timestamp(0), fps(0, 0), physCamId(), reserved Ptr(0x0, 0x0, 0x0, 0x0, 0x0, 0x0)
09-07 14:08:19.774 I/Unihal  (  992): UniState.cpp: transitState: 101: Transiting to state 3
09-07 14:08:19.774 I/Unihal  (  992): CameraHalUnit.cpp: ConfigureStreams: 232: cameraId=3, GetIsAlreadyCreated=0
09-07 14:08:19.774 I/Unihal  (  992): ScenarioManager.cpp: IsSupported3rdPartyApp: 1415: SAMSUNG_ANDROID_CONTROL_UNIHAL_ENABLE_MODE doesn't exist.
09-07 14:08:19.774 I/Unihal  (  992): ScenarioManager.cpp: IsSupported3rdPartyVideoHdr: 1177: SAMSUNG_ANDROID_UNIHAL_VIDEO_MODE doesn't exist.
09-07 14:08:19.774 I/Unihal  (  992): ScenarioManager.cpp: IsSupported3rdPartySdkVdis: 1240: SAMSUNG_ANDROID_UNIHAL_VIDEO_MODE doesn't exist.
09-07 14:08:19.774 I/Unihal  (  992): ScenarioManager.cpp: IsAllowed3rdParty: 2054: 3rd-party bypass is applied to this application.
09-07 14:08:19.774 I/Unihal  (  992): ScenarioManager.cpp: FindScenarioInfo: 2132: Current shootingMode=0x0001000d(UNI_SHOOTING_MODE_3RD_PARTY_BYPASS), cameraId=3(UNI_FWK_CAMERA_ID_FRONT_FULL)
09-07 14:08:19.774 I/Unihal  (  992): ScenarioManager.cpp: FindScenarioInfo: 2140: No Scenario is found for shootingMode(UNI_SHOOTING_MODE_3RD_PARTY_BYPASS)
09-07 14:08:19.774 I/Unihal  (  992): ScenarioManager.cpp: CheckEnableCondition: 2256: Unihal is disabled. : isSamsungCamera=false, isFactoryTest=false, isGalaxyRaw = false, isAllowed3rdParty=true, foundScenario=false, isValidStreamConfiguration=false, isSamsungVdisEnabled=false, shootingMode=UNI_SHOOTING_MODE_3RD_PARTY_BYPASS
09-07 14:08:19.774 I/Unihal  (  992): FwkCaptureManager.cpp: Release: 166: Already released.
09-07 14:08:19.774 I/Unihal  (  992): CameraHalUnit.cpp: ConfigureStreams: 260: Unihal is bypass mode in current scenario.
09-07 14:08:19.774 E/CHI     (  992): [SS_ERR ]: [CHI         ]: chxextensionmodule.cpp: isAvailableModule: 3443: Could not open filename: 
09-07 14:08:19.775 E/CHI     (  992): [SS_ERR ]: [CHI         ]: chxextensionmodule.cpp: isAvailableModule: 3507: Unsupported HW Ver: C32QS
09-07 14:08:19.780 E/CamX    (  992): [ERROR][PPROC  ] camxifenode.cpp:1050 Create() Unhandled node property Id 1
09-07 14:08:19.780 E/CamX    (  992): [ERROR][FD     ] camxfdhwnode.cpp:121 ProcessingNodeInitialize() [A71] Overriding FDClient: 0 -> 1
09-07 14:08:19.786 E/CHI     (  992): [SS_ERR ]: [CHI_DEFAULT ]: chxadvancedcamerausecase.cpp: EnablePerfLock: 3904: shoot mode= 30
09-07 14:08:19.786 I/Unihal  (  992): UniState.cpp: transitState: 101: Transiting to state 4
09-07 14:08:19.786 I/SehCamDevSession@5.0-impl(  992): [CAMKPI] camera3->configure_streams : X
09-07 14:08:19.786 D/HidlCamera3-Device( 1299): configureStreams : stream[0] : format = 0x22(IMPL_DEF), data_space = 0, usage flag = 0x20100 max_buffers = 8, physical_camera_id = 
09-07 14:08:19.786 D/Camera3-Device( 1299): CameraPerf: Connect Streams E
09-07 14:08:19.786 I/Camera3-Status( 1299): addComponent: Adding new component 2 - streamId = 0, format = 0x22(IMPL_DEF), width = 176, height = 144, option = 0x0, type = OUTPUT
09-07 14:08:19.787 D/Camera3-OutputStream( 1299): configureConsumerQueueLocked: Consumer wants 2 buffers, HAL wants 8
09-07 14:08:19.788 D/Camera3-Device( 1299): CameraPerf: Connect Streams X (1ms)
09-07 14:08:19.789 D/Camera3-Device( 1299): Set real time priority for request queue thread (tid 31821)
09-07 14:08:19.789 D/Camera3-Device( 1299): CameraPerf: configureStreamsLocked: Camera 3: Stream configuration X (15ms)
09-07 14:08:19.789 I/CameraLightSensor_Service(14991): mBackgroundHandler: Handler (android.os.Handler) {7f4d0b7}
09-07 14:08:19.789 I/CameraLightSensor_Service(14991): capture session start
09-07 14:08:19.789 I/CameraLightSensor_Service(14991): mBackgroundHandler: Handler (android.os.Handler) {7f4d0b7}
09-07 14:08:19.789 I/CameraLightSensor_Service(14991): capture session finish
09-07 14:08:19.789 I/CameraLightSensor_Service(14991): capture session finish - matrix metering
09-07 14:08:19.790 I/CameraLightSensor_Service(14991): open preview start
09-07 14:08:19.790 D/Camera3-Device( 1299): setStreamingRequestList: Enter: calling submitRequestsHelper: repeating = true
09-07 14:08:19.790 D/Camera3-Device( 1299): submitRequestsHelper: mInterfaceLock.lock()
09-07 14:08:19.790 I/Camera3-Device( 1299): Submit request type: 0x1, repeating(true), burst(false)
09-07 14:08:19.790 D/Camera3-Device( 1299): setRepeatingRequests: lastFrameNumber 0.
09-07 14:08:19.790 I/Camera3-Status( 1299): markComponent: Component 1 is now active - RequestThread
09-07 14:08:19.790 I/CameraService( 1299): startCameraStreamingOps: Start camera streaming ops, package name = com.samsung.adaptivebrightnessgo, client UID = 5021
09-07 14:08:19.790 I/CameraService( 1299): this package is a adaptive brightness app.
09-07 14:08:19.790 D/Camera3-Device( 1299): submitRequestsHelper: mInterfaceLock.unlock()
09-07 14:08:19.790 D/Camera3-Device( 1299): CameraPerf: PrepareHALRequests E
09-07 14:08:19.791 I/CameraLightSensor_Service(14991): mBackgroundHandler: Handler (android.os.Handler) {7f4d0b7}
09-07 14:08:19.791 E/AppOps  ( 1191): evalMode() Foreground mode : uid - 5021, op - 26, capability - 0
09-07 14:08:19.791 I/CameraService( 1299): Drop checking dpm for package com.samsung.adaptivebrightnessgo(pid 14991) from startCameraStreamingOps()
09-07 14:08:19.791 I/CameraServiceProxyWrapper( 1299): updateProxyDeviceState: notifyCameraState for Camera ID 3, newState 1, facing 1, clientName com.samsung.adaptivebrightnessgo, apiLevel 2
09-07 14:08:19.792 I/CameraManagerGlobal( 1191): Camera 3 facing CAMERA_FACING_FRONT state now CAMERA_STATE_ACTIVE for client com.samsung.adaptivebrightnessgo API Level 2User Id 0
09-07 14:08:19.792 I/CameraManagerGlobal( 2289): Camera 3 facing CAMERA_FACING_FRONT state now CAMERA_STATE_ACTIVE for client com.samsung.adaptivebrightnessgo API Level 2User Id 0
09-07 14:08:19.792 I/CameraManagerGlobal(14991): Camera 3 facing CAMERA_FACING_FRONT state now CAMERA_STATE_ACTIVE for client com.samsung.adaptivebrightnessgo API Level 2User Id 0
09-07 14:08:19.792 I/CameraManagerGlobal( 1191): onCameraDeviceStateChangedLocked: post device state update
09-07 14:08:19.792 I/CameraManagerGlobal( 4568): Camera 3 facing CAMERA_FACING_FRONT state now CAMERA_STATE_ACTIVE for client com.samsung.adaptivebrightnessgo API Level 2User Id 0
09-07 14:08:19.792 I/CameraManagerGlobal( 2585): Camera 3 facing CAMERA_FACING_FRONT state now CAMERA_STATE_ACTIVE for client com.samsung.adaptivebrightnessgo API Level 2User Id 0
09-07 14:08:19.792 I/CameraManagerGlobal(24584): Camera 3 facing CAMERA_FACING_FRONT state now CAMERA_STATE_ACTIVE for client com.samsung.adaptivebrightnessgo API Level 2User Id 0
09-07 14:08:19.793 I/RequestInjectorService( 1191): Samsung Camera is opened. ignore VT Camera Setting.
09-07 14:08:19.793 I/CameraManagerGlobal( 4487): Camera 3 facing CAMERA_FACING_FRONT state now CAMERA_STATE_ACTIVE for client com.samsung.adaptivebrightnessgo API Level 2User Id 0
09-07 14:08:19.793 I/CameraManagerGlobal( 4487): onCameraDeviceStateChangedLocked: post device state update
09-07 14:08:19.793 I/CameraManagerGlobal( 4487): onCameraDeviceStateChangedLocked: post device state update
09-07 14:08:19.793 I/CameraManagerGlobal(13724): Camera 3 facing CAMERA_FACING_FRONT state now CAMERA_STATE_ACTIVE for client com.samsung.adaptivebrightnessgo API Level 2User Id 0
09-07 14:08:19.793 I/Camera3-Status( 1299): markComponent: Component 2 is now active - streamId = 0, format = 0x22(IMPL_DEF), width = 176, height = 144, option = 0x0, type = OUTPUT
09-07 14:08:19.793 I/CameraManagerGlobal(31102): Camera 3 facing CAMERA_FACING_FRONT state now CAMERA_STATE_ACTIVE for client com.samsung.adaptivebrightnessgo API Level 2User Id 0
09-07 14:08:19.793 I/Camera3-Status( 1299): markComponent: Component 0 is now active - InflightRequests
09-07 14:08:19.793 D/Camera3-Device( 1299): CameraPerf: PrepareHALRequests X (2ms)
09-07 14:08:19.793 D/Camera3-Device( 1299): CameraPerf: sendRequestsBatch E
09-07 14:08:19.793 I/CameraManagerGlobal( 4959): Camera 3 facing CAMERA_FACING_FRONT state now CAMERA_STATE_ACTIVE for client com.samsung.adaptivebrightnessgo API Level 2User Id 0
09-07 14:08:19.794 D/MotionRecognitionService( 1191): values = 100.0
09-07 14:08:19.794 D/MotionRecognitionService( 1191): onReceive lux: 100.0  action: 
09-07 14:08:19.794 D/MotionRecognitionService( 1191): Inject brightness form Cam 100.0
09-07 14:08:19.794 I/CameraManagerGlobal( 5365): Camera 3 facing CAMERA_FACING_FRONT state now CAMERA_STATE_ACTIVE for client com.samsung.adaptivebrightnessgo API Level 2User Id 0
09-07 14:08:19.794 D/MotionRecognitionService( 1191): Inject calibrated lux
09-07 14:08:19.794 I/CameraManagerGlobal( 3612): Camera 3 facing CAMERA_FACING_FRONT state now CAMERA_STATE_ACTIVE for client com.samsung.adaptivebrightnessgo API Level 2User Id 0
09-07 14:08:19.794 D/AutoRotationHandler( 1191): inject auto rotation priority = 1.0
09-07 14:08:19.794 I/SehCamDevSession@5.0-impl(  992): [CAMKPI] camera3->process_capture_request : E
09-07 14:08:19.794 W/CamX    (  992): [ WARN][HAL    ] camxhal3.cpp:1274 process_capture_request() frame_number 0, num_output_buffers 0 -> 1
09-07 14:08:19.796 I/sensors-hal(  976): inject_sensor_data:171, auto_rotation ar_mode:1
09-07 14:08:19.796 I/sensors-hal(  976): write_auto_rotation_mode:158, write_auto_rotation_mode ar_mode:1
09-07 14:08:19.797 I/SSC_DAEMON(19343): physical_sensor_test_req_msg Sensor type :14, Msg type:15
09-07 14:08:19.797 I/SSC_DAEMON(19343): get_algo_ids Mode :8
09-07 14:08:19.797 I/SSC_DAEMON(19343): physical_sensor_test_req_msg ids type :2
09-07 14:08:19.797 I/SSC_DAEMON(19343): 0.algo_id:2, num:1
09-07 14:08:19.798 E/CamX    (  992): [ERROR][ISP    ] camxifenode.cpp:8755 FinalizeBufferProperties()  ERROR pInputPortRequirement->optimalHeightis 0
09-07 14:08:19.798 E/CamX    (  992): [ERROR][ISP    ] camxifenode.cpp:8755 FinalizeBufferProperties()  ERROR pInputPortRequirement->optimalHeightis 0
09-07 14:08:19.798 E/CamX    (  992): [ERROR][ISP    ] camxifenode.cpp:8766 FinalizeBufferProperties()  ERROR perOutputPortOptimalHeight is 0
09-07 14:08:19.798 E/CamX    (  992): [ERROR][CORE   ] camxosutilslinux.cpp:1283 InitializeFormatAlignment() plane-0 wxh: 176x144, planestride 256, sliceHeight 160, format=3, impDefined 1, alignment 128
09-07 14:08:19.798 E/CamX    (  992): [ERROR][CORE   ] camxosutilslinux.cpp:1283 InitializeFormatAlignment() plane-1 wxh: 176x72, planestride 256, sliceHeight 80, format=3, impDefined 1, alignment 128
09-07 14:08:19.798 I/QC_3A   (  992):  INFO: AEC: AECAlgoSetAlgoInterface: 1007: AEC vendorTagBase 0x805a0000
09-07 14:08:19.798 I/QC_3A   (  992):  INFO: AEC: AECAlgoSetAlgoInterface: 1016: AWB vendorTagBase 0x80570000
09-07 14:08:19.798 I/QC_3A   (  992):  INFO: AEC: AECAlgoSetAlgoInterface: 1025: AF vendorTagBase 0x805e0000
09-07 14:08:19.798 I/QC_3A   (  992):  INFO: AEC: CreateAECAlgorithm: 685: StaticAEC algo sizeOfParam for CHISTATSHANDLE is 12
09-07 14:08:19.798 I/QC_3A   (  992):  INFO: AEC: CreateAECAlgorithm: 694: AEC_VendorTag:: Lens Facing = 0 chiSessionHandle = 0xedc35550
09-07 14:08:19.798 I/QC_3A   (  992):  INFO: AEC: CreateAECAlgorithm: 713: AEC_VendorTag:: driverSensorId = 1
09-07 14:08:19.798 I/QC_3A   (  992):  INFO: AEC: CreateAECAlgorithm: 736: shootingMode : 30
09-07 14:08:19.798 I/QC_3A   (  992):  INFO: AEC: CreateAECAlgorithm: 750: StaticAEC algo create: camera open mask 0 
09-07 14:08:19.798 I/QC_3A   (  992):  INFO: AEC: CreateAECAlgorithm: 680: Given Camera role=0, camera id=1, type=0
09-07 14:08:19.798 I/QC_3A   (  992):  INFO: AEC: CreateAECAlgorithm: 760: CameraOpenIndicator : 0
09-07 14:08:19.798 I/QC_3A   (  992):  INFO: AEC: CreateAECAlgorithm: 778: Internal camera id= 1
09-07 14:08:19.799 I/SSC_DAEMON(19343): AR od: 8
09-07 14:08:19.800 I/CamX    (  992): [ INFO][STATS_AEC] qcaecalgorithminterface.cpp:589 AECAlgoSetNodeInterface() VendorTagBaseForAF: 2153578496
09-07 14:08:19.800 D/SensorListener(  992): sensor_listener_load is called!
09-07 14:08:19.800 D/SensorListener(  992): sensorListenerLoad is called! m_sensorListener(0x0)
09-07 14:08:19.800 D/SensorListener(  992): SensorListener is called!
09-07 14:08:19.800 D/SensorListener(  992): numSensors=37
09-07 14:08:19.800 I/QC_3A   (  992):  INFO: AEC: AECReadWarmStartSensitivity: 126: CamID:[1] AecWarmStart applied from the last executed!  Sensitivity:[460233952.000000][460233952.000000][460233952.000000]  ADRCgain:[1.000000]
09-07 14:08:19.800 I/QC_3A   (  992):  INFO: AEC: CreateAECAlgorithm: 870: AEC Wrapper loaded: algo=0xed9d3aa0, wrapper data=0xf0c39978, curCameraID 1
09-07 14:08:19.800 I/QC_3A   (  992):  INFO: AEC: CreateAECAlgorithm: 904: shootingMode : 30, preShootingMode : 0
09-07 14:08:19.800 I/QC_3A   (  992):  INFO: AEC: QcAecSetChromatix: 74: === CamID:[1] SnapshotControl XML - enableLLS:[0] LLSExpTimeLUT [1/1]  thresLuxIndex:[399.00]  requiredExpTime:[ 76923000] (1/13 sec)
09-07 14:08:19.801 E/CamX    (  992): [ERROR][NONE:    ] camxstatsroiprocessor.cpp:426: SetCropWindow AECROI: invalid crop window (0.000000, 0.000000, 0.000000, 0.000000)
09-07 14:08:19.801 I/QC_3A   (  992):  INFO: AEC: QcAecGetParam: 764: AECGetParam - result : 1
09-07 14:08:19.801 I/QC_3A   (  992):  INFO: AEC: QcAecSetParamToAlgo: 298: Set WarmStart Sensitivity
09-07 14:08:19.801 I/QC_3A   (  992):  INFO: AEC: QcAecSetParamToAlgo: 298: Set WarmStart Sensitivity
09-07 14:08:19.801 I/QC_3A   (  992):  INFO: AEC: QcAecSetParamToAlgo: 298: Set WarmStart Sensitivity
09-07 14:08:19.801 I/QC_3A   (  992):  INFO: AWB: AWBAlgoSetAlgoInterface: 812: AEC vendorTagBase 0x805a0000
09-07 14:08:19.801 I/QC_3A   (  992):  INFO: AWB: AWBAlgoSetAlgoInterface: 821: AWB vendorTagBase 0x80570000
09-07 14:08:19.801 I/QC_3A   (  992):  INFO: AWB: AWBAlgoSetAlgoInterface: 830: AF vendorTagBase 0x805e0000
09-07 14:08:19.802 I/QC_3A   (  992):  INFO: AWB: CreateAWBAlgorithm: 545: TuningData:: CAM:[8] initialCCT:[5555], initialGain:[r: 1.932547, g: 1.000000, b: 1.725889]
09-07 14:08:19.802 I/QC_3A   (  992):  INFO: AWB: CreateAWBAlgorithm: 556: TuningData:: [AWB-CAL] Golden [00] rg: 0.538706, bg: 0.483028
09-07 14:08:19.802 I/QC_3A   (  992):  INFO: AWB: CreateAWBAlgorithm: 556: TuningData:: [AWB-CAL] Golden [01] rg: 0.538706, bg: 0.483028
09-07 14:08:19.802 I/QC_3A   (  992):  INFO: AWB: CreateAWBAlgorithm: 556: TuningData:: [AWB-CAL] Golden [02] rg: 0.538706, bg: 0.483028
09-07 14:08:19.802 I/QC_3A   (  992):  INFO: AWB: CreateAWBAlgorithm: 556: TuningData:: [AWB-CAL] Golden [03] rg: 0.538706, bg: 0.483028
09-07 14:08:19.802 I/QC_3A   (  992):  INFO: AWB: CreateAWBAlgorithm: 556: TuningData:: [AWB-CAL] Golden [04] rg: 0.538706, bg: 0.483028
09-07 14:08:19.802 I/QC_3A   (  992):  INFO: AWB: CreateAWBAlgorithm: 556: TuningData:: [AWB-CAL] Golden [05] rg: 0.538706, bg: 0.483028
09-07 14:08:19.802 I/QC_3A   (  992):  INFO: AWB: CreateAWBAlgorithm: 556: TuningData:: [AWB-CAL] Golden [06] rg: 0.538706, bg: 0.483028
09-07 14:08:19.802 I/QC_3A   (  992):  INFO: AWB: CreateAWBAlgorithm: 556: TuningData:: [AWB-CAL] Golden [07] rg: 0.538706, bg: 0.483028
09-07 14:08:19.802 I/QC_3A   (  992):  INFO: AWB: CreateAWBAlgorithm: 556: TuningData:: [AWB-CAL] Golden [08] rg: 0.538706, bg: 0.483028
09-07 14:08:19.802 I/QC_3A   (  992):  INFO: AWB: CreateAWBAlgorithm: 556: TuningData:: [AWB-CAL] Golden [09] rg: 0.538706, bg: 0.483028
09-07 14:08:19.802 I/QC_3A   (  992):  INFO: AWB: CreateAWBAlgorithm: 556: TuningData:: [AWB-CAL] Golden [10] rg: 0.538706, bg: 0.483028
09-07 14:08:19.802 I/QC_3A   (  992):  INFO: AWB: CreateAWBAlgorithm: 556: TuningData:: [AWB-CAL] Golden [11] rg: 0.538706, bg: 0.483028
09-07 14:08:19.802 I/QC_3A   (  992):  INFO: AWB: CreateAWBAlgorithm: 556: TuningData:: [AWB-CAL] Golden [12] rg: 0.538706, bg: 0.483028
09-07 14:08:19.802 I/QC_3A   (  992):  INFO: AWB: CreateAWBAlgorithm: 556: TuningData:: [AWB-CAL] Golden [13] rg: 0.538706, bg: 0.483028
09-07 14:08:19.802 I/QC_3A   (  992):  INFO: AWB: CreateAWBAlgorithm: 556: TuningData:: [AWB-CAL] Golden [14] rg: 0.538706, bg: 0.483028
09-07 14:08:19.802 I/QC_3A   (  992):  INFO: AWB: CreateAWBAlgorithm: 461: StaticAWB algo sizeOfParam for CHISTATSHANDLE is 12
09-07 14:08:19.802 I/QC_3A   (  992):  INFO: AWB: CreateAWBAlgorithm: 470: AWB_VendorTag:: Lens Facing = 0 chiSessionHandle = 0xed3d348c
09-07 14:08:19.802 I/QC_3A   (  992):  INFO: AWB: CreateAWBAlgorithm: 489: AWB_VendorTag:: driverSensorId = 1
09-07 14:08:19.802 E/QC_3A   (  992): ERROR: AWB: CreateAWBAlgorithm: 511: shootingMode : 30
09-07 14:08:19.802 I/QC_3A   (  992):  INFO: AWB: CreateAWBAlgorithm: 524: StaticAWB algo create: camera open mask 0 
09-07 14:08:19.802 I/QC_3A   (  992):  INFO: AWB: CreateAWBAlgorithm: 456: Given Camera role=0, camera id=1, type=0
09-07 14:08:19.802 I/QC_3A   (  992):  INFO: AWB: CreateAWBAlgorithm: 566: [AWB-CAL] Module Cal Data check
09-07 14:08:19.802 I/QC_3A   (  992):  INFO: AWB: CreateAWBAlgorithm: 573: [AWB-CAL] CCT:[6500] isAvailable:[1] ratioRG:[0.534066] ratioBG:[0.464225]
09-07 14:08:19.802 I/QC_3A   (  992):  INFO: AWB: CreateAWBAlgorithm: 573: [AWB-CAL] CCT:[3800] isAvailable:[1] ratioRG:[0.534066] ratioBG:[0.464225]
09-07 14:08:19.802 I/QC_3A   (  992):  INFO: AWB: CreateAWBAlgorithm: 573: [AWB-CAL] CCT:[2850] isAvailable:[1] ratioRG:[0.534066] ratioBG:[0.464225]
09-07 14:08:19.802 I/QC_3A   (  992):  INFO: AWB: CreateAWBAlgorithm: 573: [AWB-CAL] CCT:[5000] isAvailable:[1] ratioRG:[0.534066] ratioBG:[0.464225]
09-07 14:08:19.802 I/QC_3A   (  992):  INFO: AWB: CreateAWBAlgorithm: 573: [AWB-CAL] CCT:[2300] isAvailable:[1] ratioRG:[0.534066] ratioBG:[0.464225]
09-07 14:08:19.802 I/QC_3A   (  992):  INFO: AWB: CreateAWBAlgorithm: 585: CameraOpenIndicator : 0
09-07 14:08:19.802 I/QC_3A   (  992):  INFO: AWB: CreateAWBAlgorithm: 603: Internal camera id= 1
09-07 14:08:19.804 I/QC_3A   (  992):  INFO: AWB: AWBReadWarmStartSensitivity: 118: [AWB-WARMSTART] CamID:[1] AwbWarmStart applied from the last executed! startGains:[1.806961][1.000000][1.932454]  CCT:[5319.000000]  Decision:[0.555615][0.517477]
09-07 14:08:19.804 I/QC_3A   (  992):  INFO: AWB: CreateAWBAlgorithm: 696: AWB Wrapper loaded: algo=0xeff52de8, wrapper data=0xeb0da168, curCameraID 1
09-07 14:08:19.804 I/QC_3A   (  992):  INFO: AWB: QcAwbSetSingleParamToAlgo: 35: [AWB-WARMSTART] shooting mode : 30
09-07 14:08:19.804 I/QC_3A   (  992):  INFO: AWB: QcAwbSetSingleParamToAlgo: 40: [AWB-WARMSTART] Previous CameraID: FRONT(1) Current CameraID: FRONT(1)
09-07 14:08:19.804 I/QC_3A   (  992):  INFO: AWB: QcAwbSetSingleParamToAlgo: 86: [AWB-WARMSTART] Set to Algo Gain[1.806961 : 1.000000 : 1.932454] CCT[5319.000000] curFrameDecision[0.555615 : 0.517477]
09-07 14:08:19.805 I/QC_3A   (  992):  INFO:  AF: AFAlgoSetAlgoInterface: 713: AEC vendorTagBase 0x805a0000
09-07 14:08:19.805 I/QC_3A   (  992):  INFO:  AF: AFAlgoSetAlgoInterface: 722: AWB vendorTagBase 0x80570000
09-07 14:08:19.805 I/QC_3A   (  992):  INFO:  AF: AFAlgoSetAlgoInterface: 731: AF vendorTagBase 0x805e0000
09-07 14:08:19.806 I/QC_3A   (  992):  INFO:  AF: CreateAFAlgorithm: 453: StaticAF algo sizeOfParam for CHISTATSHANDLE is 12
09-07 14:08:19.806 I/QC_3A   (  992):  INFO:  AF: CreateAFAlgorithm: 462: AF_VendorTag:: Lens Facing = 0 chiSessionHandle = 0xec7dd40c
09-07 14:08:19.806 I/QC_3A   (  992):  INFO:  AF: CreateAFAlgorithm: 481: AF_VendorTag:: driverSensorId = 1
09-07 14:08:19.806 I/QC_3A   (  992):  INFO:  AF: CreateAFAlgorithm: 499: StaticAF algo create: camera open mask 0 
09-07 14:08:19.806 I/QC_3A   (  992):  INFO:  AF: CreateAFAlgorithm: 448: Given Camera role=0, camera id=1
09-07 14:08:19.806 I/QC_3A   (  992):  INFO:  AF: CreateAFAlgorithm: 518: Internal camera id= 1
09-07 14:08:19.807 I/QC_3A   (  992):  INFO:  AF: QcAf_get_cal_data: 317: [AF_CAL_POS] EEPROMInfoTag 0x800b0003
09-07 14:08:19.807 I/QC_3A   (  992):  INFO:  AF: CreateAFAlgorithm: 609: AF Wrapper loaded: curCameraID 1
09-07 14:08:19.838 E/CamX    (  992): [ERROR][FD     ] camxfdmanagernode.cpp:270 PostPipelineCreate() [A71] Overriding FDClient: 0 -> 1
09-07 14:08:19.838 E/CamX    (  992): [ERROR][CORE   ] camxnode.cpp:3065 GetCameraConfiguration() Cannot get camera config for Node name Node::Preview_FDManager0
09-07 14:08:19.918 E/CamX    (  992): [ERROR][ISP    ] lsc34setting.cpp:119 CalculateTintlessSetting() ERROR!!! input 0xec8ab1e0, pData 0xeb7e8700, pOutput 0xea89c0d0, tintless Config 0xed3e4074,0xf51775cc,0x0,0xeda7b6e0
09-07 14:08:19.919 I/BWU@Recorder(27657): Ph_input stream available : 6400 ==> flush  [ForkJoinPool.commonPool-worker-1] 
09-07 14:08:19.927 I/ISG_Wakeup_Verify(27657): [KWD] Normal - scores: [0.0420, 0.1211, t(94700)], [0.0400, 0.0898, t(94704)], [0.0850, 0.2256, t(94708)], [0.0771, 0.3594, t(94712)], [0.0693, 0.3213, t(94716)], RMS: 158
09-07 14:08:19.955 I/SehCamDevSession@5.0-impl(  992): [CAMKPI] camera3->process_capture_request : X
09-07 14:08:19.955 W/HidlCamera3-Device( 1299): processBatchCaptureRequests: sehProcessCaptureRequest_5_0 return time exceeds 100000us (160994)us
09-07 14:08:19.956 D/Camera3-Device( 1299): CameraPerf: sendRequestsBatch X (162ms)
09-07 14:08:19.957 I/QC_3A   (  992):  INFO: AEC: QcAecSetChromatix: 44: CamID:[1] m_numSelectors:[7] default:[0] sensor:[1] usecase:[3] feature1:[0] feature2:[0] scene:[59] effect:[0]
09-07 14:08:19.958 I/QC_3A   (  992):  INFO: AWB: QcAwbGetVendorTagInfo: 516: CaptureIntent=1 recordinghint 0
09-07 14:08:19.959 I/QC_3A   (  992):  INFO: AEC: QcAecParseAecBgStats: 437: [1] AEC BG StatStruct SKIP exit now
09-07 14:08:19.959 I/QC_3A   (  992):  INFO: AEC: QcAecGetVendorTagInfo: 2648: pCaptureIntent:[1] recordinghint:[0] requestIdDelay:[0]
09-07 14:08:19.959 I/QC_3A   (  992):  INFO: AEC: QcAecGetVendorTagInfo: 2727: aeMode 1
09-07 14:08:19.960 I/QC_3A   (  992):  INFO: AEC: QcAecGetVendorTagInfo: 2818: ANDROID_CONTROL_AE_REGIONS Min:[0, 0] Max:[2640, 1980]
09-07 14:08:19.963 E/CamX    (  992): [ERROR][ISP    ] lsc34setting.cpp:119 CalculateTintlessSetting() ERROR!!! input 0xec8ab1e0, pData 0xeb7e8700, pOutput 0xf0a91c00, tintless Config 0xed3e4074,0xf51775cc,0x0,0xeda7b6e0
09-07 14:08:19.966 I/QC_3A   (  992):  INFO: AEC: QcAecParseAecBgStats: 437: [2] AEC BG StatStruct SKIP exit now
09-07 14:08:19.970 D/io_stats(  654): !@   8,0 r 1674835 64893836 w 1177982 108219304 d 0 0 f 0 0 iot 1061420 0 th 0 0 0 pt 0 inp 0 0 54592.640
09-07 14:08:19.974 I/QC_3A   (  992):  INFO: AEC: QcAecParseAecBgStats: 437: [3] AEC BG StatStruct SKIP exit now
09-07 14:08:19.995 D/MotionRecognitionService( 1191): values = 100.0
09-07 14:08:19.995 D/MotionRecognitionService( 1191): onReceive lux: 100.0  action: 
09-07 14:08:19.995 D/MotionRecognitionService( 1191): Inject brightness form Cam 100.0
09-07 14:08:19.995 D/MotionRecognitionService( 1191): Inject calibrated lux
09-07 14:08:20.110 I/SehCamDevSession@5.0-impl(  992): [CAMKPI] camera3->process_capture_result : E
09-07 14:08:20.112 I/SehCamDevSession@5.0-impl(  992): [CAMKPI] camera3->process_capture_result : X
09-07 14:08:20.112 D/Camera3-OutputStream( 1299): returnBufferCheckedLocked: First frame for stream 0, width 176, height 144, format 34
09-07 14:08:20.113 W/HidlCamera3-Device( 1299): processBatchCaptureRequests: sehProcessCaptureRequest_5_0 return time exceeds 100000us (131134)us
09-07 14:08:20.116 I/CameraLightSensor_Service(14991): open preview end
09-07 14:08:20.116 I/CameraLightSensor_Service(14991): wrong aEState value =1
09-07 14:08:20.118 I/BWU@Recorder(27657): Ph_input stream available : 6400 ==> flush  [ForkJoinPool.commonPool-worker-1] 
09-07 14:08:20.122 I/ISG_Wakeup_Verify(27657): [KWD] Normal - scores: [0.0625, 0.1719, t(94720)], [0.0430, 0.2266, t(94724)], [0.1182, 0.1172, t(94728)], [0.2646, 0.0674, t(94732)], [0.1992, 0.1270, t(94736)], RMS: 295
09-07 14:08:20.137 E/android.hardware.health@2.1-service-samsung(  973): Could not open /sys/class/power_supply/battery/lrp
09-07 14:08:20.141 D/BatteryService( 1191): Sending ACTION_BATTERY_CHANGED: level:34, status:2, health:2, ac:false, usb:true, wireless:false, pogo:false, misc:0x0, charge_type:2, charger_type:0, voltage:3731, temperature:388, online:4, current_avg:-13, ps:false, hvc:false, capacity:280000, current_event:0x8000, current_now:118, mcc:0, mcv:0, cc:1023000, present:true, scale:100, technology:Li-ion
09-07 14:08:20.144 D/MotionRecognitionService( 1191): [SAR]  onReceive : ACTION_BATTERY_CHANGED, Plugged: 2
09-07 14:08:20.144 I/DeviceBatteryInfoService( 1191): action: android.intent.action.BATTERY_CHANGED
09-07 14:08:20.144 I/DeviceBatteryInfoService( 1191): phone battery level: 34
09-07 14:08:20.144 I/DeviceBatteryInfoService( 1191): phone battery status: 2
09-07 14:08:20.145 D/PhoneWindowManagerExt( 1191): ACTION_BATTERY_CHANGED - Level=34, status=2
09-07 14:08:20.146 D/AdaptiveBrightnessLongtermModelBuilder( 1191): Received android.intent.action.BATTERY_CHANGED
09-07 14:08:20.145 D/SemBigDataInfoController( 2260): Intent: android.intent.action.BATTERY_CHANGED
09-07 14:08:20.146 D/SemWifiApBroadcastReceiver( 1191): Received : android.intent.action.BATTERY_CHANGED
09-07 14:08:20.146 D/SemBigDataInfoController( 2260): Intent: android.intent.action.BATTERY_CHANGED
09-07 14:08:20.146 D/KeyguardUpdateMonitor( 2289): received broadcast android.intent.action.BATTERY_CHANGED
09-07 14:08:20.146 I/PowerUI ( 2289): mBootCompleted = true |  mFullyConnected = true
09-07 14:08:20.146 I/PowerUI ( 2289): BATTERY_HEALTH_CHECK extraHealth=2 mBatteryMiscEvent=0
09-07 14:08:20.147 W/PowerUI ( 2289): Plug reason
09-07 14:08:20.147 W/PowerUI ( 2289): Skip charging animation - by plug status
09-07 14:08:20.147 D/PowerUI ( 2289): priorPlugType = 2 mPlugType = 2 priorBatteryStatus = 2 mBatteryStatus = 2
09-07 14:08:20.147 W/PowerUI ( 2289): Plug reason
09-07 14:08:20.147 W/PowerUI ( 2289): Skip charging sound - by plug status
09-07 14:08:20.147 D/SecPowerUI.Notification( 2289): dismissing low battery warning: level=34
09-07 14:08:20.147 D/SecPowerUI.Notification( 2289): updateNotification mWarning=false mPlaySound=false
09-07 14:08:20.147 D/SecPowerUI.Notification( 2289): SecBatteryStatsSnapshot{batteryLevel=34, currentBatteryMode=0, chargingTime=22858000, chargingType=8, batteryHealth=2, automaticTestMode=false, isHiccupState=false}
09-07 14:08:20.149 D/SecPowerUI.Notification( 2289): 1. restoreScreenTimeOut - saved_value : :
09-07 14:08:20.149 E/SecPowerUI.Notification( 2289): no saved value, so we do nothing !!
09-07 14:08:20.149 I/CameraLightSensor_Service(14991): open preview end
09-07 14:08:20.149 I/CameraLightSensor_Service(14991): wrong aEState value =1
09-07 14:08:20.150 I/PowerUI ( 2289): oldMisalign : false, curMisalign : false
09-07 14:08:20.152 D/BaseRestrictionMgr( 1191): Package: com.openai.chatgpt, userid: 0, hostingType: broadcast is Restricted by policy: 4 caller is: null
09-07 14:08:20.152 W/BroadcastQueue( 1191): intent:Intent { act=android.intent.action.BATTERY_CHANGED flg=0x60000010 (has extras) } is skipped in RestrictedPackage to ProcessRecord{3ecc104 27534:com.openai.chatgpt/u0a325}
09-07 14:08:20.152 D/BaseRestrictionMgr( 1191): Package: com.sec.android.app.voicenote, userid: 0, hostingType: broadcast is Restricted by policy: 4 caller is: null
09-07 14:08:20.152 W/BroadcastQueue( 1191): intent:Intent { act=android.intent.action.BATTERY_CHANGED flg=0x60000010 (has extras) } is skipped in RestrictedPackage to ProcessRecord{3b13633 31823:com.sec.android.app.voicenote/u0a305}
09-07 14:08:20.153 D/SecPowerUI.Notification( 2289): showChargingNotice oldChargingType : 8 / currentChargingType : 8, oldChargingTime : 22858000 / mChargingTime : 22858000
09-07 14:08:20.153 D/SecPowerUI.Notification( 2289): There is no change about charging status, so return!
09-07 14:08:20.153 D/PowerUI ( 2289): Battery swelling mode - priorBatterySwellingMode = 0 mBatterySwellingMode = 0 mBatteryStatus = 2
09-07 14:08:20.153 I/PowerUI ( 2289): mBatteryMiscEvent = 0
09-07 14:08:20.153 D/SamsungBatteryMeterDrawable( 2289): onBatteryLevelChanged isSomethingChanged: false
09-07 14:08:20.153 D/BaseRestrictionMgr( 1191): Package: com.google.android.youtube, userid: 0, hostingType: broadcast is Restricted by policy: 4 caller is: null
09-07 14:08:20.153 W/BroadcastQueue( 1191): intent:Intent { act=android.intent.action.BATTERY_CHANGED flg=0x60000010 (has extras) } is skipped in RestrictedPackage to ProcessRecord{f148cd5 27290:com.google.android.youtube/u0a235}
09-07 14:08:20.154 D/SamsungBatteryMeterDrawable( 2289): onBatteryLevelChanged isSomethingChanged: false
09-07 14:08:20.154 D/SamsungBatteryMeterDrawable( 2289): onBatteryLevelChanged isSomethingChanged: false
09-07 14:08:20.154 D/SamsungBatteryMeterDrawable( 2289): onBatteryLevelChanged isSomethingChanged: false
09-07 14:08:20.154 D/KeyguardUpdateMonitor( 2289): handleBatteryUpdate
09-07 14:08:20.156 I/AODBatteryManager( 2289): updateBatteryData: ACTION_BATTERY_CHANGED
09-07 14:08:20.157 I/AODBatteryManager( 2289): saveBatteryData : AOD BatteryData [mBatteryLevel=34, mBatteryStatus=CHARGING, mBatteryPlugType=USB, mBatteryPlugged=true, mRemainingChargeTime=22858000, mBatteryChargingType=1, mBatteryChargerType=NORMAL, mBatteryOnline=USB, mBatterySwellingMode=NONE, mBatteryProtectMode=false]
09-07 14:08:20.188 I/CameraLightSensor_Service(14991): open preview end
09-07 14:08:20.188 I/CameraLightSensor_Service(14991): wrong aEState value =1
09-07 14:08:20.196 D/MotionRecognitionService( 1191): values = 100.0
09-07 14:08:20.197 D/MotionRecognitionService( 1191): onReceive lux: 100.0  action: 
09-07 14:08:20.197 D/MotionRecognitionService( 1191): Inject brightness form Cam 100.0
09-07 14:08:20.197 D/MotionRecognitionService( 1191): Inject calibrated lux
09-07 14:08:20.231 I/CameraLightSensor_Service(14991): open preview end
09-07 14:08:20.231 I/CameraLightSensor_Service(14991): converged or locked aEState value =2
09-07 14:08:20.231 I/CameraLightSensor_Service(14991): exposure time=4.0E7 EV= 25 BV= 0.0 aEState=2 testPatternMode : 0
09-07 14:08:20.232 I/CameraLightSensor_Service(14991): stopTask called, isCameraStopPending : false
09-07 14:08:20.233 D/Camera3-Device( 1299): flush: mInterfaceLock.lock()
09-07 14:08:20.233 I/Camera3-Device( 1299): Creating CameraServiceWatchDog with cycles = 80, cycleLength = 100 ms and Timer = 8000 ms 
09-07 14:08:20.233 I/Camera3-Status( 1299): markComponent: Component 1 is now idle - RequestThread
09-07 14:08:20.233 D/CameraLightSensor_Manager( 1191):  Exposure= 25.0 Brightness= 0.0 Total listeners= 1
09-07 14:08:20.233 I/Camera3-Device( 1299): CameraServiceWatchDog::watchThread for mRequestThread->flush() with cycles = 80, cycleLength = 100 ms and Timer = 8000 ms 
09-07 14:08:20.233 D/HidlCamera3-Device( 1299): CameraPerf: flush E
09-07 14:08:20.233 D/MotionRecognitionService( 1191): values = 100.0
09-07 14:08:20.233 D/MotionRecognitionService( 1191): onReceive lux: 100.0  action: 
09-07 14:08:20.234 D/MotionRecognitionService( 1191): Inject brightness form Cam 100.0
09-07 14:08:20.234 D/MotionRecognitionService( 1191): Inject calibrated lux
09-07 14:08:20.234 I/Unihal  (  992): UniHal3InterfaceEntry.cpp: uni_flush: 479: E
09-07 14:08:20.234 I/Unihal  (  992): UniState.cpp: SetIsAlreadyCreated: 182: isAlreadyCreated=0, val=0
09-07 14:08:20.234 I/Unihal  (  992): UniState.cpp: transitState: 101: Transiting to state 5
09-07 14:08:20.234 I/Unihal  (  992): CameraHalUnit.cpp: Flush: 545: HAL flush - Start
09-07 14:08:20.234 E/CamX    (  992): [ERROR][HAL    ] camxhaldevice.cpp:1499 DumpFrameworkRequests() +   Error for Framework Request: 9, Num Output Buffers: 1, Partial Request: 1, Notify Error Sent: FALSE, Notify Shutter: FALSE
09-07 14:08:20.234 E/CamX    (  992): [ERROR][HAL    ] camxhaldevice.cpp:1499 DumpFrameworkRequests() +   Error for Framework Request: 8, Num Output Buffers: 1, Partial Request: 1, Notify Error Sent: FALSE, Notify Shutter: FALSE
09-07 14:08:20.234 E/CamX    (  992): [ERROR][HAL    ] camxhaldevice.cpp:1499 DumpFrameworkRequests() +   Error for Framework Request: 7, Num Output Buffers: 1, Partial Request: 1, Notify Error Sent: FALSE, Notify Shutter: FALSE
09-07 14:08:20.234 E/CamX    (  992): [ERROR][HAL    ] camxhaldevice.cpp:1499 DumpFrameworkRequests() +   Error for Framework Request: 6, Num Output Buffers: 1, Partial Request: 1, Notify Error Sent: FALSE, Notify Shutter: FALSE
09-07 14:08:20.234 E/CamX    (  992): [ERROR][HAL    ] camxhaldevice.cpp:1499 DumpFrameworkRequests() +   Error for Framework Request: 5, Num Output Buffers: 1, Partial Request: 1, Notify Error Sent: FALSE, Notify Shutter: FALSE
09-07 14:08:20.234 E/CamX    (  992): [ERROR][HAL    ] camxhaldevice.cpp:1499 DumpFrameworkRequests() +   Error for Framework Request: 4, Num Output Buffers: 1, Partial Request: 1, Notify Error Sent: FALSE, Notify Shutter: FALSE
09-07 14:08:20.235 E/CamX    (  992): [ERROR][CORE   ] camxnode.cpp:3681 CSLFenceCallback() Node::Preview_IFE0 : Type 65536 Fence 27 signaled with failure 1 in node fence handler FOR 10
09-07 14:08:20.235 E/CamX    (  992): [ERROR][CORE   ] camxnode.cpp:3681 CSLFenceCallback() Node::Preview_IFE0 : Type 65536 Fence 41 signaled with failure 1 in node fence handler FOR 6
09-07 14:08:20.236 E/CamX    (  992): [ERROR][CORE   ] camxnode.cpp:3681 CSLFenceCallback() Node::Preview_IFE0 : Type 65536 Fence 42 signaled with failure 1 in node fence handler FOR 6
09-07 14:08:20.236 E/CamX    (  992): [ERROR][CORE   ] camxnode.cpp:3681 CSLFenceCallback() Node::Preview_IFE0 : Type 65536 Fence 43 signaled with failure 1 in node fence handler FOR 6
09-07 14:08:20.236 E/CamX    (  992): [ERROR][CORE   ] camxnode.cpp:3681 CSLFenceCallback() Node::Preview_IFE0 : Type 65536 Fence 28 signaled with failure 1 in node fence handler FOR 10
09-07 14:08:20.236 E/CamX    (  992): [ERROR][CORE   ] camxnode.cpp:3681 CSLFenceCallback() Node::Preview_IFE0 : Type 65536 Fence 44 signaled with failure 1 in node fence handler FOR 6
09-07 14:08:20.236 E/CamX    (  992): [ERROR][CORE   ] camxnode.cpp:3681 CSLFenceCallback() Node::Preview_IFE0 : Type 65536 Fence 30 signaled with failure 1 in node fence handler FOR 10
09-07 14:08:20.236 E/CamX    (  992): [ERROR][CORE   ] camxnode.cpp:3681 CSLFenceCallback() Node::Preview_IFE0 : Type 65536 Fence 31 signaled with failure 1 in node fence handler FOR 10
