09-07 14:08:16.508 E/AndroidRuntime(31739): java.lang.UnsatisfiedLinkError: dlopen failed: library "libfrida-gadget.so" not found
09-07 14:08:16.508 E/AndroidRuntime(31739): 	at java.lang.Runtime.loadLibrary0(Runtime.java:1090)
09-07 14:08:16.508 E/AndroidRuntime(31739): 	at java.lang.Runtime.loadLibrary0(Runtime.java:1012)
09-07 14:08:16.508 E/AndroidRuntime(31739): 	at java.lang.System.loadLibrary(System.java:1765)
09-07 14:08:16.508 E/AndroidRuntime(31739): 	at com.multispace.app.multispace_cloner.AntiTamperProtection.detectFrida(AntiTamperProtection.kt:267)
09-07 14:08:16.508 E/AndroidRuntime(31739): 	at com.multispace.app.multispace_cloner.AntiTamperProtection.detectHookingFrameworks(AntiTamperProtection.kt:172)
09-07 14:08:16.508 E/AndroidRuntime(31739): 	at com.multispace.app.multispace_cloner.AntiTamperProtection.performInitialIntegrityChecks(AntiTamperProtection.kt:91)
09-07 14:08:16.508 E/AndroidRuntime(31739): 	at com.multispace.app.multispace_cloner.AntiTamperProtection.initializeProtection(AntiTamperProtection.kt:56)
09-07 14:08:16.508 E/AndroidRuntime(31739): 	at com.multispace.app.multispace_cloner.SecurityChannel.initialize(SecurityChannel.kt:18)
09-07 14:08:16.508 E/AndroidRuntime(31739): 	at com.multispace.app.multispace_cloner.MainActivity.configureFlutterEngine(MainActivity.kt:110)
09-07 14:08:16.508 E/AndroidRuntime(31739): 	at io.flutter.embedding.android.FlutterActivityAndFragmentDelegate.onAttach(FlutterActivityAndFragmentDelegate.java:219)
09-07 14:08:16.508 E/AndroidRuntime(31739): 	at io.flutter.embedding.android.FlutterActivity.onCreate(FlutterActivity.java:638)
09-07 14:08:16.508 E/AndroidRuntime(31739): 	at android.app.Activity.performCreate(Activity.java:8591)
09-07 14:08:16.508 E/AndroidRuntime(31739): 	at android.app.Activity.performCreate(Activity.java:8570)
09-07 14:08:16.508 E/AndroidRuntime(31739): 	at android.app.Instrumentation.callActivityOnCreate(Instrumentation.java:1384)
09-07 14:08:16.508 E/AndroidRuntime(31739): 	at android.app.ActivityThread.performLaunchActivity(ActivityThread.java:4150)
09-07 14:08:16.508 E/AndroidRuntime(31739): 	at android.app.ActivityThread.handleLaunchActivity(ActivityThread.java:4325)
09-07 14:08:16.508 E/AndroidRuntime(31739): 	at android.app.servertransaction.LaunchActivityItem.execute(LaunchActivityItem.java:101)
09-07 14:08:16.508 E/AndroidRuntime(31739): 	at android.app.servertransaction.TransactionExecutor.executeCallbacks(TransactionExecutor.java:135)
09-07 14:08:16.508 E/AndroidRuntime(31739): 	at android.app.servertransaction.TransactionExecutor.execute(TransactionExecutor.java:95)
09-07 14:08:16.508 E/AndroidRuntime(31739): 	at android.app.ActivityThread$H.handleMessage(ActivityThread.java:2574)
09-07 14:08:16.508 E/AndroidRuntime(31739): 	at android.os.Handler.dispatchMessage(Handler.java:106)
09-07 14:08:16.508 E/AndroidRuntime(31739): 	at android.os.Looper.loopOnce(Looper.java:226)
09-07 14:08:16.508 E/AndroidRuntime(31739): 	at android.os.Looper.loop(Looper.java:313)
09-07 14:08:16.508 E/AndroidRuntime(31739): 	at android.app.ActivityThread.main(ActivityThread.java:8762)
09-07 14:08:16.508 E/AndroidRuntime(31739): 	at java.lang.reflect.Method.invoke(Native Method)
09-07 14:08:16.508 E/AndroidRuntime(31739): 	at com.android.internal.os.RuntimeInit$MethodAndArgsCaller.run(RuntimeInit.java:604)
09-07 14:08:16.508 E/AndroidRuntime(31739): 	at com.android.internal.os.ZygoteInit.main(ZygoteInit.java:1067)
09-07 14:08:16.512 I/DropBoxManagerService( 1191): add tag=data_app_crash isTagEnabled=true flags=0x2
09-07 14:08:16.512 D/Debug   ( 1191): low && ship && 3rdparty app crash, do not dump
09-07 14:08:16.512 W/ContextImpl( 1191): Calling a method in the system process without a qualified user: android.app.ContextImpl.sendBroadcast:1252 com.android.server.am.AppErrors.crashApplicationInner:722 com.android.server.am.AppErrors.crashApplication:598 com.android.server.am.ActivityManagerService.handleApplicationCrashInner:10496 com.android.server.am.ActivityManagerService.handleApplicationCrash:10365 
09-07 14:08:16.513 W/ActivityManager( 1191): crash : com.multispace.app.multispace_cloner,10499
09-07 14:08:16.513 W/ActivityTaskManager( 1191):   Force finishing activity com.multispace.app.multispace_cloner/.MainActivity
09-07 14:08:16.513 W/WindowManager( 1191): Prepare app transition: mNextAppTransitionRequests=[TRANSIT_CLOSE], mNextAppTransitionFlags=TRANSIT_FLAG_KEYGUARD_GOING_AWAY_TO_LAUNCHER_WITH_IN_WINDOW_ANIMATIONS | TRANSIT_FLAG_APP_CRASHED, displayId: 0 Callers=com.android.server.wm.DisplayContent.prepareAppTransition:6493 com.android.server.wm.DisplayContent.requestTransitionAndLegacyPrepare:6509 com.android.server.wm.Task.finishTopCrashedActivityLocked:6797 com.android.server.wm.RootWindowContainer.lambda$finishTopCrashedActivities$19:2688 com.android.server.wm.RootWindowContainer.$r8$lambda$4nB35TzseTo6qyVD9NxDieoJN1Y:0 
09-07 14:08:16.514 D/ActivityTaskManager( 1191): scheduleTopResumedActivityChanged, onTop=false r=ActivityRecord{838faf7 u0 com.multispace.app.multispace_cloner/.MainActivity} t975 f}} caller=com.android.server.wm.ActivityTaskSupervisor.updateTopResumedActivityIfNeeded:2510 com.android.server.wm.TaskDisplayArea.positionChildTaskAt:602 com.android.server.wm.TaskDisplayArea.positionChildAt:537 com.android.server.wm.WindowContainer.positionChildAt:970 com.android.server.wm.Task.positionChildAt:3354 com.android.server.wm.Task.moveToFrontInner:6053 
09-07 14:08:16.514 D/InputDispatcher( 1191): Focused application(0): ActivityRecord{d361236 u0 com.sec.android.app.launcher/.activities.LauncherActivity} t874}
09-07 14:08:16.515 D/SGM:FgCheckThread( 1191): TaskStackListener.onTaskFocusChanged(), taskId=975, focused=false
09-07 14:08:16.515 D/SGM:FgCheckThread( 1191): TaskStackListener.onTaskFocusChanged(), taskId=874, focused=true
09-07 14:08:16.515 D/SGM:FgCheckThread( 1191):   sendRunningComponentFocus(), pkgName: com.sec.android.app.launcher, userId: 0
09-07 14:08:16.515 D/SGM:FgCheckThread( 1191): onLooperPrepared(), msg: MSG_TASK_FOCUSED, pkgName: com.sec.android.app.launcher, userId: 0
09-07 14:08:16.515 D/SGM:FgCheckThread( 1191): handleTaskFocused().
09-07 14:08:16.515 D/AS.MultiSoundManager( 1191): mForegroundUid = 10125
09-07 14:08:16.515 D/SGM:FgCheckThread( 1191): sendFocusOutConditionally() - mPrevNotiPkg: (unknown), userId: 0
09-07 14:08:16.515 D/SGM:FgCheckThread( 1191):   handleTaskFocused(), pkgName: com.sec.android.app.launcher, userID:0 mResumedPkgMap does not containsKey.
09-07 14:08:16.515 D/AppLockPolicy( 1191): isActivityInExceptionList: 
09-07 14:08:16.516 W/WindowManager( 1191): Prepare app transition: mNextAppTransitionRequests=[TRANSIT_CLOSE, TRANSIT_CLOSE], mNextAppTransitionFlags=TRANSIT_FLAG_KEYGUARD_GOING_AWAY_TO_LAUNCHER_WITH_IN_WINDOW_ANIMATIONS | TRANSIT_FLAG_APP_CRASHED, displayId: 0 Callers=com.android.server.wm.DisplayContent.prepareAppTransition:6493 com.android.server.wm.DisplayContent.prepareAppTransition:6484 com.android.server.wm.ActivityRecord.finishIfPossible:4151 com.android.server.wm.ActivityRecord.finishIfPossible:3966 com.android.server.wm.Task.finishTopCrashedActivityLocked:6798 
09-07 14:08:16.516 D/RestrictionPolicy( 1191): isScreenCaptureEnabled : ret=true userId=0
09-07 14:08:16.522 I/Layer   ( 1073): id=5672 Destroyed Screenshot Parent#5672
09-07 14:08:16.522 I/NearbyMediums( 4533): Query 5G available channels from WifiScanner [5745, 5765, 5785, 5805, 5825]
09-07 14:08:16.523 I/BWU@Recorder(27657): Ph_input stream available : 6400 ==> flush  [ForkJoinPool.commonPool-worker-1] 
09-07 14:08:16.526 I/NearbyMediums( 4533): Query 2.4G available channels from WifiScanner [2412, 2417, 2422, 2427, 2432, 2437, 2442, 2447, 2452, 2457, 2462, 2467, 2472]
09-07 14:08:16.527 I/NearbyMediums( 4533): No BLE Fast/GATT advertisements found in the latest cycle.
09-07 14:08:16.527 I/NearbyMediums( 4533): Current Tracked Scanning Clients are : {NearbyConnections.EnvironmentMonitor, NearbySharing, NearbyConnections.TxAdvertisement}
09-07 14:08:16.527 I/NearbyMediums( 4533): Querying usable channels is unsupported on the local device or unsupported on WIFI_BAND_5_GHZ_WITH_DFS of OP_MODE_WIFI_AWARE.
09-07 14:08:16.528 I/NearbyMediums( 4533): Querying usable channels is unsupported on the local device or unsupported on WIFI_BAND_24_GHZ of OP_MODE_WIFI_AWARE.
09-07 14:08:16.528 I/NearbyMediums( 4533): [DeviceCapabilities] Get wifi usable channels from cache for mode AWARE (tryToRefreshCache:true channels:[])
09-07 14:08:16.528 W/NearbyConnections( 4533): [PcpManager] Role:WIFI_AWARE failed to get usable or available channels.
09-07 14:08:16.528 I/NearbyConnections( 4533): In generateRxInstantConnectionAdvBytes() advertisingMediums:[WIFI_DIRECT, WIFI_HOTSPOT, WIFI_AWARE, WIFI_LAN, BLE] capabilitiesSize:4 apFreq:2417 wfdGcUsableOrAvailableChs:[2412..2472, 5745..5825] wfdGoUsableOrAvailableChs:[2412..2472, 5745..5825] hsStaUsableOrAvailableChs:[2412..2472, 5745..5825] awareUsableOrAvailableChs:[] rxAdvertisement(size:57):A0:17:A8:A7:4A:FF:82:78:ED:E8:0F:8F:F8:B5:90:50:EE:06:4D:19:83:B7:85:10:C4:48:01:B0:2C:EB:EC:0D:C6:62:84:15:05:60:00:00:84:15:06:60:00:00:84:15:04:60:00:00:83:15:01:09:71
09-07 14:08:16.530 I/ISG_Wakeup_Verify(27657): [KWD] Normal - scores: [0.0674, 0.1436, t(94360)], [0.1445, 0.0430, t(94364)], [0.2227, 0.0117, t(94368)], [0.1934, 0.0225, t(94372)], [0.1543, 0.0107, t(94376)], RMS: 696
09-07 14:08:16.532 I/bt_stack( 2559): [INFO:port_api.cc(220)] RFCOMM_CreateConnectionWithSecurity: bd_addr=ffffff_f, scn=7, is_server=1, mtu=990, uuid=000000, dlci=14, signal_state=0x0b, p_port=0x6eee5c4778
09-07 14:08:16.532 I/NearbyMediums( 4533): Started accepting Bluetooth Classic connections for NearbySharing.
09-07 14:08:16.533 W/BluetoothServerSocket( 4533): BluetoothServerSocket: accept() called. mSocket=android.bluetooth.BluetoothSocket@c55df6c,timeout=-1
09-07 14:08:16.534 I/vendor.qti.bluetooth@1.0-ibs_handler(  966): ProcessIbsCmd: Received IBS_WAKE_IND: 0xFD
09-07 14:08:16.534 I/vendor.qti.bluetooth@1.0-ibs_handler(  966): ProcessIbsCmd: Writing IBS_WAKE_ACK
09-07 14:08:16.534 I/Process (31739): Sending signal. PID: 31739 SIG: 9
09-07 14:08:16.536 D/DMASA[D]( 4403): [b]Storage size threshold : 1073741824 bytes
09-07 14:08:16.537 D/DMASA[D]( 4403): [a]Received android.intent.action.DROPBOX_ENTRY_ADDED
09-07 14:08:16.537 W/BroadcastQueue( 1191): Background execution not allowed: receiving Intent { act=android.intent.action.DROPBOX_ENTRY_ADDED flg=0x10 (has extras) } to com.google.android.gms/.stats.service.DropBoxEntryAddedReceiver
09-07 14:08:16.537 D/DMASA[D]( 4403): [a]Tag: data_app_crash, Timestamp: 1757232496513
09-07 14:08:16.537 I/TopTaskTracker( 2706): onTaskMovedToFront : taskId = 874
09-07 14:08:16.538 I/DMASA[D]( 4403): [a]blockList : com.samsung.context.sdk.sampleapp2
09-07 14:08:16.538 W/DMASA[D]( 4403): [a]This app does not allow 3rd-party FC detection: com.multispace.app.multispace_cloner
09-07 14:08:16.542 I/BluetoothAdapter( 4533): STATE_ON
09-07 14:08:16.542 I/BluetoothAdapter( 4533): STATE_ON
09-07 14:08:16.542 I/BluetoothAdapter( 4533): STATE_ON
09-07 14:08:16.542 I/BluetoothAdapter( 4533): STATE_ON
09-07 14:08:16.544 I/BluetoothAdapter( 4533): STATE_ON
09-07 14:08:16.547 I/bt_stack( 2559): [INFO:le_advertising_manager.cc(137)] StartAdvertisingSet in shim layer
09-07 14:08:16.547 W/bt_stack( 2559): le_advertising_manager :: allocate_advertiser - id : 1
09-07 14:08:16.547 I/bt_stack( 2559): [INFO:le_advertising_manager.cc(157)] create advertising set, reg_id:-309, id:1
09-07 14:08:16.547 W/bt_stack( 2559): le_advertising_manager :: create_extended_advertiser - id : 1
09-07 14:08:16.547 W/bt_stack( 2559): le_advertising_manager :: enable_advertiser - id : 1
09-07 14:08:16.551 D/DQA     (24579): [DQADataService]Receive log ok : APP FCNR
09-07 14:08:16.556 E/BtGatt.GattService( 2559): [GSIM LOG]: gsimLogHandler, msg: MESSAGE_ADV_SET_START, appName: com.google.android.gms, id: 1, isLegacy: false
09-07 14:08:16.557 D/BluetoothLeAdvertiser( 4533): onAdvertisingSetStarted(1, 1, 0)
09-07 14:08:16.558 I/NearbyMediums( 4533): Started BLE extended advertising. Regular Advertised : false, Fast Advertised : true, AdvertisingSetting : BleAdvertisingSetting{powerLevel= BALANCED_POWER, isConnectable= false, isPrivateGatt= false}.
09-07 14:08:16.559 I/BluetoothAdapter( 4533): STATE_ON
09-07 14:08:16.559 I/BluetoothAdapter( 4533): STATE_ON
09-07 14:08:16.560 I/bt_stack( 2559): [INFO:le_advertising_manager.cc(137)] StartAdvertisingSet in shim layer
09-07 14:08:16.560 W/bt_stack( 2559): le_advertising_manager :: allocate_advertiser - id : 2
09-07 14:08:16.560 I/bt_stack( 2559): [INFO:le_advertising_manager.cc(157)] create advertising set, reg_id:-310, id:2
09-07 14:08:16.560 W/bt_stack( 2559): le_advertising_manager :: create_extended_advertiser - id : 2
09-07 14:08:16.561 W/bt_stack( 2559): le_advertising_manager :: enable_advertiser - id : 2
09-07 14:08:16.569 E/BtGatt.GattService( 2559): [GSIM LOG]: gsimLogHandler, msg: MESSAGE_ADV_SET_START, appName: com.google.android.gms, id: 2, isLegacy: true
09-07 14:08:16.569 D/BluetoothLeAdvertiser( 4533): onAdvertisingSetStarted(2, 1, 0)
09-07 14:08:16.570 I/NearbyMediums( 4533): Started BLE Legacy advertising. Regular Header Advertised : false, Fast Advertised : true, AdvertisingSettings : BleAdvertisingSetting{powerLevel= BALANCED_POWER, isConnectable= false, isPrivateGatt= false}, isAcceptingConnection : false
09-07 14:08:16.570 I/NearbyMediums( 4533): Successfully started BLE advertising of size 23 for service NearbySharing, deviceToken : [ 0x0b 0x37 ].
09-07 14:08:16.572 I/NearbyMediums( 4533): Successfully bound ServerSocket for service NearbySharing to the stable port 53601.
09-07 14:08:16.580 D/MotionRecognitionService( 1191): values = 100.0
09-07 14:08:16.580 D/MotionRecognitionService( 1191): onReceive lux: 100.0  action: 
09-07 14:08:16.580 D/MotionRecognitionService( 1191): Inject brightness form Cam 100.0
09-07 14:08:16.580 D/MotionRecognitionService( 1191): Inject calibrated lux
09-07 14:08:16.590 I/NearbyMediums( 4533): Successfully started listening for incoming Wifi Lan connections.
09-07 14:08:16.604 I/WifiService( 1191): acquireMulticastLock uid=10222
09-07 14:08:16.604 I/Nearby  ( 4533): (REDACTED) NsdManagerCompat acquired multicast lock %d.
09-07 14:08:16.606 I/serviceDiscovery( 1191): [MdnsSocketProvider] Start monitoring sockets.
09-07 14:08:16.606 D/IpClient.wlan0( 2334): set max DTIM multiplier to 1
09-07 14:08:16.608 I/vendor.qti.bluetooth@1.0-ibs_handler(  966): ProcessIbsCmd: Received IBS_SLEEP_IND: 0xFE
09-07 14:08:16.608 I/SDHMS:BarTender:Gatherer:AppError( 4487): update AppError : uid=10499, pkg=com.multispace.app.multispace_cloner, errorType=crash
09-07 14:08:16.609 D/ConnectivityManager( 1191): StackLog: [android.net.ConnectivityManager.sendRequestForNetwork(ConnectivityManager.java:4736)] [android.net.ConnectivityManager.sendRequestForNetwork(ConnectivityManager.java:4904)] [android.net.ConnectivityManager.registerNetworkCallback(ConnectivityManager.java:5321)] [android.net.connectivity.com.android.server.connectivity.mdns.MdnsSocketProvider.startMonitoringSockets(MdnsSocketProvider.java:350)] [android.net.connectivity.com.android.server.NsdService$NsdStateMachine.maybeStartMonitoringSockets(NsdService.java:640)] [android.net.connectivity.com.android.server.NsdService$NsdStateMachine.-$$Nest$mmaybeStartMonitoringSockets(NsdService.java:0)] [android.net.connectivity.com.android.server.NsdService$NsdStateMachine$EnabledState.processMessage(NsdService.java:1072)] [android.net.connectivity.com.android.internal.util.StateMachine$SmHandler.processMsg(StateMachine.java:1002)] [android.net.connectivity.com.android.internal.util.StateMachine$SmHandler.handleMessage(StateMachine.java:820)]
09-07 14:08:16.610 D/CompatibilityChangeReporter( 1191): Compat change id reported: 319212206; UID 1000; state: DISABLED
09-07 14:08:16.611 D/CompatibilityChangeReporter( 1191): Compat change id reported: 319212206; UID 1000; state: ENABLED
09-07 14:08:16.614 I/SDHMS:BarTender:Analyzer:AppError( 4487): analyze app error : uid=10499, pkg=com.multispace.app.multispace_cloner, appErrorCount=6
09-07 14:08:16.614 I/TetheringManager( 1191): registerTetheringEventCallback caller:android
09-07 14:08:16.614 D/ConnectivityService( 1191): Rematched networks [computed 0ms] [applied 0ms] [issued 2]
09-07 14:08:16.614 D/ConnectivityService( 1191): NetworkReassignment : no changes
09-07 14:08:16.614 I/serviceDiscovery( 1191): [MdnsAdvertiser] Adding service name: I1lNWjT8n14AAA, type: _FC9F5ED42C8A._tcp, subtypes: , hostAddresses: , hostname: null, port: 53601, network: null, expirationTime: null, txtRecord: {f=2417, n=Mln1V7rFRBES-Kn6Y6n_mJE, IPv4=192.168.0.114} with ID 139 and subtypes {} advertisingOptions MdnsAdvertisingOptions{ }
09-07 14:08:16.627 I/ActivityManager( 1191): Process com.multispace.app.multispace_cloner (pid 31739) has died: fg  TOP (266,2864)
09-07 14:08:16.627 I/adbd    ( 9572): Remote process closed the socket (on MSG_PEEK)
09-07 14:08:16.628 V/WindowManager( 1191): Schedule remove starting ActivityRecord{838faf7 u0 com.multispace.app.multispace_cloner/.MainActivity} t975 f}} startingWindow=null startingView=null Callers=com.android.server.wm.ActivityRecord.removeStartingWindow:3233 com.android.server.wm.ActivityRecord.onRemovedFromDisplay:4966 com.android.server.wm.DisplayContent.removeAppToken:1683 com.android.server.wm.ActivityRecord.removeFromHistory:4605 com.android.server.wm.ActivityRecord.handleAppDied:4861 
09-07 14:08:16.629 V/MARsPolicyManager( 1191): Current Home Package com.sec.android.app.launcher Resumed
09-07 14:08:16.629 D/MARsPolicyManager( 1191): onPackageResumedFG pkgName = com.sec.android.app.launcher, userId = 0
09-07 14:08:16.629 I/SemDvfsHyPerManager( 1191): acquire hyper - AMS_APP_HOME/1191@27, type = -999
09-07 14:08:16.630 I/HYPER-HAL(  979): [RequestManager.cpp]acquire(): Acquired ID : 742398  [1191 / 27]    HINT : AMS_APP_HOME    list : 
09-07 14:08:16.630 D/ActivityManagerPerformance( 1191): AMP_acquire() HOME
09-07 14:08:16.630 I/SemDvfsHyPerManager( 4487): acquire hyper - APP_START_HOME/4487@13, type = -999
09-07 14:08:16.631 W/WindowManager( 1191): Prepare app transition: mNextAppTransitionRequests=[TRANSIT_CLOSE, TRANSIT_CLOSE, TRANSIT_OPEN], mNextAppTransitionFlags=TRANSIT_FLAG_KEYGUARD_GOING_AWAY_TO_LAUNCHER_WITH_IN_WINDOW_ANIMATIONS | TRANSIT_FLAG_APP_CRASHED, displayId: 0 Callers=com.android.server.wm.DisplayContent.prepareAppTransition:6493 com.android.server.wm.DisplayContent.prepareAppTransition:6484 com.android.server.wm.TaskFragment.resumeTopActivity:1583 com.android.server.wm.TaskFragment.resumeTopActivity:1307 com.android.server.wm.Task.resumeTopActivityInnerLocked:6451 
09-07 14:08:16.631 I/libprocessgroup( 1191): Successfully killed process cgroup uid 10499 pid 31739 in 1ms
09-07 14:08:16.631 V/WindowManager( 1191): Setting visibility of Window{59fb5dd u0 com.samsung.android.app.spage}: true, caller=com.android.server.wm.WindowContainer.sendAppVisibilityToClients:1246 com.android.server.wm.WindowState.sendAppVisibilityToClients:4180 com.android.server.wm.WindowContainer.sendAppVisibilityToClients:1246 com.android.server.wm.WindowToken.setClientVisible:431 com.android.server.wm.ActivityRecord.setClientVisible:7691 
09-07 14:08:16.631 V/WindowManager( 1191): Setting visibility of Window{9baf928 u0 com.sec.android.app.launcher/com.sec.android.app.launcher.activities.LauncherActivity}: true, caller=com.android.server.wm.WindowContainer.sendAppVisibilityToClients:1246 com.android.server.wm.WindowToken.setClientVisible:431 com.android.server.wm.ActivityRecord.setClientVisible:7691 com.android.server.wm.ActivityRecord.setVisibility:6091 com.android.server.wm.ActivityRecord.setVisibility:5984 
09-07 14:08:16.631 I/ViewRootImpl@1a83d07[]( 5365): handleAppVisibility mAppVisible = false visible = true
09-07 14:08:16.632 D/AppLockPolicy( 1191): isActivityInExceptionList: 
09-07 14:08:16.632 I/ViewRootImpl@5bbe4b0[LauncherActivity]( 2706): handleAppVisibility mAppVisible = false visible = true
09-07 14:08:16.632 D/WindowManagerServiceExt( 1191): notifyOccludeChangeNotice: reset caller=com.android.server.wm.WindowManagerServiceExt.updateOccludeTargetIfNeeded:1402 com.android.server.wm.DisplayContent.ensureActivitiesVisible:7532 com.android.server.wm.RootWindowContainer.ensureActivitiesVisible:2248 com.android.server.wm.RootWindowContainer.ensureVisibilityAndConfig:2126 com.android.server.wm.TaskFragment.resumeTopActivity:1652 
09-07 14:08:16.632 I/HYPER-HAL(  979): [ResourceManager.cpp]updateResource(): [CPUMinFreq] UpdateResource Request ID : 742398    Value : 2208000
09-07 14:08:16.632 V/WindowManager( 1191): rotationForOrientation(orient=SCREEN_ORIENTATION_NOSENSOR (5), last=ROTATION_0 (0)); user=ROTATION_0 (0) 
09-07 14:08:16.632 D/WindowManager( 1191): rotationForOrientation, orientationSource=ActivityRecord{d361236 u0 com.sec.android.app.launcher/.activities.LauncherActivity} t874}
09-07 14:08:16.632 I/HYPER-HAL(  979): [RequestManager.cpp]acquire(): Acquired ID : 10127263  [4487 / 13]    HINT : APP_START    list : [KERNEL_APP_START_NOTIFY / 0] [TIMEOUT / 1500] 
09-07 14:08:16.632 V/WindowManager( 1191): Computed rotation=ROTATION_0 (0) for display id=0 based on lastOrientation=SCREEN_ORIENTATION_NOSENSOR (5) and oldRotation=ROTATION_0 (0), caller=com.android.server.wm.DisplayRotation.updateOrientation:414 com.android.server.wm.DisplayContent.updateOrientation:1990 com.android.server.wm.DisplayContent.updateOrientation:1891 com.android.server.wm.RootWindowContainer.ensureVisibilityAndConfig:2139 com.android.server.wm.TaskFragment.resumeTopActivity:1652 com.android.server.wm.TaskFragment.resumeTopActivity:1307 
09-07 14:08:16.633 I/HYPER-HAL(  979): [ResourceManager.cpp]updateResource(): [CPUMaxFreq] UpdateResource Request ID : 10127263    Value : 2208000
09-07 14:08:16.633 D/TspStateManager( 1191): updateCustomValue customSetting=
09-07 14:08:16.633 I/GameSDK@LifeCycle( 1191): noteResumeComponent(): package name  : com.sec.android.app.launcher
09-07 14:08:16.634 D/TspStateManager( 1191): updateCustomValue customSetting=
09-07 14:08:16.634 I/Zygote  (  893): Process 31739 exited due to signal 9 (Killed)
09-07 14:08:16.634 E/WindowManager( 1191): win=Window{9baf928 u0 com.sec.android.app.launcher/com.sec.android.app.launcher.activities.LauncherActivity} destroySurfaces: appStopped=false cleanupOnResume=true win.mWindowRemovalAllowed=false win.mRemoveOnExit=false win.mViewVisibility=8 caller=com.android.server.wm.ActivityRecord.destroySurfaces:6539 com.android.server.wm.ActivityRecord.notifyAppResumed:6559 com.android.server.wm.TaskFragment.resumeTopActivity:1698 com.android.server.wm.TaskFragment.resumeTopActivity:1307 com.android.server.wm.Task.resumeTopActivityInnerLocked:6451 com.android.server.wm.Task.resumeTopActivityUncheckedLocked:6352 com.android.server.wm.Task.resumeTopActivityUncheckedLocked:6374 
09-07 14:08:16.634 I/WindowManager( 1191): Destroying surface Surface(name=com.sec.android.app.launcher/com.sec.android.app.launcher.activities.LauncherActivity$_2706)/@0x896e6ee called by com.android.server.wm.WindowStateAnimator.destroySurface:942 com.android.server.wm.WindowStateAnimator.destroySurfaceLocked:536 com.android.server.wm.WindowState.destroySurfaceUnchecked:4306 com.android.server.wm.WindowState.destroySurface:4280 com.android.server.wm.ActivityRecord.destroySurfaces:6539 com.android.server.wm.ActivityRecord.notifyAppResumed:6559 com.android.server.wm.TaskFragment.resumeTopActivity:1698 com.android.server.wm.TaskFragment.resumeTopActivity:1307 
09-07 14:08:16.636 W/WindowManager( 1191): Execute app transition: mNextAppTransitionRequests=[TRANSIT_CLOSE, TRANSIT_CLOSE, TRANSIT_OPEN], mNextAppTransitionFlags=TRANSIT_FLAG_KEYGUARD_GOING_AWAY_TO_LAUNCHER_WITH_IN_WINDOW_ANIMATIONS | TRANSIT_FLAG_APP_CRASHED, displayId: 0 Callers=com.android.server.wm.RootWindowContainer.executeAppTransitionForAllDisplay:2580 com.android.server.wm.ActivityTaskSupervisor.reportResumedActivityLocked:2287 com.android.server.wm.ActivityRecord.completeResumeLocked:6987 com.android.server.wm.TaskFragment.resumeTopActivity:1743 com.android.server.wm.TaskFragment.resumeTopActivity:1307 
09-07 14:08:16.638 V/WindowManager( 1191): Removing startingView=com.android.server.wm.StartingSurfaceController$StartingSurface@c2adbd0
09-07 14:08:16.638 I/ActivityManager( 1191): updateOomAdj start time is before than pendingPid added, don't delete it
09-07 14:08:16.640 D/SGM:GameManager( 1191): identifyGamePackage. com.sec.android.app.launcher, mCurrentUserId: 0, callerUserId: 0, callingMethodInfo: com.samsung.android.game.SemGameManager.isGamePackage(SemGameManager.java:104)
09-07 14:08:16.640 D/SGM:PkgDataHelper( 1191): getGamePkgData(). com.sec.android.app.launcher
09-07 14:08:16.640 D/SGM:SemGameManager( 1191): isGamePackage(), pkgName=com.sec.android.app.launcher, ret=false
09-07 14:08:16.641 I/CocktailBarManagerServiceContainer( 1191): handleMessage: entry what = 5
09-07 14:08:16.642 V/APM_AudioPolicyManager( 1030): setAppState(portId:1725, state:2)
09-07 14:08:16.643 I/ActivityUtils( 4536): HomePackage : com.sec.android.app.launcher, resumePackageName : com.sec.android.app.launcher
09-07 14:08:16.643 D/SGM:FgCheckThread( 1191): noteResumeComponent(), received pkgName: com.sec.android.app.launcher, userId: 0
09-07 14:08:16.644 D/SGM:FgCheckThread( 1191): onLooperPrepared(), msg: MSG_APP_RESUME, pkgName: com.sec.android.app.launcher, userid: 0
09-07 14:08:16.644 D/SGM:FgCheckThread( 1191): handleResume().
09-07 14:08:16.644 V/APM_AudioPolicyManager( 1030): setAppState(portId:1725, state:2)
09-07 14:08:16.644 D/SGM:FgCheckThread( 1191): sendFocusOutConditionally() - mPrevNotiPkg: (unknown), userId: 0
09-07 14:08:16.644 D/SGM:FgCheckThread( 1191):   handleResume(). pkgName: com.sec.android.app.launcher, userId: 0, isTunableApp: null
09-07 14:08:16.644 D/SGM:FgCheckThread( 1191): notifyFocusInOut(). of pkg: com.sec.android.app.launcher, type: 4, isTunableApp: false, userId: 0
09-07 14:08:16.644 D/SGM:FgCheckThread( 1191):   notifyFocusInOut(). unexpected mPrevNotiType: -1
09-07 14:08:16.644 D/SGM:SystemHelper( 1191): callReleaseBlock needReleaseBlock:false
09-07 14:08:16.645 I/MediaSessionMonitor( 1191): Media session stopped : controllerList empty
09-07 14:08:16.647 I/Layer   ( 1073): id=5663 removedFromDrawingState com.sec.android.app.launcher/com.sec.android.app.launcher.activities.LauncherActivity$_2706#5663 (199)
09-07 14:08:16.648 I/SurfaceFlinger( 1073): id=5663 Removed com.sec.android.app.launcher/com.sec.android.app.launcher.activities.LauncherActivity$_2706#5663 (199)
09-07 14:08:16.648 I/Layer   ( 1073): id=5663 Destroyed com.sec.android.app.launcher/com.sec.android.app.launcher.activities.LauncherActivity$_2706#5663
09-07 14:08:16.649 I/ViewRootImpl@5bbe4b0[LauncherActivity]( 2706): performTraversals mFirst=false windowShouldResize=false viewVisibilityChanged=true mForceNextWindowRelayout=false params=null
09-07 14:08:16.650 V/WindowManager( 1191): Relayout Window{9baf928 u0 com.sec.android.app.launcher/com.sec.android.app.launcher.activities.LauncherActivity}: viewVisibility=0 req=1080x2400 d0
09-07 14:08:16.650 D/RestrictionPolicy( 1191): isScreenCaptureEnabled : ret=true userId=0
09-07 14:08:16.650 I/SurfaceFlinger( 1073): id=5673 createSurf, flag=40004, com.sec.android.app.launcher/com.sec.android.app.launcher.activities.LauncherActivity$_2706#5673
09-07 14:08:16.650 D/WindowManager( 1191): makeSurface duration=1 name=com.sec.android.app.launcher/com.sec.android.app.launcher.activities.LauncherActivity$_2706
09-07 14:08:16.652 D/PowerManagerService( 1191): [api] setScreenDimDurationOverrideFromWindowManagerInternal: timeoutMillis: 100000
09-07 14:08:16.653 V/WindowManager( 1191): Changing focus from null to Window{9baf928 u0 com.sec.android.app.launcher/com.sec.android.app.launcher.activities.LauncherActivity} displayId=0 Callers=com.android.server.wm.RootWindowContainer.updateFocusedWindowLocked:595 com.android.server.wm.WindowManagerService.updateFocusedWindowLocked:6803 com.android.server.wm.WindowManagerService.relayoutWindow:2813 com.android.server.wm.Session.relayout:274 
09-07 14:08:16.653 D/StatusBarManagerService( 1191): notifyRequestedSystemKey recent=false home=false
09-07 14:08:16.653 I/ViewRootImpl@5bbe4b0[LauncherActivity]( 2706): Resizing android.view.ViewRootImpl@67194e5: frame = [0,0][1080,2400] reportDraw = true forceLayout = false syncSeqId = 0
09-07 14:08:16.654 V/WindowManager( 1191): Relayout hash=9baf928, pid=2706, syncId=-1: mAttrs={(0,0)(fillxfill) sim={adjust=nothing forwardNavigation} layoutInDisplayCutoutMode=shortEdges ty=BASE_APPLICATION fmt=TRANSPARENT wanim=0x10302f4
09-07 14:08:16.654 V/WindowManager( 1191):   fl=81910100
09-07 14:08:16.654 V/WindowManager( 1191):   pfl=1e020040
09-07 14:08:16.654 V/WindowManager( 1191):   vsysui=1700
09-07 14:08:16.654 V/WindowManager( 1191):   bhv=SHOW_TRANSIENT_BARS_BY_SWIPE
09-07 14:08:16.654 V/WindowManager( 1191):   fitSides= screenDimDuration=100000 naviIconColor=0}
09-07 14:08:16.655 I/ViewRootImpl@5bbe4b0[LauncherActivity]( 2706): updateBlastSurfaceIfNeeded mBlastBufferQueue=null isSameSurfaceControl=false
09-07 14:08:16.655 I/BLASTBufferQueue( 2706): new BLASTBufferQueue, mName= ViewRootImpl@5bbe4b0[LauncherActivity] mNativeObject= 0xb400006ecba62280 sc.mNativeObject= 0xb400006ecbaf24e0 caller= android.view.ViewRootImpl.updateBlastSurfaceIfNeeded:2909 android.view.ViewRootImpl.relayoutWindow:9847 android.view.ViewRootImpl.performTraversals:3884 android.view.ViewRootImpl.doTraversal:3116 android.view.ViewRootImpl$TraversalRunnable.run:10885 android.view.Choreographer$CallbackRecord.run:1301 android.view.Choreographer$CallbackRecord.run:1309 android.view.Choreographer.doCallbacks:923 android.view.Choreographer.doFrame:852 android.view.Choreographer$FrameDisplayEventReceiver.run:1283 
09-07 14:08:16.655 I/BLASTBufferQueue( 2706): update, w= 1080 h= 2400 mName = ViewRootImpl@5bbe4b0[LauncherActivity] mNativeObject= 0xb400006ecba62280 sc.mNativeObject= 0xb400006ecbaf24e0 format= -2 caller= android.graphics.BLASTBufferQueue.<init>:84 android.view.ViewRootImpl.updateBlastSurfaceIfNeeded:2909 android.view.ViewRootImpl.relayoutWindow:9847 android.view.ViewRootImpl.performTraversals:3884 android.view.ViewRootImpl.doTraversal:3116 android.view.ViewRootImpl$TraversalRunnable.run:10885 
09-07 14:08:16.656 I/ViewRootImpl@5bbe4b0[LauncherActivity]( 2706): Relayout returned: old=(0,0,1080,2400) new=(0,0,1080,2400) req=(1080,2400)0 dur=6 res=0x3 s={true 0xb400006ecb174000} ch=true seqId=0
09-07 14:08:16.656 I/ViewRootImpl@5bbe4b0[LauncherActivity]( 2706): mThreadedRenderer.initialize() mSurface={isValid=true 0xb400006ecb174000} hwInitialized=true
09-07 14:08:16.656 D/OpenGLRenderer( 2706): eglCreateWindowSurface
09-07 14:08:16.657 I/ViewRootImpl@5bbe4b0[LauncherActivity]( 2706): reportNextDraw android.view.ViewRootImpl.performTraversals:4438 android.view.ViewRootImpl.doTraversal:3116 android.view.ViewRootImpl$TraversalRunnable.run:10885 android.view.Choreographer$CallbackRecord.run:1301 android.view.Choreographer$CallbackRecord.run:1309 
09-07 14:08:16.657 I/ViewRootImpl@5bbe4b0[LauncherActivity]( 2706): Setup new sync id=78
09-07 14:08:16.657 I/ViewRootImpl@5bbe4b0[LauncherActivity]( 2706): Setting syncFrameCallback
09-07 14:08:16.657 I/ViewRootImpl@5bbe4b0[LauncherActivity]( 2706): registerCallbacksForSync syncBuffer=false
09-07 14:08:16.668 I/id.app.launcher( 2706): NativeAlloc concurrent copying GC freed 4545KB AllocSpace bytes, 12(2120KB) LOS objects, 49% free, 14MB/28MB, paused 146us,130us total 129.265ms
09-07 14:08:16.670 D/InputTransport( 2706): Input channel destroyed: 'ClientS', fd=469
09-07 14:08:16.672 D/InputTransport( 2706): Input channel destroyed: 'ClientS', fd=311
09-07 14:08:16.673 I/ViewRootImpl@5bbe4b0[LauncherActivity]( 2706): Received frameDrawingCallback syncResult=0 frameNum=1.
09-07 14:08:16.673 I/ViewRootImpl@5bbe4b0[LauncherActivity]( 2706): Setting up sync and frameCommitCallback
09-07 14:08:16.677 I/BLASTBufferQueue( 2706): [ViewRootImpl@5bbe4b0[LauncherActivity]#60](f:0,a:0) onFrameAvailable the first frame is available
09-07 14:08:16.678 I/ViewRootImpl@5bbe4b0[LauncherActivity]( 2706): Received frameCommittedCallback lastAttemptedDrawFrameNum=1 didProduceBuffer=true
09-07 14:08:16.679 I/ViewRootImpl@5bbe4b0[LauncherActivity]( 2706): onSyncComplete
09-07 14:08:16.679 I/ViewRootImpl@5bbe4b0[LauncherActivity]( 2706): setupSync seqId=0 mSyncId=78 fn=1 caller=android.view.ViewRootImpl$$ExternalSyntheticLambda11.accept:6 android.window.SurfaceSyncer.lambda$setupSync$1$android-window-SurfaceSyncer:128 android.window.SurfaceSyncer$$ExternalSyntheticLambda1.accept:8 android.window.SurfaceSyncer$SyncSet.checkIfSyncIsComplete:382 android.window.SurfaceSyncer$SyncSet.markSyncReady:359 android.window.SurfaceSyncer.markSyncReady:151 android.view.ViewRootImpl.performTraversals:4503 
09-07 14:08:16.679 I/ViewRootImpl@5bbe4b0[LauncherActivity]( 2706): reportDrawFinished seqId=0 mSyncId=-1 fn=1 mSurfaceChangedTransaction=0xb400006ee268ae00
09-07 14:08:16.680 I/ViewRootImpl@5bbe4b0[LauncherActivity]( 2706): stopped(false) old = false
09-07 14:08:16.680 I/Launcher( 2706): !@Boot_DEBUG: Launcher.onResume()
09-07 14:08:16.680 I/Launcher( 2706): !@Boot_EBS_D: Launcher.onResume()
09-07 14:08:16.680 I/BaseActivity( 2706): addActivityFlags, flags : 18
09-07 14:08:16.680 D/WindowManager( 1191): finishDrawingWindow: Window{9baf928 u0 com.sec.android.app.launcher/com.sec.android.app.launcher.activities.LauncherActivity} mDrawState=DRAW_PENDING seqId=0
09-07 14:08:16.680 I/BaseActivity( 2706): removeActivityFlags, flags : 32
09-07 14:08:16.680 I/IMM_LC  ( 2706): hsifw() - flag : 0
09-07 14:08:16.680 I/IMM_LC  ( 2706): hsifw() - mService.hideSoftInput
09-07 14:08:16.680 I/PageOverlayServiceImpl( 5365): [FROM HOME] updateActivityLifecycleState : [2] : onResumed
09-07 14:08:16.680 W/PageOverlayMover( 2706): updateActivityLifecycleState : 2
09-07 14:08:16.680 I/AppsSearchBar( 2706): restoreCurrentCellLayoutAlpha: [com.android.homescreen.apptray.AppsViewCellLayout{533a381 V.ED..... .......D 38,91-1042,2170}[a=1.0,v=0,sId=0]]
09-07 14:08:16.681 I/wpa_supplicant(27544): Heartbeat 4014
09-07 14:08:16.681 D/InputMethodManagerService( 1191): hideSoftInput
09-07 14:08:16.681 V/InputMethodManagerService( 1191): Client requesting input be hidden
09-07 14:08:16.681 V/InputMethodManagerService( 1191): hideCurrentInputLocked : canceled, shouldHideSoftInput=false, mInputShown=false, mImeWindowVis=0
09-07 14:08:16.681 I/InputMethodBindingController( 1191): setCurrentMethodNotVisible: mVisibleBound=false, mHasConnection=true, caller = com.android.server.inputmethod.InputMethodManagerService.hideCurrentInputLocked:4356 com.android.server.inputmethod.InputMethodManagerService.hideSoftInput:4294 com.android.internal.view.IInputMethodManager$Stub.onTransact:488 com.android.server.inputmethod.InputMethodManagerService.onTransact:2302 android.os.Binder.execTransactInternal:1316 android.os.Binder.execTransact:1280 <bottom of call stack> <bottom of call stack> <bottom of call stack> <bottom of call stack> 
09-07 14:08:16.681 V/WindowManager( 1191): Setting visibility of Window{bc98b73 u0 com.android.systemui.ImageWallpaper}: true, caller=com.android.server.wm.WindowContainer.sendAppVisibilityToClients:1246 com.android.server.wm.WindowToken.setClientVisible:431 com.android.server.wm.WallpaperWindowToken.setVisible:160 com.android.server.wm.WallpaperWindowToken.commitVisibility:202 com.android.server.wm.WallpaperWindowToken.setVisibility:187 
09-07 14:08:16.681 D/WallpaperService( 2289): dispatchAppVisibility onVisibilityChanged(): true
09-07 14:08:16.682 D/WallpaperService( 2289): updateSurface forceRelayout=true forceReport=false redrawNeeded=false myWidth=2240 myHeight=2240 fixedSize=true x = 0 y = 0 mWidth=2240 mHeight=2240 mIsSleepMode=false
09-07 14:08:16.682 I/Launcher.AppsViewCellLayout( 2706): com.android.homescreen.apptray.AppsViewCellLayout{533a381 V.ED..... .......D 38,91-1042,2170}[a=1.0,v=0,sId=0] setAlpha : 1.0
09-07 14:08:16.682 I/Launcher.AppsViewCellLayout( 2706): com.android.homescreen.apptray.AppsViewCellLayout{533a381 V.ED..... .......D 38,91-1042,2170}[a=1.0,v=0,sId=0] setAlpha : 1.0
09-07 14:08:16.682 W/PageOverlayMover( 2706): isMoving : false
09-07 14:08:16.682 D/WallpaperService( 2289): mDeviceHeight : 2400, mDeviceWidth : 1080,mDeviceRotation  : 0
09-07 14:08:16.683 I/DecorView( 2706): notifyKeepScreenOnChanged: keepScreenOn=false
09-07 14:08:16.683 I/Launcher( 2706): setWallpaperOffsets
09-07 14:08:16.684 I/DecorView( 2706): notifyKeepScreenOnChanged: keepScreenOn=false
09-07 14:08:16.684 I/Launcher( 2706): DisplayMetrics from Resources : DisplayMetrics{density=2.625, width=1080, height=2183, scaledDensity=2.8875, xdpi=391.885, ydpi=393.29}
09-07 14:08:16.684 D/InputDispatcher( 1191): Focus request (0): 9baf928 com.sec.android.app.launcher/com.sec.android.app.launcher.activities.LauncherActivity but waiting because NOT_VISIBLE
09-07 14:08:16.684 I/bmrp    (24584): onResume
09-07 14:08:16.684 I/SPayUpdater( 2706): updateSpayHandler, show = false, defaultPage = false
09-07 14:08:16.684 D/WindowManager( 1191): Loading animation for app transition. transit=TRANSIT_OLD_CRASHING_ACTIVITY_CLOSE enter=false frame=Rect(0, 0 - 1080, 2183) insets=Rect(0, 0 - 0, 0) surfaceInsets=Rect(0, 0 - 0, 0)
09-07 14:08:16.684 D/WindowManager( 1191): Loading animation for app transition. transit=TRANSIT_OLD_CRASHING_ACTIVITY_CLOSE enter=true frame=Rect(0, 0 - 1080, 2400) insets=Rect(0, 91 - 0, 126) surfaceInsets=Rect(0, 0 - 0, 0)
09-07 14:08:16.685 E/WindowManager( 1191): win=Window{34b5ece u0 Splash Screen com.multispace.app.multispace_cloner EXITING} destroySurfaces: appStopped=false cleanupOnResume=false win.mWindowRemovalAllowed=true win.mRemoveOnExit=true win.mViewVisibility=0 caller=com.android.server.wm.WindowState.onExitAnimationDone:5997 com.android.server.wm.ActivityRecord$$ExternalSyntheticLambda10.accept:2 java.util.ArrayList.forEach:1613 com.android.server.wm.ActivityRecord.onAnimationFinished:8607 com.android.server.wm.ActivityRecord.postApplyAnimation:6252 com.android.server.wm.ActivityRecord.commitVisibility:6224 com.android.server.wm.ActivityRecord.commitVisibility:6228 
09-07 14:08:16.685 I/WindowManager( 1191): Destroying surface Surface(name=Splash Screen com.multispace.app.multispace_cloner$_2289)/@0xd823625 called by com.android.server.wm.WindowStateAnimator.destroySurface:942 com.android.server.wm.WindowStateAnimator.destroySurfaceLocked:536 com.android.server.wm.WindowState.destroySurfaceUnchecked:4306 com.android.server.wm.WindowState.destroySurface:4280 com.android.server.wm.WindowState.onExitAnimationDone:5997 com.android.server.wm.ActivityRecord$$ExternalSyntheticLambda10.accept:2 java.util.ArrayList.forEach:1613 com.android.server.wm.ActivityRecord.onAnimationFinished:8607 
09-07 14:08:16.685 I/Launcher( 2706): realMetrics from Wm : DisplayMetrics{density=2.625, width=1080, height=2400, scaledDensity=2.625, xdpi=391.885, ydpi=393.29}
09-07 14:08:16.685 I/Launcher( 2706): Launcher DeviceProfile onResume availSize: 1080x2274 windowSize: 1080x2400 isLandscape: false
09-07 14:08:16.685 D/InputTransport( 1191): Input channel destroyed: '34b5ece', fd=1214
09-07 14:08:16.685 W/InputManager-JNI( 1191): Input channel object '34b5ece Splash Screen com.multispace.app.multispace_cloner (client)' was disposed without first being removed with the input manager!
09-07 14:08:16.685 D/InputTransport( 1191): Input channel destroyed: '34b5ece', fd=1215
09-07 14:08:16.686 V/WindowManager( 1191): Nulling last startingData
09-07 14:08:16.686 D/ActivityTaskManager( 1191): mStartingWindow and mStartingData is null for token=ActivityRecord{d361236 u0 com.sec.android.app.launcher/.activities.LauncherActivity} t874}
09-07 14:08:16.686 V/WindowManager( 1191): performShowLocked: mDrawState=HAS_DRAWN in Window{9baf928 u0 com.sec.android.app.launcher/com.sec.android.app.launcher.activities.LauncherActivity}
09-07 14:08:16.689 D/Bubbles ( 2289): onLocusVisibilityChanged: LocusId[17_chars] visible=true
09-07 14:08:16.689 V/WindowManager( 1191): Relayout Window{bc98b73 u0 com.android.systemui.ImageWallpaper}: viewVisibility=0 req=2240x2240 d0
09-07 14:08:16.689 I/MSHandlerLifeCycle( 2706): removeMultiSplitHandler: no exist. decor=DecorView@905fc16[LauncherActivity]
09-07 14:08:16.689 D/InsetsController( 2706): onStateChanged: InsetsState: {mDisplayFrame=Rect(0, 0 - 1080, 2400), mDisplayCutout=DisplayCutout{insets=Rect(0, 91 - 0, 0) waterfall=Insets{left=0, top=0, right=0, bottom=0} boundingRect={Bounds=[Rect(0, 0 - 0, 0), Rect(503, 0 - 577, 91), Rect(0, 0 - 0, 0), Rect(0, 0 - 0, 0)]} cutoutPathParserInfo={CutoutPathParserInfo{displayWidth=1080 displayHeight=2400 physicalDisplayWidth=1080 physicalDisplayHeight=2400 density={2.625} cutoutSpec={M 0,0 H -14.0952380952381 V 34.66666666666667 H 14.0952380952381 V 0 H 0 Z @dp} rotation={0} scale={1.0} physicalPixelDisplaySizeRatio={1.0}}}}, mRoundedCorners=RoundedCorners{[RoundedCorner{position=TopLeft, radius=84, center=Point(84, 84)}, RoundedCorner{position=TopRight, radius=84, center=Point(996, 84)}, RoundedCorner{position=BottomRight, radius=84, center=Point(996, 2316)}, RoundedCorner{position=BottomLeft, radius=84, center=Point(84, 2316)}]}  mRoundedCornerFrame=Rect(0, 0 - 1080, 2400), mPrivacyIndicatorBounds=PrivacyIndicatorBounds {static bounds=Rect(964, 0 - 1080, 91) rotation=0}, mSources= { InsetsSource: {mType=ITYPE_STATUS_BAR, mFrame=[0,0][1080,91], mVisible=true, mInsetsRoundedCornerFrame=false}, InsetsSource: {mType=ITYPE_NAVIGATION_BAR, mFrame=[0,2274][1080,2400], mVisible=true, mInsetsRoundedCornerFrame=false}, InsetsSource: {mType=ITYPE_LEFT_GESTURES, mFrame=[0,0][0,2400], mVisible=true, mInsetsRoundedCornerFrame=false}, InsetsSource: {mType=ITYPE_RIGHT_GESTURES, mFrame=[1080,0][1080,2400], mVisible=true, mInsetsRoundedCornerFrame=false}, InsetsSource: {mType=ITYPE_TOP_MANDATORY_GESTURES, mFrame=[0,0][1080,123], mVisible=true, mInsetsRoundedCornerFrame=false}, InsetsSource: {mType=ITYPE_BOTTOM_MANDATORY_GESTURES, mFrame=[0,2274][1080,2400], mVisible=true, mInsetsRoundedCornerFrame=false}, InsetsSource: {mType=ITYPE_LEFT_DISPLAY_CUTOUT, mFrame=[0,0][-100000,2400], mVisible=true, mInsetsRoundedCornerFrame=false}, InsetsSource: {mType=ITYPE_TOP_DISPLAY_CUTOUT, mFrame=[0,0][1080,91], mVisible=true, mInsetsRoundedCornerFrame=false}, InsetsSource: {mType=ITYPE_RIGHT_DISPLAY_CUTOUT, mFrame=[100000,0][1080,2400], mVisible=true, mInsetsRoundedCornerFrame=false}, InsetsSource: {mType=ITYPE_BOTTOM_DISPLAY_CUTOUT, mFrame=[0,100000][1080,2400], mVisible=true, mInsetsRoundedCornerFrame=false}, InsetsSource: {mType=ITYPE_TOP_TAPPABLE_ELEMENT, mFrame=[0,0][1080,91], mVisible=true, mInsetsRoundedCornerFrame=false}, InsetsSource: {mType=ITYPE_BOTTOM_TAPPABLE_ELEMENT, mFrame=[0,2274][1080,2400], mVisible=true, mInsetsRoundedCornerFrame=false} } host=com.sec.android.app.launcher/com.sec.android.app.launcher.activities.LauncherActivity from=android.view.ViewRootImpl$ViewRootHandler.handleMessageImpl:6727
09-07 14:08:16.689 I/ViewRootImpl@5bbe4b0[LauncherActivity]( 2706): handleResized, msg = 5 frames=ClientWindowFrames{frame=[0,0][1080,2400] display=[0,0][1080,2400] parentFrame=[0,0][0,0] parentClippedByDisplayCutout=false} forceNextWindowRelayout=false displayId=0 resizeMode=-1 frameChanged=false displayFrameChanged=false configChanged=false displayChanged=false
09-07 14:08:16.689 I/ViewRootImpl@5bbe4b0[LauncherActivity]( 2706): handleResized mSyncSeqId = 0
09-07 14:08:16.690 I/ViewRootImpl@5bbe4b0[LauncherActivity]( 2706): reportNextDraw android.view.ViewRootImpl.handleResized:2450 android.view.ViewRootImpl.-$$Nest$mhandleResized:0 android.view.ViewRootImpl$ViewRootHandler.handleMessageImpl:6728 android.view.ViewRootImpl$ViewRootHandler.handleMessage:6697 android.os.Handler.dispatchMessage:106 
09-07 14:08:16.690 I/BaseActivity( 2706): addActivityFlags, flags : 4
09-07 14:08:16.690 I/Launcher( 2706): onDeferredResumed
09-07 14:08:16.690 I/InstallShortcutReceiver( 2706): flushInstallQueue 0
09-07 14:08:16.690 I/Launcher.NotificationListener( 2706): onNotificationFullRefresh
09-07 14:08:16.690 I/BadgeCountUpdaterImpl( 2706): onNotificationsChangedConnected
09-07 14:08:16.690 W/LauncherAppWidgetHost( 2706): setShouldListenFlag, mFlags:7 flag:resume on:true isFront:false
09-07 14:08:16.691 V/WindowManager( 1191): Relayout hash=bc98b73, pid=2289, syncId=-1: mAttrs={(0,0)(2400x2400) gr=TOP START CENTER layoutInDisplayCutoutMode=always ty=WALLPAPER fmt=RGBX_8888 wanim=0x103031a
09-07 14:08:16.691 V/WindowManager( 1191):   fl=14318
09-07 14:08:16.691 V/WindowManager( 1191):   pfl=2000014
09-07 14:08:16.691 V/WindowManager( 1191):   bhv=DEFAULT naviIconColor=0
09-07 14:08:16.691 V/WindowManager( 1191):   sfl=8}
09-07 14:08:16.691 I/InstallShortcutReceiver( 2706): flushQueueInBackground 0
09-07 14:08:16.691 I/SurfaceFlinger( 1073): id=5671 Removed 7d266f6 ActivityRecordInputSink com.multispace.app.multispace_cloner/.MainActivity#5671 (199)
09-07 14:08:16.691 I/SurfaceFlinger( 1073): id=5674 createSurf, flag=24004, Task=975#5674
09-07 14:08:16.692 I/BLASTBufferQueue( 2289): update, w= 2240 h= 2240 mName = Wallpaper mNativeObject= 0xb400006ee149ca80 sc.mNativeObject= 0xb400006ec2b0cf00 format= 2 caller= android.service.wallpaper.WallpaperService$Engine.getOrCreateBLASTSurface:2575 android.service.wallpaper.WallpaperService$Engine.updateSurface:1527 android.service.wallpaper.WallpaperService$Engine.reportVisibility:1902 android.service.wallpaper.WallpaperService$Engine.doVisibilityChanged:1872 android.service.wallpaper.WallpaperService$IWallpaperEngineWrapper.executeMessage:2842 com.android.internal.os.HandlerCaller$MyHandler.handleMessage:44 
09-07 14:08:16.692 D/WallpaperService( 2289): reportVisibility onVisibilityChanged visible: true
09-07 14:08:16.692 I/ImageWallpaper[GLEngine]( 2289):  onVisibilityChanged true , 0
09-07 14:08:16.692 D/WALLPAPER_SVC:WallpaperManagerService( 1191): getWallpaperSafeLocked, userId = 0, which = 1, caller = com.android.server.wallpaper.WallpaperManagerService.semGetWallpaperType:6817 
09-07 14:08:16.692 D/WallpaperManagerService( 1191): which : 1, return type : 0 (called by userId= 0)
09-07 14:08:16.692 I/ImageWallpaperRenderer( 2289): updateWallpaperOffset 0 lastCropOffset 0 , wp Type 0 , rotation 0 , allowed true Do not change Display offset 0
09-07 14:08:16.694 D/ActivityTaskManager( 1191): mStartingWindow and mStartingData is null for token=ActivityRecord{d361236 u0 com.sec.android.app.launcher/.activities.LauncherActivity} t874}
09-07 14:08:16.697 I/Launcher.AppsViewCellLayout( 2706): com.android.homescreen.apptray.AppsViewCellLayout{533a381 V.ED..... .......D 38,91-1042,2170}[a=1.0,v=0,sId=0] setAlpha : 1.0
09-07 14:08:16.698 I/Layer   ( 1073): id=5668 removedFromDrawingState Splash Screen com.multispace.app.multispace_cloner$_2289#5668 (200)
09-07 14:08:16.698 I/Layer   ( 1073): Layer [Splash Screen com.multispace.app.multispace_cloner$_2289#5668] hidden!! flag(1)
09-07 14:08:16.698 I/Layer   ( 1073): id=5667 removedFromDrawingState 34b5ece Splash Screen com.multispace.app.multispace_cloner#5667 (200)
09-07 14:08:16.698 I/LauncherRootView( 2706): handleSystemWindowInsets Rect(0, 91 - 0, 126)
09-07 14:08:16.698 I/Layer   ( 1073): Layer [com.sec.android.app.launcher/com.sec.android.app.launcher.activities.LauncherActivity$_2706#5673] hidden!! flag(0)
09-07 14:08:16.698 I/Layer   ( 1073): id=5666 removedFromDrawingState ActivityRecord{838faf7 u0 com.multispace.app.multispace_cloner/.MainActivity} t975}#5666 (200)
09-07 14:08:16.698 I/Layer   ( 1073): id=5671 removedFromDrawingState 7d266f6 ActivityRecordInputSink com.multispace.app.multispace_cloner/.MainActivity#5671 (200)
09-07 14:08:16.698 I/Layer   ( 1073): id=5665 removedFromDrawingState Task=975#5665 (200)
09-07 14:08:16.698 I/Layer   ( 1073): id=5674 removedFromDrawingState Task=975#5674 (200)
09-07 14:08:16.698 I/SurfaceFlinger( 1073): id=5674 Removed Task=975#5674 (200)
09-07 14:08:16.698 I/SurfaceFlinger( 1073): id=5666 Removed ActivityRecord{838faf7 u0 com.multispace.app.multispace_cloner/.MainActivity} t975}#5666 (200)
09-07 14:08:16.698 I/SurfaceFlinger( 1073): id=5667 Removed 34b5ece Splash Screen com.multispace.app.multispace_cloner#5667 (200)
09-07 14:08:16.698 I/AppOps  ( 1191): updateUidProcState uid: 10041 procState: 0 capability:15
09-07 14:08:16.699 I/Layer   ( 1073): id=5674 Destroyed Task=975#5674
09-07 14:08:16.699 I/ViewRootImpl@5bbe4b0[LauncherActivity]( 2706): performTraversals params={(0,0)(fillxfill) sim={adjust=nothing forwardNavigation} layoutInDisplayCutoutMode=shortEdges ty=BASE_APPLICATION fmt=TRANSPARENT wanim=0x10302f4
09-07 14:08:16.699 I/ViewRootImpl@5bbe4b0[LauncherActivity]( 2706):   fl=81910100
09-07 14:08:16.699 I/ViewRootImpl@5bbe4b0[LauncherActivity]( 2706):   pfl=1e020040
09-07 14:08:16.699 I/ViewRootImpl@5bbe4b0[LauncherActivity]( 2706):   vsysui=1700
09-07 14:08:16.699 I/ViewRootImpl@5bbe4b0[LauncherActivity]( 2706):   bhv=SHOW_TRANSIENT_BARS_BY_SWIPE
09-07 14:08:16.699 I/ViewRootImpl@5bbe4b0[LauncherActivity]( 2706):   fitSides= screenDimDuration=100000 naviIconColor=0}
09-07 14:08:16.699 I/Layer   ( 1073): id=5667 Destroyed 34b5ece Splash Screen com.multispace.app.multispace_cloner#5667
09-07 14:08:16.700 I/Layer   ( 1073): id=5666 Destroyed ActivityRecord{838faf7 u0 com.multispace.app.multispace_cloner/.MainActivity} t975}#5666
09-07 14:08:16.700 I/ViewRootImpl@5bbe4b0[LauncherActivity]( 2706): performTraversals mFirst=false windowShouldResize=false viewVisibilityChanged=false mForceNextWindowRelayout=false params={(0,0)(fillxfill) sim={adjust=nothing forwardNavigation} layoutInDisplayCutoutMode=shortEdges ty=BASE_APPLICATION fmt=TRANSPARENT wanim=0x10302f4
